Archive member included to satisfy reference by file (symbol)

/home/rinaik/.eclipse/org.eclipse.platform_155965261_linux_gtk_x86_64/plugins/fr.ac6.mcu.externaltools.arm-none.linux64_1.15.0.201708311556/tools/compiler/bin/../lib/gcc/arm-none-eabi/6.3.1/../../../../arm-none-eabi/lib/thumb/v7e-m/fpv4-sp/hard/libc_nano.a(lib_a-exit.o)
                              /home/rinaik/.eclipse/org.eclipse.platform_155965261_linux_gtk_x86_64/plugins/fr.ac6.mcu.externaltools.arm-none.linux64_1.15.0.201708311556/tools/compiler/bin/../lib/gcc/arm-none-eabi/6.3.1/../../../../arm-none-eabi/lib/thumb/v7e-m/fpv4-sp/hard/rdimon-crt0.o (exit)
/home/rinaik/.eclipse/org.eclipse.platform_155965261_linux_gtk_x86_64/plugins/fr.ac6.mcu.externaltools.arm-none.linux64_1.15.0.201708311556/tools/compiler/bin/../lib/gcc/arm-none-eabi/6.3.1/../../../../arm-none-eabi/lib/thumb/v7e-m/fpv4-sp/hard/libc_nano.a(lib_a-impure.o)
                              /home/rinaik/.eclipse/org.eclipse.platform_155965261_linux_gtk_x86_64/plugins/fr.ac6.mcu.externaltools.arm-none.linux64_1.15.0.201708311556/tools/compiler/bin/../lib/gcc/arm-none-eabi/6.3.1/../../../../arm-none-eabi/lib/thumb/v7e-m/fpv4-sp/hard/libc_nano.a(lib_a-exit.o) (_global_impure_ptr)
/home/rinaik/.eclipse/org.eclipse.platform_155965261_linux_gtk_x86_64/plugins/fr.ac6.mcu.externaltools.arm-none.linux64_1.15.0.201708311556/tools/compiler/bin/../lib/gcc/arm-none-eabi/6.3.1/../../../../arm-none-eabi/lib/thumb/v7e-m/fpv4-sp/hard/libc_nano.a(lib_a-init.o)
                              /home/rinaik/.eclipse/org.eclipse.platform_155965261_linux_gtk_x86_64/plugins/fr.ac6.mcu.externaltools.arm-none.linux64_1.15.0.201708311556/tools/compiler/bin/../lib/gcc/arm-none-eabi/6.3.1/../../../../arm-none-eabi/lib/thumb/v7e-m/fpv4-sp/hard/rdimon-crt0.o (__libc_init_array)
/home/rinaik/.eclipse/org.eclipse.platform_155965261_linux_gtk_x86_64/plugins/fr.ac6.mcu.externaltools.arm-none.linux64_1.15.0.201708311556/tools/compiler/bin/../lib/gcc/arm-none-eabi/6.3.1/../../../../arm-none-eabi/lib/thumb/v7e-m/fpv4-sp/hard/libc_nano.a(lib_a-memset.o)
                              /home/rinaik/.eclipse/org.eclipse.platform_155965261_linux_gtk_x86_64/plugins/fr.ac6.mcu.externaltools.arm-none.linux64_1.15.0.201708311556/tools/compiler/bin/../lib/gcc/arm-none-eabi/6.3.1/../../../../arm-none-eabi/lib/thumb/v7e-m/fpv4-sp/hard/rdimon-crt0.o (memset)
/home/rinaik/.eclipse/org.eclipse.platform_155965261_linux_gtk_x86_64/plugins/fr.ac6.mcu.externaltools.arm-none.linux64_1.15.0.201708311556/tools/compiler/bin/../lib/gcc/arm-none-eabi/6.3.1/../../../../arm-none-eabi/lib/thumb/v7e-m/fpv4-sp/hard/libc_nano.a(lib_a-nano-vfprintf_float.o)
                              (_printf_float)
/home/rinaik/.eclipse/org.eclipse.platform_155965261_linux_gtk_x86_64/plugins/fr.ac6.mcu.externaltools.arm-none.linux64_1.15.0.201708311556/tools/compiler/bin/../lib/gcc/arm-none-eabi/6.3.1/../../../../arm-none-eabi/lib/thumb/v7e-m/fpv4-sp/hard/libc_nano.a(lib_a-nano-vfprintf_i.o)
                              /home/rinaik/.eclipse/org.eclipse.platform_155965261_linux_gtk_x86_64/plugins/fr.ac6.mcu.externaltools.arm-none.linux64_1.15.0.201708311556/tools/compiler/bin/../lib/gcc/arm-none-eabi/6.3.1/../../../../arm-none-eabi/lib/thumb/v7e-m/fpv4-sp/hard/libc_nano.a(lib_a-nano-vfprintf_float.o) (_printf_common)
/home/rinaik/.eclipse/org.eclipse.platform_155965261_linux_gtk_x86_64/plugins/fr.ac6.mcu.externaltools.arm-none.linux64_1.15.0.201708311556/tools/compiler/bin/../lib/gcc/arm-none-eabi/6.3.1/../../../../arm-none-eabi/lib/thumb/v7e-m/fpv4-sp/hard/libc_nano.a(lib_a-strlen.o)
                              /home/rinaik/.eclipse/org.eclipse.platform_155965261_linux_gtk_x86_64/plugins/fr.ac6.mcu.externaltools.arm-none.linux64_1.15.0.201708311556/tools/compiler/bin/../lib/gcc/arm-none-eabi/6.3.1/../../../../arm-none-eabi/lib/thumb/v7e-m/fpv4-sp/hard/libc_nano.a(lib_a-nano-vfprintf_float.o) (strlen)
/home/rinaik/.eclipse/org.eclipse.platform_155965261_linux_gtk_x86_64/plugins/fr.ac6.mcu.externaltools.arm-none.linux64_1.15.0.201708311556/tools/compiler/bin/../lib/gcc/arm-none-eabi/6.3.1/../../../../arm-none-eabi/lib/thumb/v7e-m/fpv4-sp/hard/libc_nano.a(lib_a-dtoa.o)
                              /home/rinaik/.eclipse/org.eclipse.platform_155965261_linux_gtk_x86_64/plugins/fr.ac6.mcu.externaltools.arm-none.linux64_1.15.0.201708311556/tools/compiler/bin/../lib/gcc/arm-none-eabi/6.3.1/../../../../arm-none-eabi/lib/thumb/v7e-m/fpv4-sp/hard/libc_nano.a(lib_a-nano-vfprintf_float.o) (_dtoa_r)
/home/rinaik/.eclipse/org.eclipse.platform_155965261_linux_gtk_x86_64/plugins/fr.ac6.mcu.externaltools.arm-none.linux64_1.15.0.201708311556/tools/compiler/bin/../lib/gcc/arm-none-eabi/6.3.1/../../../../arm-none-eabi/lib/thumb/v7e-m/fpv4-sp/hard/libc_nano.a(lib_a-localeconv.o)
[...]
Memory Configuration

Name             Origin             Length             Attributes
RAM              0x0000000020000000 0x0000000000030000 xrw
CCMRAM           0x0000000010000000 0x0000000000010000 rw
FLASH            0x0000000008000000 0x0000000000200000 xr
*default*        0x0000000000000000 0xffffffffffffffff

Linker script and memory map

LOAD /home/rinaik/.eclipse/org.eclipse.platform_155965261_linux_gtk_x86_64/plugins/fr.ac6.mcu.externaltools.arm-none.linux64_1.15.0.201708311556/tools/compiler/bin/../lib/gcc/arm-none-eabi/6.3.1/thumb/v7e-m/fpv4-sp/hard/crti.o
LOAD /home/rinaik/.eclipse/org.eclipse.platform_155965261_linux_gtk_x86_64/plugins/fr.ac6.mcu.externaltools.arm-none.linux64_1.15.0.201708311556/tools/compiler/bin/../lib/gcc/arm-none-eabi/6.3.1/thumb/v7e-m/fpv4-sp/hard/crtbegin.o
LOAD /home/rinaik/.eclipse/org.eclipse.platform_155965261_linux_gtk_x86_64/plugins/fr.ac6.mcu.externaltools.arm-none.linux64_1.15.0.201708311556/tools/compiler/bin/../lib/gcc/arm-none-eabi/6.3.1/../../../../arm-none-eabi/lib/thumb/v7e-m/fpv4-sp/hard/rdimon-crt0.o
LOAD /home/rinaik/.eclipse/org.eclipse.platform_155965261_linux_gtk_x86_64/plugins/fr.ac6.mcu.externaltools.arm-none.linux64_1.15.0.201708311556/tools/compiler/bin/../lib/gcc/arm-none-eabi/6.3.1/../../../../arm-none-eabi/lib/thumb/v7e-m/fpv4-sp/hard/libc_nano.a
LOAD /home/rinaik/.eclipse/org.eclipse.platform_155965261_linux_gtk_x86_64/plugins/fr.ac6.mcu.externaltools.arm-none.linux64_1.15.0.201708311556/tools/compiler/bin/../lib/gcc/arm-none-eabi/6.3.1/../../../../arm-none-eabi/lib/thumb/v7e-m/fpv4-sp/hard/librdimon_nano.a
LOAD /home/rinaik/.eclipse/org.eclipse.platform_155965261_linux_gtk_x86_64/plugins/fr.ac6.mcu.externaltools.arm-none.linux64_1.15.0.201708311556/tools/compiler/bin/../lib/gcc/arm-none-eabi/6.3.1/../../../../arm-none-eabi/lib/thumb/v7e-m/fpv4-sp/hard/libm.a
LOAD Startup/Drivers/BSP/Components/L6470/L6470.o
LOAD Startup/Drivers/BSP/Components/ili9341/ili9341.o
LOAD Startup/Drivers/BSP/Components/stmpe811/stmpe811.o
LOAD Startup/Drivers/BSP/STM32F429I-Discovery/stm32f429i_discovery.o
LOAD Startup/Drivers/BSP/STM32F429I-Discovery/stm32f429i_discovery_io.o
LOAD Startup/Drivers/BSP/STM32F429I-Discovery/stm32f429i_discovery_lcd.o
LOAD Startup/Drivers/BSP/STM32F429I-Discovery/stm32f429i_discovery_sdram.o
LOAD Startup/Drivers/BSP/STM32F429I-Discovery/stm32f429i_discovery_ts.o
LOAD Startup/Drivers/STM32F4xx_HAL_Driver/Src/stm32f4xx_hal.o
LOAD Startup/Drivers/STM32F4xx_HAL_Driver/Src/stm32f4xx_hal_cortex.o
LOAD Startup/Drivers/STM32F4xx_HAL_Driver/Src/stm32f4xx_hal_dma.o
LOAD Startup/Drivers/STM32F4xx_HAL_Driver/Src/stm32f4xx_hal_dma2d.o
LOAD Startup/Drivers/STM32F4xx_HAL_Driver/Src/stm32f4xx_hal_dma_ex.o
LOAD Startup/Drivers/STM32F4xx_HAL_Driver/Src/stm32f4xx_hal_dsi.o
LOAD Startup/Drivers/STM32F4xx_HAL_Driver/Src/stm32f4xx_hal_flash.o
LOAD Startup/Drivers/STM32F4xx_HAL_Driver/Src/stm32f4xx_hal_flash_ex.o
LOAD Startup/Drivers/STM32F4xx_HAL_Driver/Src/stm32f4xx_hal_flash_ramfunc.o
LOAD Startup/Drivers/STM32F4xx_HAL_Driver/Src/stm32f4xx_hal_gpio.o
LOAD Startup/Drivers/STM32F4xx_HAL_Driver/Src/stm32f4xx_hal_hcd.o
LOAD Startup/Drivers/STM32F4xx_HAL_Driver/Src/stm32f4xx_hal_i2c.o
LOAD Startup/Drivers/STM32F4xx_HAL_Driver/Src/stm32f4xx_hal_i2c_ex.o
LOAD Startup/Drivers/STM32F4xx_HAL_Driver/Src/stm32f4xx_hal_ltdc.o
LOAD Startup/Drivers/STM32F4xx_HAL_Driver/Src/stm32f4xx_hal_ltdc_ex.o
LOAD Startup/Drivers/STM32F4xx_HAL_Driver/Src/stm32f4xx_hal_pwr.o
LOAD Startup/Drivers/STM32F4xx_HAL_Driver/Src/stm32f4xx_hal_pwr_ex.o
LOAD Startup/Drivers/STM32F4xx_HAL_Driver/Src/stm32f4xx_hal_rcc.o
LOAD Startup/Drivers/STM32F4xx_HAL_Driver/Src/stm32f4xx_hal_rcc_ex.o
LOAD Startup/Drivers/STM32F4xx_HAL_Driver/Src/stm32f4xx_hal_sdram.o
LOAD Startup/Drivers/STM32F4xx_HAL_Driver/Src/stm32f4xx_hal_spi.o
LOAD Startup/Drivers/STM32F4xx_HAL_Driver/Src/stm32f4xx_hal_tim.o
LOAD Startup/Drivers/STM32F4xx_HAL_Driver/Src/stm32f4xx_hal_tim_ex.o
LOAD Startup/Drivers/STM32F4xx_HAL_Driver/Src/stm32f4xx_hal_uart.o
LOAD Startup/Drivers/STM32F4xx_HAL_Driver/Src/stm32f4xx_ll_fmc.o
LOAD Startup/Drivers/STM32F4xx_HAL_Driver/Src/stm32f4xx_ll_usb.o
LOAD Startup/Middlewares/Third_Party/FreeRTOS/Source/CMSIS_RTOS/cmsis_os.o
LOAD Startup/Middlewares/Third_Party/FreeRTOS/Source/croutine.o
LOAD Startup/Middlewares/Third_Party/FreeRTOS/Source/event_groups.o
LOAD Startup/Middlewares/Third_Party/FreeRTOS/Source/list.o
LOAD Startup/Middlewares/Third_Party/FreeRTOS/Source/portable/GCC/ARM_CM4F/port.o
LOAD Startup/Middlewares/Third_Party/FreeRTOS/Source/portable/MemMang/heap_4.o
LOAD Startup/Middlewares/Third_Party/FreeRTOS/Source/queue.o
LOAD Startup/Middlewares/Third_Party/FreeRTOS/Source/tasks.o
LOAD Startup/Middlewares/Third_Party/FreeRTOS/Source/timers.o
LOAD Startup/Src/freertos.o
LOAD Startup/Src/gui.o
LOAD Startup/Src/main.o
LOAD Startup/Src/params.o
LOAD Startup/Src/startup_stm32f429xx.o
LOAD Startup/Src/stm32f4xx_it.o
LOAD Startup/Src/system_stm32f4xx.o
LOAD Startup/Src/ugui.o
LOAD Startup/Utilities/Fonts/font12.o
LOAD Startup/Utilities/Fonts/font16.o
LOAD Startup/Utilities/Fonts/font20.o
LOAD Startup/Utilities/Fonts/font24.o
LOAD Startup/Utilities/Fonts/font8.o
START GROUP
LOAD /home/rinaik/.eclipse/org.eclipse.platform_155965261_linux_gtk_x86_64/plugins/fr.ac6.mcu.externaltools.arm-none.linux64_1.15.0.201708311556/tools/compiler/bin/../lib/gcc/arm-none-eabi/6.3.1/thumb/v7e-m/fpv4-sp/hard/libgcc.a
LOAD /home/rinaik/.eclipse/org.eclipse.platform_155965261_linux_gtk_x86_64/plugins/fr.ac6.mcu.externaltools.arm-none.linux64_1.15.0.201708311556/tools/compiler/bin/../lib/gcc/arm-none-eabi/6.3.1/../../../../arm-none-eabi/lib/thumb/v7e-m/fpv4-sp/hard/libc_nano.a
END GROUP
START GROUP
LOAD /home/rinaik/.eclipse/org.eclipse.platform_155965261_linux_gtk_x86_64/plugins/fr.ac6.mcu.externaltools.arm-none.linux64_1.15.0.201708311556/tools/compiler/bin/../lib/gcc/arm-none-eabi/6.3.1/thumb/v7e-m/fpv4-sp/hard/libgcc.a
LOAD /home/rinaik/.eclipse/org.eclipse.platform_155965261_linux_gtk_x86_64/plugins/fr.ac6.mcu.externaltools.arm-none.linux64_1.15.0.201708311556/tools/compiler/bin/../lib/gcc/arm-none-eabi/6.3.1/../../../../arm-none-eabi/lib/thumb/v7e-m/fpv4-sp/hard/libc_nano.a
LOAD /home/rinaik/.eclipse/org.eclipse.platform_155965261_linux_gtk_x86_64/plugins/fr.ac6.mcu.externaltools.arm-none.linux64_1.15.0.201708311556/tools/compiler/bin/../lib/gcc/arm-none-eabi/6.3.1/../../../../arm-none-eabi/lib/thumb/v7e-m/fpv4-sp/hard/librdimon_nano.a
END GROUP
START GROUP
LOAD /home/rinaik/.eclipse/org.eclipse.platform_155965261_linux_gtk_x86_64/plugins/fr.ac6.mcu.externaltools.arm-none.linux64_1.15.0.201708311556/tools/compiler/bin/../lib/gcc/arm-none-eabi/6.3.1/thumb/v7e-m/fpv4-sp/hard/libgcc.a
LOAD /home/rinaik/.eclipse/org.eclipse.platform_155965261_linux_gtk_x86_64/plugins/fr.ac6.mcu.externaltools.arm-none.linux64_1.15.0.201708311556/tools/compiler/bin/../lib/gcc/arm-none-eabi/6.3.1/../../../../arm-none-eabi/lib/thumb/v7e-m/fpv4-sp/hard/libc_nano.a
LOAD /home/rinaik/.eclipse/org.eclipse.platform_155965261_linux_gtk_x86_64/plugins/fr.ac6.mcu.externaltools.arm-none.linux64_1.15.0.201708311556/tools/compiler/bin/../lib/gcc/arm-none-eabi/6.3.1/../../../../arm-none-eabi/lib/thumb/v7e-m/fpv4-sp/hard/librdimon_nano.a
END GROUP
LOAD /home/rinaik/.eclipse/org.eclipse.platform_155965261_linux_gtk_x86_64/plugins/fr.ac6.mcu.externaltools.arm-none.linux64_1.15.0.201708311556/tools/compiler/bin/../lib/gcc/arm-none-eabi/6.3.1/thumb/v7e-m/fpv4-sp/hard/crtend.o
LOAD /home/rinaik/.eclipse/org.eclipse.platform_155965261_linux_gtk_x86_64/plugins/fr.ac6.mcu.externaltools.arm-none.linux64_1.15.0.201708311556/tools/compiler/bin/../lib/gcc/arm-none-eabi/6.3.1/thumb/v7e-m/fpv4-sp/hard/crtn.o
                0x0000000020030000                _estack = 0x20030000
                0x0000000000000200                _Min_Heap_Size = 0x200
                0x0000000000000400                _Min_Stack_Size = 0x400

.isr_vector     0x0000000008000000      0x1ac
                0x0000000008000000                . = ALIGN (0x4)
 *(.isr_vector)
 .isr_vector    0x0000000008000000      0x1ac Startup/Src/startup_stm32f429xx.o
                0x0000000008000000                g_pfnVectors
                0x00000000080001ac                . = ALIGN (0x4)

.text           0x00000000080001b0     0x9234
                0x00000000080001b0                . = ALIGN (0x4)
 *(.text)
 .text          0x00000000080001b0       0x6c /home/rinaik/.eclipse/org.eclipse.platform_155965261_linux_gtk_x86_64/plugins/fr.ac6.mcu.externaltools.arm-none.linux64_1.15.0.201708311556/tools/compiler/bin/../lib/gcc/arm-none-eabi/6.3.1/thumb/v7e-m/fpv4-sp/hard/crtbegin.o
 .text          0x000000000800021c       0x10 /home/rinaik/.eclipse/org.eclipse.platform_155965261_linux_gtk_x86_64/plugins/fr.ac6.mcu.externaltools.arm-none.linux64_1.15.0.201708311556/tools/compiler/bin/../lib/gcc/arm-none-eabi/6.3.1/../../../../arm-none-eabi/lib/thumb/v7e-m/fpv4-sp/hard/libc_nano.a(lib_a-strlen.o)
                0x000000000800021c                strlen
 *fill*         0x000000000800022c        0x4 
 .text          0x0000000008000230       0xa0 /home/rinaik/.eclipse/org.eclipse.platform_155965261_linux_gtk_x86_64/plugins/fr.ac6.mcu.externaltools.arm-none.linux64_1.15.0.201708311556/tools/compiler/bin/../lib/gcc/arm-none-eabi/6.3.1/../../../../arm-none-eabi/lib/thumb/v7e-m/fpv4-sp/hard/libc_nano.a(lib_a-memchr.o)
                0x0000000008000230                memchr
 .text          0x00000000080002d0      0x370 /home/rinaik/.eclipse/org.eclipse.platform_155965261_linux_gtk_x86_64/plugins/fr.ac6.mcu.externaltools.arm-none.linux64_1.15.0.201708311556/tools/compiler/bin/../lib/gcc/arm-none-eabi/6.3.1/thumb/v7e-m/fpv4-sp/hard/libgcc.a(_arm_addsubdf3.o)
                0x00000000080002d0                __aeabi_drsub
                0x00000000080002d8                __aeabi_dsub
                0x00000000080002d8                __subdf3
                0x00000000080002dc                __adddf3
                0x00000000080002dc                __aeabi_dadd
                0x0000000008000554                __aeabi_ui2d
                0x0000000008000554                __floatunsidf
                0x0000000008000574                __floatsidf
                0x0000000008000574                __aeabi_i2d
                0x0000000008000598                __extendsfdf2
                0x0000000008000598                __aeabi_f2d
                0x00000000080005d4                __aeabi_ul2d
                0x00000000080005d4                __floatundidf
                0x00000000080005e4                __floatdidf
                0x00000000080005e4                __aeabi_l2d
 .text          0x0000000008000640      0x424 /home/rinaik/.eclipse/org.eclipse.platform_155965261_linux_gtk_x86_64/plugins/fr.ac6.mcu.externaltools.arm-none.linux64_1.15.0.201708311556/tools/compiler/bin/../lib/gcc/arm-none-eabi/6.3.1/thumb/v7e-m/fpv4-sp/hard/libgcc.a(_arm_muldivdf3.o)
                0x0000000008000640                __aeabi_dmul
                0x0000000008000640                __muldf3
                0x0000000008000894                __aeabi_ddiv
                0x0000000008000894                __divdf3
 .text          0x0000000008000a64      0x110 /home/rinaik/.eclipse/org.eclipse.platform_155965261_linux_gtk_x86_64/plugins/fr.ac6.mcu.externaltools.arm-none.linux64_1.15.0.201708311556/tools/compiler/bin/../lib/gcc/arm-none-eabi/6.3.1/thumb/v7e-m/fpv4-sp/hard/libgcc.a(_arm_cmpdf2.o)
                0x0000000008000a64                __gtdf2
                0x0000000008000a64                __gedf2
                0x0000000008000a6c                __ltdf2
                0x0000000008000a6c                __ledf2
                0x0000000008000a74                __cmpdf2
                0x0000000008000a74                __eqdf2
                0x0000000008000a74                __nedf2
                0x0000000008000af0                __aeabi_cdrcmple
                0x0000000008000b00                __aeabi_cdcmple
                0x0000000008000b00                __aeabi_cdcmpeq
                0x0000000008000b10                __aeabi_dcmpeq
                0x0000000008000b24                __aeabi_dcmplt
                0x0000000008000b38                __aeabi_dcmple
                0x0000000008000b4c                __aeabi_dcmpge
                0x0000000008000b60                __aeabi_dcmpgt
 .text          0x0000000008000b74       0x2c /home/rinaik/.eclipse/org.eclipse.platform_155965261_linux_gtk_x86_64/plugins/fr.ac6.mcu.externaltools.arm-none.linux64_1.15.0.201708311556/tools/compiler/bin/../lib/gcc/arm-none-eabi/6.3.1/thumb/v7e-m/fpv4-sp/hard/libgcc.a(_arm_unorddf2.o)
                0x0000000008000b74                __aeabi_dcmpun
                0x0000000008000b74                __unorddf2
 .text          0x0000000008000ba0       0x50 /home/rinaik/.eclipse/org.eclipse.platform_155965261_linux_gtk_x86_64/plugins/fr.ac6.mcu.externaltools.arm-none.linux64_1.15.0.201708311556/tools/compiler/bin/../lib/gcc/arm-none-eabi/6.3.1/thumb/v7e-m/fpv4-sp/hard/libgcc.a(_arm_fixdfsi.o)
                0x0000000008000ba0                __fixdfsi
                0x0000000008000ba0                __aeabi_d2iz
 *(.text*)
 .text.__libc_init_array
                0x0000000008000bf0       0x48 /home/rinaik/.eclipse/org.eclipse.platform_155965261_linux_gtk_x86_64/plugins/fr.ac6.mcu.externaltools.arm-none.linux64_1.15.0.201708311556/tools/compiler/bin/../lib/gcc/arm-none-eabi/6.3.1/../../../../arm-none-eabi/lib/thumb/v7e-m/fpv4-sp/hard/libc_nano.a(lib_a-init.o)
                0x0000000008000bf0                __libc_init_array
 .text.memset   0x0000000008000c38       0x10 /home/rinaik/.eclipse/org.eclipse.platform_155965261_linux_gtk_x86_64/plugins/fr.ac6.mcu.externaltools.arm-none.linux64_1.15.0.201708311556/tools/compiler/bin/../lib/gcc/arm-none-eabi/6.3.1/../../../../arm-none-eabi/lib/thumb/v7e-m/fpv4-sp/hard/libc_nano.a(lib_a-memset.o)
                0x0000000008000c38                memset
 .text.__cvt    0x0000000008000c48       0xc2 /home/rinaik/.eclipse/org.eclipse.platform_155965261_linux_gtk_x86_64/plugins/fr.ac6.mcu.externaltools.arm-none.linux64_1.15.0.201708311556/tools/compiler/bin/../lib/gcc/arm-none-eabi/6.3.1/../../../../arm-none-eabi/lib/thumb/v7e-m/fpv4-sp/hard/libc_nano.a(lib_a-nano-vfprintf_float.o)
                0x0000000008000c48                __cvt
 .text.__exponent
                0x0000000008000d0a       0x6a /home/rinaik/.eclipse/org.eclipse.platform_155965261_linux_gtk_x86_64/plugins/fr.ac6.mcu.externaltools.arm-none.linux64_1.15.0.201708311556/tools/compiler/bin/../lib/gcc/arm-none-eabi/6.3.1/../../../../arm-none-eabi/lib/thumb/v7e-m/fpv4-sp/hard/libc_nano.a(lib_a-nano-vfprintf_float.o)
                0x0000000008000d0a                __exponent
 .text._printf_float
                0x0000000008000d74      0x480 /home/rinaik/.eclipse/org.eclipse.platform_155965261_linux_gtk_x86_64/plugins/fr.ac6.mcu.externaltools.arm-none.linux64_1.15.0.201708311556/tools/compiler/bin/../lib/gcc/arm-none-eabi/6.3.1/../../../../arm-none-eabi/lib/thumb/v7e-m/fpv4-sp/hard/libc_nano.a(lib_a-nano-vfprintf_float.o)
                0x0000000008000d74                _printf_float
 .text._printf_common
                0x00000000080011f4       0xec /home/rinaik/.eclipse/org.eclipse.platform_155965261_linux_gtk_x86_64/plugins/fr.ac6.mcu.externaltools.arm-none.linux64_1.15.0.201708311556/tools/compiler/bin/../lib/gcc/arm-none-eabi/6.3.1/../../../../arm-none-eabi/lib/thumb/v7e-m/fpv4-sp/hard/libc_nano.a(lib_a-nano-vfprintf_i.o)
                0x00000000080011f4                _printf_common
 .text._printf_i
                0x00000000080012e0      0x240 /home/rinaik/.eclipse/org.eclipse.platform_155965261_linux_gtk_x86_64/plugins/fr.ac6.mcu.externaltools.arm-none.linux64_1.15.0.201708311556/tools/compiler/bin/../lib/gcc/arm-none-eabi/6.3.1/../../../../arm-none-eabi/lib/thumb/v7e-m/fpv4-sp/hard/libc_nano.a(lib_a-nano-vfprintf_i.o)
                0x00000000080012e0                _printf_i
 .text.quorem   0x0000000008001520      0x118 /home/rinaik/.eclipse/org.eclipse.platform_155965261_linux_gtk_x86_64/plugins/fr.ac6.mcu.externaltools.arm-none.linux64_1.15.0.201708311556/tools/compiler/bin/../lib/gcc/arm-none-eabi/6.3.1/../../../../arm-none-eabi/lib/thumb/v7e-m/fpv4-sp/hard/libc_nano.a(lib_a-dtoa.o)
 .text._dtoa_r  0x0000000008001638      0xb9c /home/rinaik/.eclipse/org.eclipse.platform_155965261_linux_gtk_x86_64/plugins/fr.ac6.mcu.externaltools.arm-none.linux64_1.15.0.201708311556/tools/compiler/bin/../lib/gcc/arm-none-eabi/6.3.1/../../../../arm-none-eabi/lib/thumb/v7e-m/fpv4-sp/hard/libc_nano.a(lib_a-dtoa.o)
                0x0000000008001638                _dtoa_r
 .text._localeconv_r
                0x00000000080021d4       0x1c /home/rinaik/.eclipse/org.eclipse.platform_155965261_linux_gtk_x86_64/plugins/fr.ac6.mcu.externaltools.arm-none.linux64_1.15.0.201708311556/tools/compiler/bin/../lib/gcc/arm-none-eabi/6.3.1/../../../../arm-none-eabi/lib/thumb/v7e-m/fpv4-sp/hard/libc_nano.a(lib_a-localeconv.o)
                0x00000000080021d4                _localeconv_r
 .text.malloc   0x00000000080021f0       0x10 /home/rinaik/.eclipse/org.eclipse.platform_155965261_linux_gtk_x86_64/plugins/fr.ac6.mcu.externaltools.arm-none.linux64_1.15.0.201708311556/tools/compiler/bin/../lib/gcc/arm-none-eabi/6.3.1/../../../../arm-none-eabi/lib/thumb/v7e-m/fpv4-sp/hard/libc_nano.a(lib_a-malloc.o)
                0x00000000080021f0                malloc
 .text.memcpy   0x0000000008002200       0x16 /home/rinaik/.eclipse/org.eclipse.platform_155965261_linux_gtk_x86_64/plugins/fr.ac6.mcu.externaltools.arm-none.linux64_1.15.0.201708311556/tools/compiler/bin/../lib/gcc/arm-none-eabi/6.3.1/../../../../arm-none-eabi/lib/thumb/v7e-m/fpv4-sp/hard/libc_nano.a(lib_a-memcpy-stub.o)
                0x0000000008002200                memcpy
 .text._Balloc  0x0000000008002216       0x68 /home/rinaik/.eclipse/org.eclipse.platform_155965261_linux_gtk_x86_64/plugins/fr.ac6.mcu.externaltools.arm-none.linux64_1.15.0.201708311556/tools/compiler/bin/../lib/gcc/arm-none-eabi/6.3.1/../../../../arm-none-eabi/lib/thumb/v7e-m/fpv4-sp/hard/libc_nano.a(lib_a-mprec.o)
                0x0000000008002216                _Balloc
 .text._Bfree   0x000000000800227e       0x2e /home/rinaik/.eclipse/org.eclipse.platform_155965261_linux_gtk_x86_64/plugins/fr.ac6.mcu.externaltools.arm-none.linux64_1.15.0.201708311556/tools/compiler/bin/../lib/gcc/arm-none-eabi/6.3.1/../../../../arm-none-eabi/lib/thumb/v7e-m/fpv4-sp/hard/libc_nano.a(lib_a-mprec.o)
                0x000000000800227e                _Bfree
 .text.__multadd
                0x00000000080022ac       0x76 /home/rinaik/.eclipse/org.eclipse.platform_155965261_linux_gtk_x86_64/plugins/fr.ac6.mcu.externaltools.arm-none.linux64_1.15.0.201708311556/tools/compiler/bin/../lib/gcc/arm-none-eabi/6.3.1/../../../../arm-none-eabi/lib/thumb/v7e-m/fpv4-sp/hard/libc_nano.a(lib_a-mprec.o)
                0x00000000080022ac                __multadd
 .text.__hi0bits
                0x0000000008002322       0x3e /home/rinaik/.eclipse/org.eclipse.platform_155965261_linux_gtk_x86_64/plugins/fr.ac6.mcu.externaltools.arm-none.linux64_1.15.0.201708311556/tools/compiler/bin/../lib/gcc/arm-none-eabi/6.3.1/../../../../arm-none-eabi/lib/thumb/v7e-m/fpv4-sp/hard/libc_nano.a(lib_a-mprec.o)
                0x0000000008002322                __hi0bits
 .text.__lo0bits
                0x0000000008002360       0x5e /home/rinaik/.eclipse/org.eclipse.platform_155965261_linux_gtk_x86_64/plugins/fr.ac6.mcu.externaltools.arm-none.linux64_1.15.0.201708311556/tools/compiler/bin/../lib/gcc/arm-none-eabi/6.3.1/../../../../arm-none-eabi/lib/thumb/v7e-m/fpv4-sp/hard/libc_nano.a(lib_a-mprec.o)
                0x0000000008002360                __lo0bits
 .text.__i2b    0x00000000080023be       0x12 /home/rinaik/.eclipse/org.eclipse.platform_155965261_linux_gtk_x86_64/plugins/fr.ac6.mcu.externaltools.arm-none.linux64_1.15.0.201708311556/tools/compiler/bin/../lib/gcc/arm-none-eabi/6.3.1/../../../../arm-none-eabi/lib/thumb/v7e-m/fpv4-sp/hard/libc_nano.a(lib_a-mprec.o)
                0x00000000080023be                __i2b
 .text.__multiply
                0x00000000080023d0      0x11a /home/rinaik/.eclipse/org.eclipse.platform_155965261_linux_gtk_x86_64/plugins/fr.ac6.mcu.externaltools.arm-none.linux64_1.15.0.201708311556/tools/compiler/bin/../lib/gcc/arm-none-eabi/6.3.1/../../../../arm-none-eabi/lib/thumb/v7e-m/fpv4-sp/hard/libc_nano.a(lib_a-mprec.o)
                0x00000000080023d0                __multiply
 *fill*         0x00000000080024ea        0x2 
 .text.__pow5mult
                0x00000000080024ec       0x9c /home/rinaik/.eclipse/org.eclipse.platform_155965261_linux_gtk_x86_64/plugins/fr.ac6.mcu.externaltools.arm-none.linux64_1.15.0.201708311556/tools/compiler/bin/../lib/gcc/arm-none-eabi/6.3.1/../../../../arm-none-eabi/lib/thumb/v7e-m/fpv4-sp/hard/libc_nano.a(lib_a-mprec.o)
                0x00000000080024ec                __pow5mult
 .text.__lshift
                0x0000000008002588       0xa2 /home/rinaik/.eclipse/org.eclipse.platform_155965261_linux_gtk_x86_64/plugins/fr.ac6.mcu.externaltools.arm-none.linux64_1.15.0.201708311556/tools/compiler/bin/../lib/gcc/arm-none-eabi/6.3.1/../../../../arm-none-eabi/lib/thumb/v7e-m/fpv4-sp/hard/libc_nano.a(lib_a-mprec.o)
                0x0000000008002588                __lshift
 .text.__mcmp   0x000000000800262a       0x34 /home/rinaik/.eclipse/org.eclipse.platform_155965261_linux_gtk_x86_64/plugins/fr.ac6.mcu.externaltools.arm-none.linux64_1.15.0.201708311556/tools/compiler/bin/../lib/gcc/arm-none-eabi/6.3.1/../../../../arm-none-eabi/lib/thumb/v7e-m/fpv4-sp/hard/libc_nano.a(lib_a-mprec.o)
                0x000000000800262a                __mcmp
 .text.__mdiff  0x000000000800265e       0xbc /home/rinaik/.eclipse/org.eclipse.platform_155965261_linux_gtk_x86_64/plugins/fr.ac6.mcu.externaltools.arm-none.linux64_1.15.0.201708311556/tools/compiler/bin/../lib/gcc/arm-none-eabi/6.3.1/../../../../arm-none-eabi/lib/thumb/v7e-m/fpv4-sp/hard/libc_nano.a(lib_a-mprec.o)
                0x000000000800265e                __mdiff
 .text.__d2b    0x000000000800271a       0x9e /home/rinaik/.eclipse/org.eclipse.platform_155965261_linux_gtk_x86_64/plugins/fr.ac6.mcu.externaltools.arm-none.linux64_1.15.0.201708311556/tools/compiler/bin/../lib/gcc/arm-none-eabi/6.3.1/../../../../arm-none-eabi/lib/thumb/v7e-m/fpv4-sp/hard/libc_nano.a(lib_a-mprec.o)
                0x000000000800271a                __d2b
 .text._calloc_r
                0x00000000080027b8       0x1c /home/rinaik/.eclipse/org.eclipse.platform_155965261_linux_gtk_x86_64/plugins/fr.ac6.mcu.externaltools.arm-none.linux64_1.15.0.201708311556/tools/compiler/bin/../lib/gcc/arm-none-eabi/6.3.1/../../../../arm-none-eabi/lib/thumb/v7e-m/fpv4-sp/hard/libc_nano.a(lib_a-nano-callocr.o)
                0x00000000080027b8                _calloc_r
 .text._free_r  0x00000000080027d4       0x9c /home/rinaik/.eclipse/org.eclipse.platform_155965261_linux_gtk_x86_64/plugins/fr.ac6.mcu.externaltools.arm-none.linux64_1.15.0.201708311556/tools/compiler/bin/../lib/gcc/arm-none-eabi/6.3.1/../../../../arm-none-eabi/lib/thumb/v7e-m/fpv4-sp/hard/libc_nano.a(lib_a-nano-freer.o)
                0x00000000080027d4                _free_r
 .text._malloc_r
                0x0000000008002870       0xbc /home/rinaik/.eclipse/org.eclipse.platform_155965261_linux_gtk_x86_64/plugins/fr.ac6.mcu.externaltools.arm-none.linux64_1.15.0.201708311556/tools/compiler/bin/../lib/gcc/arm-none-eabi/6.3.1/../../../../arm-none-eabi/lib/thumb/v7e-m/fpv4-sp/hard/libc_nano.a(lib_a-nano-mallocr.o)
                0x0000000008002870                _malloc_r
 .text._sbrk_r  0x000000000800292c       0x20 /home/rinaik/.eclipse/org.eclipse.platform_155965261_linux_gtk_x86_64/plugins/fr.ac6.mcu.externaltools.arm-none.linux64_1.15.0.201708311556/tools/compiler/bin/../lib/gcc/arm-none-eabi/6.3.1/../../../../arm-none-eabi/lib/thumb/v7e-m/fpv4-sp/hard/libc_nano.a(lib_a-sbrkr.o)
                0x000000000800292c                _sbrk_r
 .text.__ascii_mbtowc
                0x000000000800294c       0x24 /home/rinaik/.eclipse/org.eclipse.platform_155965261_linux_gtk_x86_64/plugins/fr.ac6.mcu.externaltools.arm-none.linux64_1.15.0.201708311556/tools/compiler/bin/../lib/gcc/arm-none-eabi/6.3.1/../../../../arm-none-eabi/lib/thumb/v7e-m/fpv4-sp/hard/libc_nano.a(lib_a-mbtowc_r.o)
                0x000000000800294c                __ascii_mbtowc
 .text.__malloc_lock
                0x0000000008002970        0x2 /home/rinaik/.eclipse/org.eclipse.platform_155965261_linux_gtk_x86_64/plugins/fr.ac6.mcu.externaltools.arm-none.linux64_1.15.0.201708311556/tools/compiler/bin/../lib/gcc/arm-none-eabi/6.3.1/../../../../arm-none-eabi/lib/thumb/v7e-m/fpv4-sp/hard/libc_nano.a(lib_a-mlock.o)
                0x0000000008002970                __malloc_lock
 .text.__malloc_unlock
                0x0000000008002972        0x2 /home/rinaik/.eclipse/org.eclipse.platform_155965261_linux_gtk_x86_64/plugins/fr.ac6.mcu.externaltools.arm-none.linux64_1.15.0.201708311556/tools/compiler/bin/../lib/gcc/arm-none-eabi/6.3.1/../../../../arm-none-eabi/lib/thumb/v7e-m/fpv4-sp/hard/libc_nano.a(lib_a-mlock.o)
                0x0000000008002972                __malloc_unlock
 .text.__ascii_wctomb
                0x0000000008002974       0x1a /home/rinaik/.eclipse/org.eclipse.platform_155965261_linux_gtk_x86_64/plugins/fr.ac6.mcu.externaltools.arm-none.linux64_1.15.0.201708311556/tools/compiler/bin/../lib/gcc/arm-none-eabi/6.3.1/../../../../arm-none-eabi/lib/thumb/v7e-m/fpv4-sp/hard/libc_nano.a(lib_a-wctomb_r.o)
                0x0000000008002974                __ascii_wctomb
 *fill*         0x000000000800298e        0x2 
 .text.findslot
                0x0000000008002990       0x34 /home/rinaik/.eclipse/org.eclipse.platform_155965261_linux_gtk_x86_64/plugins/fr.ac6.mcu.externaltools.arm-none.linux64_1.15.0.201708311556/tools/compiler/bin/../lib/gcc/arm-none-eabi/6.3.1/../../../../arm-none-eabi/lib/thumb/v7e-m/fpv4-sp/hard/librdimon_nano.a(rdimon-syscalls.o)
 .text.checkerror
                0x00000000080029c4       0x20 /home/rinaik/.eclipse/org.eclipse.platform_155965261_linux_gtk_x86_64/plugins/fr.ac6.mcu.externaltools.arm-none.linux64_1.15.0.201708311556/tools/compiler/bin/../lib/gcc/arm-none-eabi/6.3.1/../../../../arm-none-eabi/lib/thumb/v7e-m/fpv4-sp/hard/librdimon_nano.a(rdimon-syscalls.o)
 .text.error    0x00000000080029e4       0x1c /home/rinaik/.eclipse/org.eclipse.platform_155965261_linux_gtk_x86_64/plugins/fr.ac6.mcu.externaltools.arm-none.linux64_1.15.0.201708311556/tools/compiler/bin/../lib/gcc/arm-none-eabi/6.3.1/../../../../arm-none-eabi/lib/thumb/v7e-m/fpv4-sp/hard/librdimon_nano.a(rdimon-syscalls.o)
 .text.initialise_monitor_handles
                0x0000000008002a00       0xa4 /home/rinaik/.eclipse/org.eclipse.platform_155965261_linux_gtk_x86_64/plugins/fr.ac6.mcu.externaltools.arm-none.linux64_1.15.0.201708311556/tools/compiler/bin/../lib/gcc/arm-none-eabi/6.3.1/../../../../arm-none-eabi/lib/thumb/v7e-m/fpv4-sp/hard/librdimon_nano.a(rdimon-syscalls.o)
                0x0000000008002a00                initialise_monitor_handles
 .text._swiread
                0x0000000008002aa4       0x20 /home/rinaik/.eclipse/org.eclipse.platform_155965261_linux_gtk_x86_64/plugins/fr.ac6.mcu.externaltools.arm-none.linux64_1.15.0.201708311556/tools/compiler/bin/../lib/gcc/arm-none-eabi/6.3.1/../../../../arm-none-eabi/lib/thumb/v7e-m/fpv4-sp/hard/librdimon_nano.a(rdimon-syscalls.o)
                0x0000000008002aa4                _swiread
 .text._read    0x0000000008002ac4       0x34 /home/rinaik/.eclipse/org.eclipse.platform_155965261_linux_gtk_x86_64/plugins/fr.ac6.mcu.externaltools.arm-none.linux64_1.15.0.201708311556/tools/compiler/bin/../lib/gcc/arm-none-eabi/6.3.1/../../../../arm-none-eabi/lib/thumb/v7e-m/fpv4-sp/hard/librdimon_nano.a(rdimon-syscalls.o)
                0x0000000008002ac4                _read
 .text._swilseek
                0x0000000008002af8       0x7a /home/rinaik/.eclipse/org.eclipse.platform_155965261_linux_gtk_x86_64/plugins/fr.ac6.mcu.externaltools.arm-none.linux64_1.15.0.201708311556/tools/compiler/bin/../lib/gcc/arm-none-eabi/6.3.1/../../../../arm-none-eabi/lib/thumb/v7e-m/fpv4-sp/hard/librdimon_nano.a(rdimon-syscalls.o)
                0x0000000008002af8                _swilseek
 .text._lseek   0x0000000008002b72        0x4 /home/rinaik/.eclipse/org.eclipse.platform_155965261_linux_gtk_x86_64/plugins/fr.ac6.mcu.externaltools.arm-none.linux64_1.15.0.201708311556/tools/compiler/bin/../lib/gcc/arm-none-eabi/6.3.1/../../../../arm-none-eabi/lib/thumb/v7e-m/fpv4-sp/hard/librdimon_nano.a(rdimon-syscalls.o)
                0x0000000008002b72                _lseek
 .text._swiwrite
                0x0000000008002b76       0x20 /home/rinaik/.eclipse/org.eclipse.platform_155965261_linux_gtk_x86_64/plugins/fr.ac6.mcu.externaltools.arm-none.linux64_1.15.0.201708311556/tools/compiler/bin/../lib/gcc/arm-none-eabi/6.3.1/../../../../arm-none-eabi/lib/thumb/v7e-m/fpv4-sp/hard/librdimon_nano.a(rdimon-syscalls.o)
                0x0000000008002b76                _swiwrite
 .text._write   0x0000000008002b96       0x40 /home/rinaik/.eclipse/org.eclipse.platform_155965261_linux_gtk_x86_64/plugins/fr.ac6.mcu.externaltools.arm-none.linux64_1.15.0.201708311556/tools/compiler/bin/../lib/gcc/arm-none-eabi/6.3.1/../../../../arm-none-eabi/lib/thumb/v7e-m/fpv4-sp/hard/librdimon_nano.a(rdimon-syscalls.o)
                0x0000000008002b96                _write
 .text._swiclose
                0x0000000008002bd6       0x1c /home/rinaik/.eclipse/org.eclipse.platform_155965261_linux_gtk_x86_64/plugins/fr.ac6.mcu.externaltools.arm-none.linux64_1.15.0.201708311556/tools/compiler/bin/../lib/gcc/arm-none-eabi/6.3.1/../../../../arm-none-eabi/lib/thumb/v7e-m/fpv4-sp/hard/librdimon_nano.a(rdimon-syscalls.o)
                0x0000000008002bd6                _swiclose
 *fill*         0x0000000008002bf2        0x2 
 .text._close   0x0000000008002bf4       0x48 /home/rinaik/.eclipse/org.eclipse.platform_155965261_linux_gtk_x86_64/plugins/fr.ac6.mcu.externaltools.arm-none.linux64_1.15.0.201708311556/tools/compiler/bin/../lib/gcc/arm-none-eabi/6.3.1/../../../../arm-none-eabi/lib/thumb/v7e-m/fpv4-sp/hard/librdimon_nano.a(rdimon-syscalls.o)
                0x0000000008002bf4                _close
 .text._sbrk    0x0000000008002c3c       0x48 /home/rinaik/.eclipse/org.eclipse.platform_155965261_linux_gtk_x86_64/plugins/fr.ac6.mcu.externaltools.arm-none.linux64_1.15.0.201708311556/tools/compiler/bin/../lib/gcc/arm-none-eabi/6.3.1/../../../../arm-none-eabi/lib/thumb/v7e-m/fpv4-sp/hard/librdimon_nano.a(rdimon-syscalls.o)
                0x0000000008002c3c                _sbrk
 .text._swistat
                0x0000000008002c84       0x42 /home/rinaik/.eclipse/org.eclipse.platform_155965261_linux_gtk_x86_64/plugins/fr.ac6.mcu.externaltools.arm-none.linux64_1.15.0.201708311556/tools/compiler/bin/../lib/gcc/arm-none-eabi/6.3.1/../../../../arm-none-eabi/lib/thumb/v7e-m/fpv4-sp/hard/librdimon_nano.a(rdimon-syscalls.o)
                0x0000000008002c84                _swistat
 .text._fstat   0x0000000008002cc6       0x1c /home/rinaik/.eclipse/org.eclipse.platform_155965261_linux_gtk_x86_64/plugins/fr.ac6.mcu.externaltools.arm-none.linux64_1.15.0.201708311556/tools/compiler/bin/../lib/gcc/arm-none-eabi/6.3.1/../../../../arm-none-eabi/lib/thumb/v7e-m/fpv4-sp/hard/librdimon_nano.a(rdimon-syscalls.o)
                0x0000000008002cc6                _fstat
 .text._isatty  0x0000000008002ce2       0x38 /home/rinaik/.eclipse/org.eclipse.platform_155965261_linux_gtk_x86_64/plugins/fr.ac6.mcu.externaltools.arm-none.linux64_1.15.0.201708311556/tools/compiler/bin/../lib/gcc/arm-none-eabi/6.3.1/../../../../arm-none-eabi/lib/thumb/v7e-m/fpv4-sp/hard/librdimon_nano.a(rdimon-syscalls.o)
                0x0000000008002ce2                _isatty
 .text.L6470_ResetAppCmdPkg
                0x0000000008002d1a       0x14 Startup/Drivers/BSP/Components/L6470/L6470.o
                0x0000000008002d1a                L6470_ResetAppCmdPkg
 *fill*         0x0000000008002d2e        0x2 
 .text.L6470_PrepareAppCmdPkg
                0x0000000008002d30       0x2c Startup/Drivers/BSP/Components/L6470/L6470.o
                0x0000000008002d30                L6470_PrepareAppCmdPkg
 .text.L6470_PrepareDaisyChainCommand
                0x0000000008002d5c      0x150 Startup/Drivers/BSP/Components/L6470/L6470.o
                0x0000000008002d5c                L6470_PrepareDaisyChainCommand
 .text.L6470_DaisyChainCommand
                0x0000000008002eac       0x5c Startup/Drivers/BSP/Components/L6470/L6470.o
                0x0000000008002eac                L6470_DaisyChainCommand
 .text.L6470_ExtractReturnedData
                0x0000000008002f08       0x28 Startup/Drivers/BSP/Components/L6470/L6470.o
                0x0000000008002f08                L6470_ExtractReturnedData
 .text.L6470_GetStatus
                0x0000000008002f30       0x44 Startup/Drivers/BSP/Components/L6470/L6470.o
                0x0000000008002f30                L6470_GetStatus
 .text.ili9341_GetLcdPixelWidth
                0x0000000008002f74        0x4 Startup/Drivers/BSP/Components/ili9341/ili9341.o
                0x0000000008002f74                ili9341_GetLcdPixelWidth
 .text.ili9341_GetLcdPixelHeight
                0x0000000008002f78        0x6 Startup/Drivers/BSP/Components/ili9341/ili9341.o
                0x0000000008002f78                ili9341_GetLcdPixelHeight
 .text.ili9341_DisplayOn
                0x0000000008002f7e        0x6 Startup/Drivers/BSP/Components/ili9341/ili9341.o
                0x0000000008002f7e                ili9341_DisplayOn
 .text.ili9341_DisplayOff
                0x0000000008002f84        0x6 Startup/Drivers/BSP/Components/ili9341/ili9341.o
                0x0000000008002f84                ili9341_DisplayOff
 .text.ili9341_Init
                0x0000000008002f8a      0x292 Startup/Drivers/BSP/Components/ili9341/ili9341.o
                0x0000000008002f8a                ili9341_Init
 .text.ili9341_ReadID
                0x000000000800321c       0x12 Startup/Drivers/BSP/Components/ili9341/ili9341.o
                0x000000000800321c                ili9341_ReadID
 .text.stmpe811_Reset
                0x000000000800322e       0x28 Startup/Drivers/BSP/Components/stmpe811/stmpe811.o
                0x000000000800322e                stmpe811_Reset
 .text.stmpe811_ReadID
                0x0000000008003256       0x24 Startup/Drivers/BSP/Components/stmpe811/stmpe811.o
                0x0000000008003256                stmpe811_ReadID
 .text.stmpe811_TS_DetectTouch
                0x000000000800327a       0x38 Startup/Drivers/BSP/Components/stmpe811/stmpe811.o
                0x000000000800327a                stmpe811_TS_DetectTouch
 .text.stmpe811_TS_GetXY
                0x00000000080032b2       0x3c Startup/Drivers/BSP/Components/stmpe811/stmpe811.o
                0x00000000080032b2                stmpe811_TS_GetXY
 *fill*         0x00000000080032ee        0x2 
 .text.stmpe811_Init
                0x00000000080032f0       0x34 Startup/Drivers/BSP/Components/stmpe811/stmpe811.o
                0x00000000080032f0                stmpe811_Init
 .text.stmpe811_EnableGlobalIT
                0x0000000008003324       0x1e Startup/Drivers/BSP/Components/stmpe811/stmpe811.o
                0x0000000008003324                stmpe811_EnableGlobalIT
 .text.stmpe811_DisableGlobalIT
                0x0000000008003342       0x1c Startup/Drivers/BSP/Components/stmpe811/stmpe811.o
                0x0000000008003342                stmpe811_DisableGlobalIT
 .text.stmpe811_EnableITSource
                0x000000000800335e       0x20 Startup/Drivers/BSP/Components/stmpe811/stmpe811.o
                0x000000000800335e                stmpe811_EnableITSource
 .text.stmpe811_TS_EnableIT
                0x000000000800337e       0x1a Startup/Drivers/BSP/Components/stmpe811/stmpe811.o
                0x000000000800337e                stmpe811_TS_EnableIT
 .text.stmpe811_DisableITSource
                0x0000000008003398       0x20 Startup/Drivers/BSP/Components/stmpe811/stmpe811.o
                0x0000000008003398                stmpe811_DisableITSource
 .text.stmpe811_TS_DisableIT
                0x00000000080033b8       0x14 Startup/Drivers/BSP/Components/stmpe811/stmpe811.o
                0x00000000080033b8                stmpe811_TS_DisableIT
 .text.stmpe811_ReadGITStatus
                0x00000000080033cc       0x10 Startup/Drivers/BSP/Components/stmpe811/stmpe811.o
                0x00000000080033cc                stmpe811_ReadGITStatus
 .text.stmpe811_TS_ITStatus
                0x00000000080033dc        0x6 Startup/Drivers/BSP/Components/stmpe811/stmpe811.o
                0x00000000080033dc                stmpe811_TS_ITStatus
 .text.stmpe811_ClearGlobalIT
                0x00000000080033e2        0xa Startup/Drivers/BSP/Components/stmpe811/stmpe811.o
                0x00000000080033e2                stmpe811_ClearGlobalIT
 .text.stmpe811_TS_ClearIT
                0x00000000080033ec        0x6 Startup/Drivers/BSP/Components/stmpe811/stmpe811.o
                0x00000000080033ec                stmpe811_TS_ClearIT
 .text.stmpe811_IO_EnableAF
                0x00000000080033f2       0x20 Startup/Drivers/BSP/Components/stmpe811/stmpe811.o
                0x00000000080033f2                stmpe811_IO_EnableAF
 .text.stmpe811_TS_Start
                0x0000000008003412       0xa4 Startup/Drivers/BSP/Components/stmpe811/stmpe811.o
                0x0000000008003412                stmpe811_TS_Start
 *fill*         0x00000000080034b6        0x2 
 .text.SPIx_Init
                0x00000000080034b8       0x98 Startup/Drivers/BSP/STM32F429I-Discovery/stm32f429i_discovery.o
 .text.I2Cx_Init
                0x0000000008003550       0xe8 Startup/Drivers/BSP/STM32F429I-Discovery/stm32f429i_discovery.o
 .text.I2Cx_Error
                0x0000000008003638       0x14 Startup/Drivers/BSP/STM32F429I-Discovery/stm32f429i_discovery.o
 .text.SPIx_Write
                0x000000000800364c       0x30 Startup/Drivers/BSP/STM32F429I-Discovery/stm32f429i_discovery.o
 .text.LCD_IO_Init
                0x000000000800367c       0xb8 Startup/Drivers/BSP/STM32F429I-Discovery/stm32f429i_discovery.o
                0x000000000800367c                LCD_IO_Init
 .text.LCD_IO_WriteData
                0x0000000008003734       0x38 Startup/Drivers/BSP/STM32F429I-Discovery/stm32f429i_discovery.o
                0x0000000008003734                LCD_IO_WriteData
 .text.LCD_IO_WriteReg
                0x000000000800376c       0x38 Startup/Drivers/BSP/STM32F429I-Discovery/stm32f429i_discovery.o
                0x000000000800376c                LCD_IO_WriteReg
 .text.LCD_IO_ReadData
                0x00000000080037a4       0x6c Startup/Drivers/BSP/STM32F429I-Discovery/stm32f429i_discovery.o
                0x00000000080037a4                LCD_IO_ReadData
 .text.LCD_Delay
                0x0000000008003810        0x2 Startup/Drivers/BSP/STM32F429I-Discovery/stm32f429i_discovery.o
                0x0000000008003810                LCD_Delay
 .text.IOE_Init
                0x0000000008003812        0x4 Startup/Drivers/BSP/STM32F429I-Discovery/stm32f429i_discovery.o
                0x0000000008003812                IOE_Init
 *fill*         0x0000000008003816        0x2 
 .text.IOE_ITConfig
                0x0000000008003818       0x54 Startup/Drivers/BSP/STM32F429I-Discovery/stm32f429i_discovery.o
                0x0000000008003818                IOE_ITConfig
 .text.IOE_Write
                0x000000000800386c       0x34 Startup/Drivers/BSP/STM32F429I-Discovery/stm32f429i_discovery.o
                0x000000000800386c                IOE_Write
 .text.IOE_Read
                0x00000000080038a0       0x38 Startup/Drivers/BSP/STM32F429I-Discovery/stm32f429i_discovery.o
                0x00000000080038a0                IOE_Read
 .text.IOE_ReadMultiple
                0x00000000080038d8       0x2c Startup/Drivers/BSP/STM32F429I-Discovery/stm32f429i_discovery.o
                0x00000000080038d8                IOE_ReadMultiple
 .text.IOE_Delay
                0x0000000008003904        0x2 Startup/Drivers/BSP/STM32F429I-Discovery/stm32f429i_discovery.o
                0x0000000008003904                IOE_Delay
 *fill*         0x0000000008003906        0x2 
 .text.BSP_LCD_GetXSize
                0x0000000008003908       0x10 Startup/Drivers/BSP/STM32F429I-Discovery/stm32f429i_discovery_lcd.o
                0x0000000008003908                BSP_LCD_GetXSize
 .text.BSP_LCD_GetYSize
                0x0000000008003918       0x10 Startup/Drivers/BSP/STM32F429I-Discovery/stm32f429i_discovery_lcd.o
                0x0000000008003918                BSP_LCD_GetYSize
 .text.BSP_LCD_LayerDefaultInit
                0x0000000008003928       0x80 Startup/Drivers/BSP/STM32F429I-Discovery/stm32f429i_discovery_lcd.o
                0x0000000008003928                BSP_LCD_LayerDefaultInit
 .text.BSP_LCD_SelectLayer
                0x00000000080039a8        0xc Startup/Drivers/BSP/STM32F429I-Discovery/stm32f429i_discovery_lcd.o
                0x00000000080039a8                BSP_LCD_SelectLayer
 .text.BSP_LCD_DisplayOn
                0x00000000080039b4       0x10 Startup/Drivers/BSP/STM32F429I-Discovery/stm32f429i_discovery_lcd.o
                0x00000000080039b4                BSP_LCD_DisplayOn
 .text.BSP_LCD_MspInit
                0x00000000080039c4      0x148 Startup/Drivers/BSP/STM32F429I-Discovery/stm32f429i_discovery_lcd.o
                0x00000000080039c4                BSP_LCD_MspInit
 .text.BSP_LCD_Init
                0x0000000008003b0c       0xac Startup/Drivers/BSP/STM32F429I-Discovery/stm32f429i_discovery_lcd.o
                0x0000000008003b0c                BSP_LCD_Init
 .text.BSP_LCD_DrawPixel
                0x0000000008003bb8       0x2c Startup/Drivers/BSP/STM32F429I-Discovery/stm32f429i_discovery_lcd.o
                0x0000000008003bb8                BSP_LCD_DrawPixel
 .text.BSP_SDRAM_Initialization_sequence
                0x0000000008003be4       0x98 Startup/Drivers/BSP/STM32F429I-Discovery/stm32f429i_discovery_sdram.o
                0x0000000008003be4                BSP_SDRAM_Initialization_sequence
 .text.BSP_SDRAM_MspInit
                0x0000000008003c7c      0x190 Startup/Drivers/BSP/STM32F429I-Discovery/stm32f429i_discovery_sdram.o
                0x0000000008003c7c                BSP_SDRAM_MspInit
 .text.BSP_SDRAM_Init
                0x0000000008003e0c       0x7c Startup/Drivers/BSP/STM32F429I-Discovery/stm32f429i_discovery_sdram.o
                0x0000000008003e0c                BSP_SDRAM_Init
 .text.BSP_TS_Init
                0x0000000008003e88       0x44 Startup/Drivers/BSP/STM32F429I-Discovery/stm32f429i_discovery_ts.o
                0x0000000008003e88                BSP_TS_Init
 .text.HAL_InitTick
                0x0000000008003ecc       0x28 Startup/Drivers/STM32F4xx_HAL_Driver/Src/stm32f4xx_hal.o
                0x0000000008003ecc                HAL_InitTick
 .text.HAL_IncTick
                0x0000000008003ef4       0x10 Startup/Drivers/STM32F4xx_HAL_Driver/Src/stm32f4xx_hal.o
                0x0000000008003ef4                HAL_IncTick
 .text.HAL_GetTick
                0x0000000008003f04        0xc Startup/Drivers/STM32F4xx_HAL_Driver/Src/stm32f4xx_hal.o
                0x0000000008003f04                HAL_GetTick
 .text.HAL_NVIC_SetPriority
                0x0000000008003f10       0x68 Startup/Drivers/STM32F4xx_HAL_Driver/Src/stm32f4xx_hal_cortex.o
                0x0000000008003f10                HAL_NVIC_SetPriority
 .text.HAL_NVIC_EnableIRQ
                0x0000000008003f78       0x18 Startup/Drivers/STM32F4xx_HAL_Driver/Src/stm32f4xx_hal_cortex.o
                0x0000000008003f78                HAL_NVIC_EnableIRQ
 .text.HAL_SYSTICK_Config
                0x0000000008003f90       0x2c Startup/Drivers/STM32F4xx_HAL_Driver/Src/stm32f4xx_hal_cortex.o
                0x0000000008003f90                HAL_SYSTICK_Config
 .text.HAL_SYSTICK_CLKSourceConfig
                0x0000000008003fbc       0x18 Startup/Drivers/STM32F4xx_HAL_Driver/Src/stm32f4xx_hal_cortex.o
                0x0000000008003fbc                HAL_SYSTICK_CLKSourceConfig
 .text.DMA_CalcBaseAndBitshift
                0x0000000008003fd4       0x2c Startup/Drivers/STM32F4xx_HAL_Driver/Src/stm32f4xx_hal_dma.o
 .text.HAL_DMA_Init
                0x0000000008004000       0xfc Startup/Drivers/STM32F4xx_HAL_Driver/Src/stm32f4xx_hal_dma.o
                0x0000000008004000                HAL_DMA_Init
 .text.HAL_DMA_DeInit
                0x00000000080040fc       0x48 Startup/Drivers/STM32F4xx_HAL_Driver/Src/stm32f4xx_hal_dma.o
                0x00000000080040fc                HAL_DMA_DeInit
 .text.HAL_GPIO_Init
                0x0000000008004144      0x1d8 Startup/Drivers/STM32F4xx_HAL_Driver/Src/stm32f4xx_hal_gpio.o
                0x0000000008004144                HAL_GPIO_Init
 .text.HAL_GPIO_WritePin
                0x000000000800431c        0xa Startup/Drivers/STM32F4xx_HAL_Driver/Src/stm32f4xx_hal_gpio.o
                0x000000000800431c                HAL_GPIO_WritePin
 *fill*         0x0000000008004326        0x2 
 .text.HAL_GPIO_TogglePin
                0x0000000008004328       0x20 Startup/Drivers/STM32F4xx_HAL_Driver/Src/stm32f4xx_hal_gpio.o
                0x0000000008004328                HAL_GPIO_TogglePin
 .text.I2C_IsAcknowledgeFailed
                0x0000000008004348       0x2a Startup/Drivers/STM32F4xx_HAL_Driver/Src/stm32f4xx_hal_i2c.o
 .text.I2C_WaitOnMasterAddressFlagUntilTimeout
                0x0000000008004372       0x80 Startup/Drivers/STM32F4xx_HAL_Driver/Src/stm32f4xx_hal_i2c.o
 .text.I2C_WaitOnFlagUntilTimeout
                0x00000000080043f2       0x5c Startup/Drivers/STM32F4xx_HAL_Driver/Src/stm32f4xx_hal_i2c.o
 .text.I2C_WaitOnTXEFlagUntilTimeout
                0x000000000800444e       0x4c Startup/Drivers/STM32F4xx_HAL_Driver/Src/stm32f4xx_hal_i2c.o
 *fill*         0x000000000800449a        0x2 
 .text.I2C_RequestMemoryWrite
                0x000000000800449c       0xa4 Startup/Drivers/STM32F4xx_HAL_Driver/Src/stm32f4xx_hal_i2c.o
 .text.I2C_RequestMemoryRead
                0x0000000008004540       0xf4 Startup/Drivers/STM32F4xx_HAL_Driver/Src/stm32f4xx_hal_i2c.o
 .text.I2C_WaitOnRXNEFlagUntilTimeout
                0x0000000008004634       0x5a Startup/Drivers/STM32F4xx_HAL_Driver/Src/stm32f4xx_hal_i2c.o
 .text.I2C_WaitOnBTFFlagUntilTimeout
                0x000000000800468e       0x4c Startup/Drivers/STM32F4xx_HAL_Driver/Src/stm32f4xx_hal_i2c.o
 .text.HAL_I2C_MspInit
                0x00000000080046da        0x2 Startup/Drivers/STM32F4xx_HAL_Driver/Src/stm32f4xx_hal_i2c.o
                0x00000000080046da                HAL_I2C_MspInit
 .text.HAL_I2C_Init
                0x00000000080046dc      0x1a4 Startup/Drivers/STM32F4xx_HAL_Driver/Src/stm32f4xx_hal_i2c.o
                0x00000000080046dc                HAL_I2C_Init
 .text.HAL_I2C_MspDeInit
                0x0000000008004880        0x2 Startup/Drivers/STM32F4xx_HAL_Driver/Src/stm32f4xx_hal_i2c.o
                0x0000000008004880                HAL_I2C_MspDeInit
 *fill*         0x0000000008004882        0x2 
 .text.HAL_I2C_DeInit
                0x0000000008004884       0x60 Startup/Drivers/STM32F4xx_HAL_Driver/Src/stm32f4xx_hal_i2c.o
                0x0000000008004884                HAL_I2C_DeInit
 .text.HAL_I2C_Mem_Write
                0x00000000080048e4      0x144 Startup/Drivers/STM32F4xx_HAL_Driver/Src/stm32f4xx_hal_i2c.o
                0x00000000080048e4                HAL_I2C_Mem_Write
 .text.HAL_I2C_Mem_Read
                0x0000000008004a28      0x238 Startup/Drivers/STM32F4xx_HAL_Driver/Src/stm32f4xx_hal_i2c.o
                0x0000000008004a28                HAL_I2C_Mem_Read
 .text.HAL_I2C_GetState
                0x0000000008004c60        0x6 Startup/Drivers/STM32F4xx_HAL_Driver/Src/stm32f4xx_hal_i2c.o
                0x0000000008004c60                HAL_I2C_GetState
 .text.LTDC_SetConfig
                0x0000000008004c66      0x10c Startup/Drivers/STM32F4xx_HAL_Driver/Src/stm32f4xx_hal_ltdc.o
 .text.HAL_LTDC_MspInit
                0x0000000008004d72        0x2 Startup/Drivers/STM32F4xx_HAL_Driver/Src/stm32f4xx_hal_ltdc.o
                0x0000000008004d72                HAL_LTDC_MspInit
 .text.HAL_LTDC_Init
                0x0000000008004d74      0x1b4 Startup/Drivers/STM32F4xx_HAL_Driver/Src/stm32f4xx_hal_ltdc.o
                0x0000000008004d74                HAL_LTDC_Init
 .text.HAL_LTDC_ConfigLayer
                0x0000000008004f28      0x134 Startup/Drivers/STM32F4xx_HAL_Driver/Src/stm32f4xx_hal_ltdc.o
                0x0000000008004f28                HAL_LTDC_ConfigLayer
 .text.HAL_LTDC_EnableDither
                0x000000000800505c       0x30 Startup/Drivers/STM32F4xx_HAL_Driver/Src/stm32f4xx_hal_ltdc.o
                0x000000000800505c                HAL_LTDC_EnableDither
 .text.HAL_RCC_OscConfig
                0x000000000800508c      0x404 Startup/Drivers/STM32F4xx_HAL_Driver/Src/stm32f4xx_hal_rcc.o
                0x000000000800508c                HAL_RCC_OscConfig
 .text.HAL_RCC_GetSysClockFreq
                0x0000000008005490       0x74 Startup/Drivers/STM32F4xx_HAL_Driver/Src/stm32f4xx_hal_rcc.o
                0x0000000008005490                HAL_RCC_GetSysClockFreq
 .text.HAL_RCC_ClockConfig
                0x0000000008005504      0x220 Startup/Drivers/STM32F4xx_HAL_Driver/Src/stm32f4xx_hal_rcc.o
                0x0000000008005504                HAL_RCC_ClockConfig
 .text.HAL_RCC_GetHCLKFreq
                0x0000000008005724        0xc Startup/Drivers/STM32F4xx_HAL_Driver/Src/stm32f4xx_hal_rcc.o
                0x0000000008005724                HAL_RCC_GetHCLKFreq
 .text.HAL_RCC_GetPCLK1Freq
                0x0000000008005730       0x30 Startup/Drivers/STM32F4xx_HAL_Driver/Src/stm32f4xx_hal_rcc.o
                0x0000000008005730                HAL_RCC_GetPCLK1Freq
 .text.HAL_RCCEx_PeriphCLKConfig
                0x0000000008005760      0x3fc Startup/Drivers/STM32F4xx_HAL_Driver/Src/stm32f4xx_hal_rcc_ex.o
                0x0000000008005760                HAL_RCCEx_PeriphCLKConfig
 .text.HAL_SDRAM_MspInit
                0x0000000008005b5c        0x2 Startup/Drivers/STM32F4xx_HAL_Driver/Src/stm32f4xx_hal_sdram.o
                0x0000000008005b5c                HAL_SDRAM_MspInit
 .text.HAL_SDRAM_Init
                0x0000000008005b5e       0x40 Startup/Drivers/STM32F4xx_HAL_Driver/Src/stm32f4xx_hal_sdram.o
                0x0000000008005b5e                HAL_SDRAM_Init
 .text.HAL_SDRAM_SendCommand
                0x0000000008005b9e       0x2e Startup/Drivers/STM32F4xx_HAL_Driver/Src/stm32f4xx_hal_sdram.o
                0x0000000008005b9e                HAL_SDRAM_SendCommand
 .text.HAL_SDRAM_ProgramRefreshRate
                0x0000000008005bcc       0x24 Startup/Drivers/STM32F4xx_HAL_Driver/Src/stm32f4xx_hal_sdram.o
                0x0000000008005bcc                HAL_SDRAM_ProgramRefreshRate
 .text.SPI_WaitFlagStateUntilTimeout
                0x0000000008005bf0       0x8e Startup/Drivers/STM32F4xx_HAL_Driver/Src/stm32f4xx_hal_spi.o
 .text.SPI_CheckFlag_BSY
                0x0000000008005c7e       0x20 Startup/Drivers/STM32F4xx_HAL_Driver/Src/stm32f4xx_hal_spi.o
 .text.HAL_SPI_MspInit
                0x0000000008005c9e        0x2 Startup/Drivers/STM32F4xx_HAL_Driver/Src/stm32f4xx_hal_spi.o
                0x0000000008005c9e                HAL_SPI_MspInit
 .text.HAL_SPI_Init
                0x0000000008005ca0      0x178 Startup/Drivers/STM32F4xx_HAL_Driver/Src/stm32f4xx_hal_spi.o
                0x0000000008005ca0                HAL_SPI_Init
 .text.HAL_SPI_MspDeInit
                0x0000000008005e18        0x2 Startup/Drivers/STM32F4xx_HAL_Driver/Src/stm32f4xx_hal_spi.o
                0x0000000008005e18                HAL_SPI_MspDeInit
 *fill*         0x0000000008005e1a        0x2 
 .text.HAL_SPI_DeInit
                0x0000000008005e1c       0x70 Startup/Drivers/STM32F4xx_HAL_Driver/Src/stm32f4xx_hal_spi.o
                0x0000000008005e1c                HAL_SPI_DeInit
 .text.HAL_SPI_Transmit
                0x0000000008005e8c      0x168 Startup/Drivers/STM32F4xx_HAL_Driver/Src/stm32f4xx_hal_spi.o
                0x0000000008005e8c                HAL_SPI_Transmit
 .text.HAL_SPI_TransmitReceive
                0x0000000008005ff4      0x20c Startup/Drivers/STM32F4xx_HAL_Driver/Src/stm32f4xx_hal_spi.o
                0x0000000008005ff4                HAL_SPI_TransmitReceive
 .text.HAL_SPI_Receive
                0x0000000008006200      0x13e Startup/Drivers/STM32F4xx_HAL_Driver/Src/stm32f4xx_hal_spi.o
                0x0000000008006200                HAL_SPI_Receive
 .text.HAL_SPI_GetState
                0x000000000800633e        0x6 Startup/Drivers/STM32F4xx_HAL_Driver/Src/stm32f4xx_hal_spi.o
                0x000000000800633e                HAL_SPI_GetState
 .text.HAL_TIM_OC_DelayElapsedCallback
                0x0000000008006344        0x2 Startup/Drivers/STM32F4xx_HAL_Driver/Src/stm32f4xx_hal_tim.o
                0x0000000008006344                HAL_TIM_OC_DelayElapsedCallback
 .text.HAL_TIM_IC_CaptureCallback
                0x0000000008006346        0x2 Startup/Drivers/STM32F4xx_HAL_Driver/Src/stm32f4xx_hal_tim.o
                0x0000000008006346                HAL_TIM_IC_CaptureCallback
 .text.HAL_TIM_PWM_PulseFinishedCallback
                0x0000000008006348        0x2 Startup/Drivers/STM32F4xx_HAL_Driver/Src/stm32f4xx_hal_tim.o
                0x0000000008006348                HAL_TIM_PWM_PulseFinishedCallback
 .text.HAL_TIM_TriggerCallback
                0x000000000800634a        0x2 Startup/Drivers/STM32F4xx_HAL_Driver/Src/stm32f4xx_hal_tim.o
                0x000000000800634a                HAL_TIM_TriggerCallback
 .text.HAL_TIM_IRQHandler
                0x000000000800634c      0x144 Startup/Drivers/STM32F4xx_HAL_Driver/Src/stm32f4xx_hal_tim.o
                0x000000000800634c                HAL_TIM_IRQHandler
 .text.HAL_TIMEx_CommutationCallback
                0x0000000008006490        0x2 Startup/Drivers/STM32F4xx_HAL_Driver/Src/stm32f4xx_hal_tim_ex.o
                0x0000000008006490                HAL_TIMEx_CommutationCallback
 .text.HAL_TIMEx_BreakCallback
                0x0000000008006492        0x2 Startup/Drivers/STM32F4xx_HAL_Driver/Src/stm32f4xx_hal_tim_ex.o
                0x0000000008006492                HAL_TIMEx_BreakCallback
 .text.FMC_SDRAM_Init
                0x0000000008006494      0x15c Startup/Drivers/STM32F4xx_HAL_Driver/Src/stm32f4xx_ll_fmc.o
                0x0000000008006494                FMC_SDRAM_Init
 .text.FMC_SDRAM_Timing_Init
                0x00000000080065f0      0x13c Startup/Drivers/STM32F4xx_HAL_Driver/Src/stm32f4xx_ll_fmc.o
                0x00000000080065f0                FMC_SDRAM_Timing_Init
 .text.FMC_SDRAM_SendCommand
                0x000000000800672c       0xb0 Startup/Drivers/STM32F4xx_HAL_Driver/Src/stm32f4xx_ll_fmc.o
                0x000000000800672c                FMC_SDRAM_SendCommand
 .text.FMC_SDRAM_ProgramRefreshRate
                0x00000000080067dc       0x3c Startup/Drivers/STM32F4xx_HAL_Driver/Src/stm32f4xx_ll_fmc.o
                0x00000000080067dc                FMC_SDRAM_ProgramRefreshRate
 .text.osKernelStart
                0x0000000008006818        0xa Startup/Middlewares/Third_Party/FreeRTOS/Source/CMSIS_RTOS/cmsis_os.o
                0x0000000008006818                osKernelStart
 .text.osThreadCreate
                0x0000000008006822       0x30 Startup/Middlewares/Third_Party/FreeRTOS/Source/CMSIS_RTOS/cmsis_os.o
                0x0000000008006822                osThreadCreate
 .text.osDelay  0x0000000008006852       0x10 Startup/Middlewares/Third_Party/FreeRTOS/Source/CMSIS_RTOS/cmsis_os.o
                0x0000000008006852                osDelay
 .text.osSystickHandler
                0x0000000008006862       0x14 Startup/Middlewares/Third_Party/FreeRTOS/Source/CMSIS_RTOS/cmsis_os.o
                0x0000000008006862                osSystickHandler
 .text.vListInitialise
                0x0000000008006876       0x16 Startup/Middlewares/Third_Party/FreeRTOS/Source/list.o
                0x0000000008006876                vListInitialise
 .text.vListInitialiseItem
                0x000000000800688c        0x6 Startup/Middlewares/Third_Party/FreeRTOS/Source/list.o
                0x000000000800688c                vListInitialiseItem
 .text.vListInsertEnd
                0x0000000008006892       0x18 Startup/Middlewares/Third_Party/FreeRTOS/Source/list.o
                0x0000000008006892                vListInsertEnd
 .text.vListInsert
                0x00000000080068aa       0x2e Startup/Middlewares/Third_Party/FreeRTOS/Source/list.o
                0x00000000080068aa                vListInsert
 .text.uxListRemove
                0x00000000080068d8       0x20 Startup/Middlewares/Third_Party/FreeRTOS/Source/list.o
                0x00000000080068d8                uxListRemove
 .text.prvTaskExitError
                0x00000000080068f8       0x30 Startup/Middlewares/Third_Party/FreeRTOS/Source/portable/GCC/ARM_CM4F/port.o
 .text.prvPortStartFirstTask
                0x0000000008006928       0x20 Startup/Middlewares/Third_Party/FreeRTOS/Source/portable/GCC/ARM_CM4F/port.o
 .text.vPortEnableVFP
                0x0000000008006948       0x14 Startup/Middlewares/Third_Party/FreeRTOS/Source/portable/GCC/ARM_CM4F/port.o
 .text.pxPortInitialiseStack
                0x000000000800695c       0x2c Startup/Middlewares/Third_Party/FreeRTOS/Source/portable/GCC/ARM_CM4F/port.o
                0x000000000800695c                pxPortInitialiseStack
 *fill*         0x0000000008006988        0x8 
 .text.SVC_Handler
                0x0000000008006990       0x24 Startup/Middlewares/Third_Party/FreeRTOS/Source/portable/GCC/ARM_CM4F/port.o
                0x0000000008006990                SVC_Handler
 .text.vPortEnterCritical
                0x00000000080069b4       0x44 Startup/Middlewares/Third_Party/FreeRTOS/Source/portable/GCC/ARM_CM4F/port.o
                0x00000000080069b4                vPortEnterCritical
 .text.vPortExitCritical
                0x00000000080069f8       0x28 Startup/Middlewares/Third_Party/FreeRTOS/Source/portable/GCC/ARM_CM4F/port.o
                0x00000000080069f8                vPortExitCritical
 .text.PendSV_Handler
                0x0000000008006a20       0x64 Startup/Middlewares/Third_Party/FreeRTOS/Source/portable/GCC/ARM_CM4F/port.o
                0x0000000008006a20                PendSV_Handler
 .text.xPortSysTickHandler
                0x0000000008006a84       0x2c Startup/Middlewares/Third_Party/FreeRTOS/Source/portable/GCC/ARM_CM4F/port.o
                0x0000000008006a84                xPortSysTickHandler
 .text.vPortSetupTimerInterrupt
                0x0000000008006ab0       0x28 Startup/Middlewares/Third_Party/FreeRTOS/Source/portable/GCC/ARM_CM4F/port.o
                0x0000000008006ab0                vPortSetupTimerInterrupt
 .text.xPortStartScheduler
                0x0000000008006ad8       0xec Startup/Middlewares/Third_Party/FreeRTOS/Source/portable/GCC/ARM_CM4F/port.o
                0x0000000008006ad8                xPortStartScheduler
 .text.unlikely.prvInsertBlockIntoFreeList
                0x0000000008006bc4       0x48 Startup/Middlewares/Third_Party/FreeRTOS/Source/portable/MemMang/heap_4.o
 .text.pvPortMalloc
                0x0000000008006c0c      0x11c Startup/Middlewares/Third_Party/FreeRTOS/Source/portable/MemMang/heap_4.o
                0x0000000008006c0c                pvPortMalloc
 .text.vPortFree
                0x0000000008006d28       0x70 Startup/Middlewares/Third_Party/FreeRTOS/Source/portable/MemMang/heap_4.o
                0x0000000008006d28                vPortFree
 .text.prvResetNextTaskUnblockTime
                0x0000000008006d98       0x24 Startup/Middlewares/Third_Party/FreeRTOS/Source/tasks.o
 .text.prvAddCurrentTaskToDelayedList
                0x0000000008006dbc       0x8c Startup/Middlewares/Third_Party/FreeRTOS/Source/tasks.o
 .text.xTaskCreate
                0x0000000008006e48      0x1a0 Startup/Middlewares/Third_Party/FreeRTOS/Source/tasks.o
                0x0000000008006e48                xTaskCreate
 .text.vTaskStartScheduler
                0x0000000008006fe8       0x78 Startup/Middlewares/Third_Party/FreeRTOS/Source/tasks.o
                0x0000000008006fe8                vTaskStartScheduler
 .text.vTaskSuspendAll
                0x0000000008007060       0x10 Startup/Middlewares/Third_Party/FreeRTOS/Source/tasks.o
                0x0000000008007060                vTaskSuspendAll
 .text.xTaskIncrementTick
                0x0000000008007070      0x124 Startup/Middlewares/Third_Party/FreeRTOS/Source/tasks.o
                0x0000000008007070                xTaskIncrementTick
 .text.xTaskResumeAll
                0x0000000008007194       0xf0 Startup/Middlewares/Third_Party/FreeRTOS/Source/tasks.o
                0x0000000008007194                xTaskResumeAll
 .text.vTaskDelay
                0x0000000008007284       0x48 Startup/Middlewares/Third_Party/FreeRTOS/Source/tasks.o
                0x0000000008007284                vTaskDelay
 .text.prvIdleTask
                0x00000000080072cc       0x74 Startup/Middlewares/Third_Party/FreeRTOS/Source/tasks.o
 .text.vTaskSwitchContext
                0x0000000008007340       0x74 Startup/Middlewares/Third_Party/FreeRTOS/Source/tasks.o
                0x0000000008007340                vTaskSwitchContext
 .text.xTaskGetSchedulerState
                0x00000000080073b4       0x20 Startup/Middlewares/Third_Party/FreeRTOS/Source/tasks.o
                0x00000000080073b4                xTaskGetSchedulerState
 .text.UserPixelSet
                0x00000000080073d4        0x8 Startup/Src/gui.o
                0x00000000080073d4                UserPixelSet
 .text.window_1_callback
                0x00000000080073dc        0x2 Startup/Src/main.o
                0x00000000080073dc                window_1_callback
 *fill*         0x00000000080073de        0x2 
 .text.vGUIRun  0x00000000080073e0       0x1c Startup/Src/main.o
 .text.vLedBlinkRed
                0x00000000080073fc       0x28 Startup/Src/main.o
 .text.vLedBlinkGreen
                0x0000000008007424       0x28 Startup/Src/main.o
 .text.StartDefaultTask
                0x000000000800744c        0xa Startup/Src/main.o
 *fill*         0x0000000008007456        0x2 
 .text.MX_SPI5_Init
                0x0000000008007458       0x5c Startup/Src/main.o
 .text.vMotorRun
                0x00000000080074b4       0x8c Startup/Src/main.o
 .text.LCDInit  0x0000000008007540       0x34 Startup/Src/main.o
                0x0000000008007540                LCDInit
 .text.GUIInit  0x0000000008007574      0x118 Startup/Src/main.o
                0x0000000008007574                GUIInit
 .text.startup.main
                0x000000000800768c      0x344 Startup/Src/main.o
                0x000000000800768c                main
 .text.HAL_TIM_PeriodElapsedCallback
                0x00000000080079d0       0x14 Startup/Src/main.o
                0x00000000080079d0                HAL_TIM_PeriodElapsedCallback
 .text.assert_failed
                0x00000000080079e4        0xc Startup/Src/main.o
                0x00000000080079e4                assert_failed
 .text.Reset_Handler
                0x00000000080079f0       0x50 Startup/Src/startup_stm32f429xx.o
                0x00000000080079f0                Reset_Handler
 .text.Default_Handler
                0x0000000008007a40        0x2 Startup/Src/startup_stm32f429xx.o
                0x0000000008007a40                RTC_Alarm_IRQHandler
                0x0000000008007a40                HASH_RNG_IRQHandler
                0x0000000008007a40                EXTI2_IRQHandler
                0x0000000008007a40                TIM8_CC_IRQHandler
                0x0000000008007a40                DebugMon_Handler
                0x0000000008007a40                UART8_IRQHandler
                0x0000000008007a40                SPI4_IRQHandler
                0x0000000008007a40                TIM1_CC_IRQHandler
                0x0000000008007a40                DMA2_Stream5_IRQHandler
                0x0000000008007a40                HardFault_Handler
                0x0000000008007a40                DMA1_Stream5_IRQHandler
                0x0000000008007a40                PVD_IRQHandler
                0x0000000008007a40                SDIO_IRQHandler
                0x0000000008007a40                TAMP_STAMP_IRQHandler
                0x0000000008007a40                NMI_Handler
                0x0000000008007a40                CAN2_RX1_IRQHandler
                0x0000000008007a40                EXTI3_IRQHandler
                0x0000000008007a40                TIM8_TRG_COM_TIM14_IRQHandler
                0x0000000008007a40                TIM8_UP_TIM13_IRQHandler
                0x0000000008007a40                I2C3_ER_IRQHandler
                0x0000000008007a40                EXTI0_IRQHandler
                0x0000000008007a40                I2C2_EV_IRQHandler
                0x0000000008007a40                DMA1_Stream2_IRQHandler
                0x0000000008007a40                CAN1_RX0_IRQHandler
                0x0000000008007a40                FPU_IRQHandler
                0x0000000008007a40                OTG_HS_WKUP_IRQHandler
                0x0000000008007a40                UsageFault_Handler
                0x0000000008007a40                LTDC_ER_IRQHandler
                0x0000000008007a40                CAN2_SCE_IRQHandler
                0x0000000008007a40                DMA2_Stream2_IRQHandler
                0x0000000008007a40                SPI1_IRQHandler
                0x0000000008007a40                TIM6_DAC_IRQHandler
                0x0000000008007a40                TIM1_BRK_TIM9_IRQHandler
                0x0000000008007a40                DCMI_IRQHandler
                0x0000000008007a40                CAN2_RX0_IRQHandler
                0x0000000008007a40                DMA2_Stream3_IRQHandler
                0x0000000008007a40                USART6_IRQHandler
                0x0000000008007a40                USART3_IRQHandler
                0x0000000008007a40                CAN1_RX1_IRQHandler
                0x0000000008007a40                UART5_IRQHandler
                0x0000000008007a40                DMA2_Stream0_IRQHandler
                0x0000000008007a40                TIM4_IRQHandler
                0x0000000008007a40                I2C1_EV_IRQHandler
                0x0000000008007a40                DMA1_Stream6_IRQHandler
                0x0000000008007a40                DMA1_Stream1_IRQHandler
                0x0000000008007a40                UART4_IRQHandler
                0x0000000008007a40                TIM3_IRQHandler
                0x0000000008007a40                RCC_IRQHandler
                0x0000000008007a40                TIM8_BRK_TIM12_IRQHandler
                0x0000000008007a40                Default_Handler
                0x0000000008007a40                EXTI15_10_IRQHandler
                0x0000000008007a40                ADC_IRQHandler
                0x0000000008007a40                DMA1_Stream7_IRQHandler
                0x0000000008007a40                SPI5_IRQHandler
                0x0000000008007a40                TIM7_IRQHandler
                0x0000000008007a40                CAN2_TX_IRQHandler
                0x0000000008007a40                TIM5_IRQHandler
                0x0000000008007a40                DMA2_Stream7_IRQHandler
                0x0000000008007a40                I2C3_EV_IRQHandler
                0x0000000008007a40                EXTI9_5_IRQHandler
                0x0000000008007a40                RTC_WKUP_IRQHandler
                0x0000000008007a40                LTDC_IRQHandler
                0x0000000008007a40                ETH_WKUP_IRQHandler
                0x0000000008007a40                SPI2_IRQHandler
                0x0000000008007a40                OTG_HS_EP1_IN_IRQHandler
                0x0000000008007a40                MemManage_Handler
                0x0000000008007a40                DMA1_Stream0_IRQHandler
                0x0000000008007a40                CAN1_TX_IRQHandler
                0x0000000008007a40                EXTI4_IRQHandler
                0x0000000008007a40                ETH_IRQHandler
                0x0000000008007a40                OTG_HS_EP1_OUT_IRQHandler
                0x0000000008007a40                WWDG_IRQHandler
                0x0000000008007a40                SPI6_IRQHandler
                0x0000000008007a40                TIM2_IRQHandler
                0x0000000008007a40                OTG_FS_WKUP_IRQHandler
                0x0000000008007a40                TIM1_TRG_COM_TIM11_IRQHandler
                0x0000000008007a40                OTG_HS_IRQHandler
                0x0000000008007a40                DMA2D_IRQHandler
                0x0000000008007a40                EXTI1_IRQHandler
                0x0000000008007a40                UART7_IRQHandler
                0x0000000008007a40                USART2_IRQHandler
                0x0000000008007a40                I2C2_ER_IRQHandler
                0x0000000008007a40                DMA2_Stream1_IRQHandler
                0x0000000008007a40                CAN1_SCE_IRQHandler
                0x0000000008007a40                FLASH_IRQHandler
                0x0000000008007a40                DMA2_Stream4_IRQHandler
                0x0000000008007a40                BusFault_Handler
                0x0000000008007a40                USART1_IRQHandler
                0x0000000008007a40                OTG_FS_IRQHandler
                0x0000000008007a40                SPI3_IRQHandler
                0x0000000008007a40                DMA1_Stream4_IRQHandler
                0x0000000008007a40                I2C1_ER_IRQHandler
                0x0000000008007a40                FMC_IRQHandler
                0x0000000008007a40                DMA2_Stream6_IRQHandler
                0x0000000008007a40                SAI1_IRQHandler
                0x0000000008007a40                DMA1_Stream3_IRQHandler
 .text.SysTick_Handler
                0x0000000008007a42        0x4 Startup/Src/stm32f4xx_it.o
                0x0000000008007a42                SysTick_Handler
 *fill*         0x0000000008007a46        0x2 
 .text.TIM1_UP_TIM10_IRQHandler
                0x0000000008007a48        0xc Startup/Src/stm32f4xx_it.o
                0x0000000008007a48                TIM1_UP_TIM10_IRQHandler
 .text.SystemInit
                0x0000000008007a54       0x4c Startup/Src/system_stm32f4xx.o
                0x0000000008007a54                SystemInit
 .text.UG_Init  0x0000000008007aa0       0x68 Startup/Src/ugui.o
                0x0000000008007aa0                UG_Init
 .text.UG_FillFrame
                0x0000000008007b08       0x78 Startup/Src/ugui.o
                0x0000000008007b08                UG_FillFrame
 .text.UG_DrawLine
                0x0000000008007b80       0xd8 Startup/Src/ugui.o
                0x0000000008007b80                UG_DrawLine
 .text.UG_DrawFrame
                0x0000000008007c58       0x46 Startup/Src/ugui.o
                0x0000000008007c58                UG_DrawFrame
 *fill*         0x0000000008007c9e        0x2 
 .text._UG_PutChar
                0x0000000008007ca0      0x2dc Startup/Src/ugui.o
                0x0000000008007ca0                _UG_PutChar
 .text._UG_PutText
                0x0000000008007f7c      0x112 Startup/Src/ugui.o
                0x0000000008007f7c                _UG_PutText
 .text._UG_GetFreeObject
                0x000000000800808e       0x22 Startup/Src/ugui.o
                0x000000000800808e                _UG_GetFreeObject
 .text._UG_SearchObject
                0x00000000080080b0       0x30 Startup/Src/ugui.o
                0x00000000080080b0                _UG_SearchObject
 .text._UG_ProcessTouchData
                0x00000000080080e0       0xb8 Startup/Src/ugui.o
                0x00000000080080e0                _UG_ProcessTouchData
 .text._UG_UpdateObjects
                0x0000000008008198       0x54 Startup/Src/ugui.o
                0x0000000008008198                _UG_UpdateObjects
 .text._UG_HandleEvents
                0x00000000080081ec       0x60 Startup/Src/ugui.o
                0x00000000080081ec                _UG_HandleEvents
 .text._UG_DrawObjectFrame
                0x000000000800824c       0xf4 Startup/Src/ugui.o
                0x000000000800824c                _UG_DrawObjectFrame
 .text._UG_SendObjectPrerenderEvent
                0x0000000008008340       0x26 Startup/Src/ugui.o
                0x0000000008008340                _UG_SendObjectPrerenderEvent
 .text._UG_SendObjectPostrenderEvent
                0x0000000008008366       0x28 Startup/Src/ugui.o
                0x0000000008008366                _UG_SendObjectPostrenderEvent
 *fill*         0x000000000800838e        0x2 
 .text.UG_WindowCreate
                0x0000000008008390       0x8c Startup/Src/ugui.o
                0x0000000008008390                UG_WindowCreate
 .text.UG_WindowShow
                0x000000000800841c       0x24 Startup/Src/ugui.o
                0x000000000800841c                UG_WindowShow
 .text.UG_WindowSetForeColor
                0x0000000008008440       0x1a Startup/Src/ugui.o
                0x0000000008008440                UG_WindowSetForeColor
 .text.UG_WindowSetBackColor
                0x000000000800845a       0x1a Startup/Src/ugui.o
                0x000000000800845a                UG_WindowSetBackColor
 .text.UG_WindowSetTitleText
                0x0000000008008474       0x1a Startup/Src/ugui.o
                0x0000000008008474                UG_WindowSetTitleText
 .text.UG_WindowSetTitleTextFont
                0x000000000800848e       0x38 Startup/Src/ugui.o
                0x000000000800848e                UG_WindowSetTitleTextFont
 .text.UG_WindowGetArea
                0x00000000080084c6       0x4e Startup/Src/ugui.o
                0x00000000080084c6                UG_WindowGetArea
 .text._UG_ButtonUpdate
                0x0000000008008514      0x19c Startup/Src/ugui.o
                0x0000000008008514                _UG_ButtonUpdate
 .text._UG_WindowDrawTitle
                0x00000000080086b0       0xac Startup/Src/ugui.o
                0x00000000080086b0                _UG_WindowDrawTitle
 .text._UG_WindowUpdate
                0x000000000800875c       0xbc Startup/Src/ugui.o
                0x000000000800875c                _UG_WindowUpdate
 .text.UG_Update
                0x0000000008008818       0x9c Startup/Src/ugui.o
                0x0000000008008818                UG_Update
 .text.UG_ButtonCreate
                0x00000000080088b4       0x90 Startup/Src/ugui.o
                0x00000000080088b4                UG_ButtonCreate
 .text.UG_ButtonSetForeColor
                0x0000000008008944       0x24 Startup/Src/ugui.o
                0x0000000008008944                UG_ButtonSetForeColor
 .text.UG_ButtonSetText
                0x0000000008008968       0x24 Startup/Src/ugui.o
                0x0000000008008968                UG_ButtonSetText
 .text.UG_ButtonSetFont
                0x000000000800898c       0x24 Startup/Src/ugui.o
                0x000000000800898c                UG_ButtonSetFont
 .text.__errno  0x00000000080089b0        0xc /home/rinaik/.eclipse/org.eclipse.platform_155965261_linux_gtk_x86_64/plugins/fr.ac6.mcu.externaltools.arm-none.linux64_1.15.0.201708311556/tools/compiler/bin/../lib/gcc/arm-none-eabi/6.3.1/../../../../arm-none-eabi/lib/thumb/v7e-m/fpv4-sp/hard/libc_nano.a(lib_a-errno.o)
                0x00000000080089b0                __errno
 .text._cleanup_r
                0x00000000080089bc        0xc /home/rinaik/.eclipse/org.eclipse.platform_155965261_linux_gtk_x86_64/plugins/fr.ac6.mcu.externaltools.arm-none.linux64_1.15.0.201708311556/tools/compiler/bin/../lib/gcc/arm-none-eabi/6.3.1/../../../../arm-none-eabi/lib/thumb/v7e-m/fpv4-sp/hard/libc_nano.a(lib_a-findfp.o)
                0x00000000080089bc                _cleanup_r
 .text.std.isra.0
                0x00000000080089c8       0x48 /home/rinaik/.eclipse/org.eclipse.platform_155965261_linux_gtk_x86_64/plugins/fr.ac6.mcu.externaltools.arm-none.linux64_1.15.0.201708311556/tools/compiler/bin/../lib/gcc/arm-none-eabi/6.3.1/../../../../arm-none-eabi/lib/thumb/v7e-m/fpv4-sp/hard/libc_nano.a(lib_a-findfp.o)
 .text.__sfmoreglue
                0x0000000008008a10       0x2c /home/rinaik/.eclipse/org.eclipse.platform_155965261_linux_gtk_x86_64/plugins/fr.ac6.mcu.externaltools.arm-none.linux64_1.15.0.201708311556/tools/compiler/bin/../lib/gcc/arm-none-eabi/6.3.1/../../../../arm-none-eabi/lib/thumb/v7e-m/fpv4-sp/hard/libc_nano.a(lib_a-findfp.o)
                0x0000000008008a10                __sfmoreglue
 .text.__sinit  0x0000000008008a3c       0x60 /home/rinaik/.eclipse/org.eclipse.platform_155965261_linux_gtk_x86_64/plugins/fr.ac6.mcu.externaltools.arm-none.linux64_1.15.0.201708311556/tools/compiler/bin/../lib/gcc/arm-none-eabi/6.3.1/../../../../arm-none-eabi/lib/thumb/v7e-m/fpv4-sp/hard/libc_nano.a(lib_a-findfp.o)
                0x0000000008008a3c                __sinit
 .text.__sfp    0x0000000008008a9c       0x78 /home/rinaik/.eclipse/org.eclipse.platform_155965261_linux_gtk_x86_64/plugins/fr.ac6.mcu.externaltools.arm-none.linux64_1.15.0.201708311556/tools/compiler/bin/../lib/gcc/arm-none-eabi/6.3.1/../../../../arm-none-eabi/lib/thumb/v7e-m/fpv4-sp/hard/libc_nano.a(lib_a-findfp.o)
                0x0000000008008a9c                __sfp
 .text._fwalk_reent
                0x0000000008008b14       0x3c /home/rinaik/.eclipse/org.eclipse.platform_155965261_linux_gtk_x86_64/plugins/fr.ac6.mcu.externaltools.arm-none.linux64_1.15.0.201708311556/tools/compiler/bin/../lib/gcc/arm-none-eabi/6.3.1/../../../../arm-none-eabi/lib/thumb/v7e-m/fpv4-sp/hard/libc_nano.a(lib_a-fwalk.o)
                0x0000000008008b14                _fwalk_reent
 .text.printf   0x0000000008008b50       0x30 /home/rinaik/.eclipse/org.eclipse.platform_155965261_linux_gtk_x86_64/plugins/fr.ac6.mcu.externaltools.arm-none.linux64_1.15.0.201708311556/tools/compiler/bin/../lib/gcc/arm-none-eabi/6.3.1/../../../../arm-none-eabi/lib/thumb/v7e-m/fpv4-sp/hard/libc_nano.a(lib_a-printf.o)
                0x0000000008008b50                printf
                0x0000000008008b50                iprintf
 .text._puts_r  0x0000000008008b80       0xb8 /home/rinaik/.eclipse/org.eclipse.platform_155965261_linux_gtk_x86_64/plugins/fr.ac6.mcu.externaltools.arm-none.linux64_1.15.0.201708311556/tools/compiler/bin/../lib/gcc/arm-none-eabi/6.3.1/../../../../arm-none-eabi/lib/thumb/v7e-m/fpv4-sp/hard/libc_nano.a(lib_a-puts.o)
                0x0000000008008b80                _puts_r
 .text.puts     0x0000000008008c38       0x10 /home/rinaik/.eclipse/org.eclipse.platform_155965261_linux_gtk_x86_64/plugins/fr.ac6.mcu.externaltools.arm-none.linux64_1.15.0.201708311556/tools/compiler/bin/../lib/gcc/arm-none-eabi/6.3.1/../../../../arm-none-eabi/lib/thumb/v7e-m/fpv4-sp/hard/libc_nano.a(lib_a-puts.o)
                0x0000000008008c38                puts
 .text.__sread  0x0000000008008c48       0x22 /home/rinaik/.eclipse/org.eclipse.platform_155965261_linux_gtk_x86_64/plugins/fr.ac6.mcu.externaltools.arm-none.linux64_1.15.0.201708311556/tools/compiler/bin/../lib/gcc/arm-none-eabi/6.3.1/../../../../arm-none-eabi/lib/thumb/v7e-m/fpv4-sp/hard/libc_nano.a(lib_a-stdio.o)
                0x0000000008008c48                __sread
 .text.__swrite
                0x0000000008008c6a       0x38 /home/rinaik/.eclipse/org.eclipse.platform_155965261_linux_gtk_x86_64/plugins/fr.ac6.mcu.externaltools.arm-none.linux64_1.15.0.201708311556/tools/compiler/bin/../lib/gcc/arm-none-eabi/6.3.1/../../../../arm-none-eabi/lib/thumb/v7e-m/fpv4-sp/hard/libc_nano.a(lib_a-stdio.o)
                0x0000000008008c6a                __swrite
 .text.__sseek  0x0000000008008ca2       0x24 /home/rinaik/.eclipse/org.eclipse.platform_155965261_linux_gtk_x86_64/plugins/fr.ac6.mcu.externaltools.arm-none.linux64_1.15.0.201708311556/tools/compiler/bin/../lib/gcc/arm-none-eabi/6.3.1/../../../../arm-none-eabi/lib/thumb/v7e-m/fpv4-sp/hard/libc_nano.a(lib_a-stdio.o)
                0x0000000008008ca2                __sseek
 .text.__sclose
                0x0000000008008cc6        0x8 /home/rinaik/.eclipse/org.eclipse.platform_155965261_linux_gtk_x86_64/plugins/fr.ac6.mcu.externaltools.arm-none.linux64_1.15.0.201708311556/tools/compiler/bin/../lib/gcc/arm-none-eabi/6.3.1/../../../../arm-none-eabi/lib/thumb/v7e-m/fpv4-sp/hard/libc_nano.a(lib_a-stdio.o)
                0x0000000008008cc6                __sclose
 *fill*         0x0000000008008cce        0x2 
 .text.__swbuf_r
                0x0000000008008cd0       0xa4 /home/rinaik/.eclipse/org.eclipse.platform_155965261_linux_gtk_x86_64/plugins/fr.ac6.mcu.externaltools.arm-none.linux64_1.15.0.201708311556/tools/compiler/bin/../lib/gcc/arm-none-eabi/6.3.1/../../../../arm-none-eabi/lib/thumb/v7e-m/fpv4-sp/hard/libc_nano.a(lib_a-wbuf.o)
                0x0000000008008cd0                __swbuf_r
 .text._write_r
                0x0000000008008d74       0x24 /home/rinaik/.eclipse/org.eclipse.platform_155965261_linux_gtk_x86_64/plugins/fr.ac6.mcu.externaltools.arm-none.linux64_1.15.0.201708311556/tools/compiler/bin/../lib/gcc/arm-none-eabi/6.3.1/../../../../arm-none-eabi/lib/thumb/v7e-m/fpv4-sp/hard/libc_nano.a(lib_a-writer.o)
                0x0000000008008d74                _write_r
 .text.__swsetup_r
                0x0000000008008d98       0xdc /home/rinaik/.eclipse/org.eclipse.platform_155965261_linux_gtk_x86_64/plugins/fr.ac6.mcu.externaltools.arm-none.linux64_1.15.0.201708311556/tools/compiler/bin/../lib/gcc/arm-none-eabi/6.3.1/../../../../arm-none-eabi/lib/thumb/v7e-m/fpv4-sp/hard/libc_nano.a(lib_a-wsetup.o)
                0x0000000008008d98                __swsetup_r
 .text._close_r
                0x0000000008008e74       0x20 /home/rinaik/.eclipse/org.eclipse.platform_155965261_linux_gtk_x86_64/plugins/fr.ac6.mcu.externaltools.arm-none.linux64_1.15.0.201708311556/tools/compiler/bin/../lib/gcc/arm-none-eabi/6.3.1/../../../../arm-none-eabi/lib/thumb/v7e-m/fpv4-sp/hard/libc_nano.a(lib_a-closer.o)
                0x0000000008008e74                _close_r
 .text.__sflush_r
                0x0000000008008e94      0x110 /home/rinaik/.eclipse/org.eclipse.platform_155965261_linux_gtk_x86_64/plugins/fr.ac6.mcu.externaltools.arm-none.linux64_1.15.0.201708311556/tools/compiler/bin/../lib/gcc/arm-none-eabi/6.3.1/../../../../arm-none-eabi/lib/thumb/v7e-m/fpv4-sp/hard/libc_nano.a(lib_a-fflush.o)
                0x0000000008008e94                __sflush_r
 .text._fflush_r
                0x0000000008008fa4       0x54 /home/rinaik/.eclipse/org.eclipse.platform_155965261_linux_gtk_x86_64/plugins/fr.ac6.mcu.externaltools.arm-none.linux64_1.15.0.201708311556/tools/compiler/bin/../lib/gcc/arm-none-eabi/6.3.1/../../../../arm-none-eabi/lib/thumb/v7e-m/fpv4-sp/hard/libc_nano.a(lib_a-fflush.o)
                0x0000000008008fa4                _fflush_r
 .text._lseek_r
                0x0000000008008ff8       0x24 /home/rinaik/.eclipse/org.eclipse.platform_155965261_linux_gtk_x86_64/plugins/fr.ac6.mcu.externaltools.arm-none.linux64_1.15.0.201708311556/tools/compiler/bin/../lib/gcc/arm-none-eabi/6.3.1/../../../../arm-none-eabi/lib/thumb/v7e-m/fpv4-sp/hard/libc_nano.a(lib_a-lseekr.o)
                0x0000000008008ff8                _lseek_r
 .text.__swhatbuf_r
                0x000000000800901c       0x48 /home/rinaik/.eclipse/org.eclipse.platform_155965261_linux_gtk_x86_64/plugins/fr.ac6.mcu.externaltools.arm-none.linux64_1.15.0.201708311556/tools/compiler/bin/../lib/gcc/arm-none-eabi/6.3.1/../../../../arm-none-eabi/lib/thumb/v7e-m/fpv4-sp/hard/libc_nano.a(lib_a-makebuf.o)
                0x000000000800901c                __swhatbuf_r
 .text.__smakebuf_r
                0x0000000008009064       0x80 /home/rinaik/.eclipse/org.eclipse.platform_155965261_linux_gtk_x86_64/plugins/fr.ac6.mcu.externaltools.arm-none.linux64_1.15.0.201708311556/tools/compiler/bin/../lib/gcc/arm-none-eabi/6.3.1/../../../../arm-none-eabi/lib/thumb/v7e-m/fpv4-sp/hard/libc_nano.a(lib_a-makebuf.o)
                0x0000000008009064                __smakebuf_r
 .text.__sfputc_r
                0x00000000080090e4       0x30 /home/rinaik/.eclipse/org.eclipse.platform_155965261_linux_gtk_x86_64/plugins/fr.ac6.mcu.externaltools.arm-none.linux64_1.15.0.201708311556/tools/compiler/bin/../lib/gcc/arm-none-eabi/6.3.1/../../../../arm-none-eabi/lib/thumb/v7e-m/fpv4-sp/hard/libc_nano.a(lib_a-nano-vfprintf.o)
 .text.__sfputs_r
                0x0000000008009114       0x24 /home/rinaik/.eclipse/org.eclipse.platform_155965261_linux_gtk_x86_64/plugins/fr.ac6.mcu.externaltools.arm-none.linux64_1.15.0.201708311556/tools/compiler/bin/../lib/gcc/arm-none-eabi/6.3.1/../../../../arm-none-eabi/lib/thumb/v7e-m/fpv4-sp/hard/libc_nano.a(lib_a-nano-vfprintf.o)
                0x0000000008009114                __sfputs_r
 .text._vfprintf_r
                0x0000000008009138      0x22c /home/rinaik/.eclipse/org.eclipse.platform_155965261_linux_gtk_x86_64/plugins/fr.ac6.mcu.externaltools.arm-none.linux64_1.15.0.201708311556/tools/compiler/bin/../lib/gcc/arm-none-eabi/6.3.1/../../../../arm-none-eabi/lib/thumb/v7e-m/fpv4-sp/hard/libc_nano.a(lib_a-nano-vfprintf.o)
                0x0000000008009138                _vfiprintf_r
                0x0000000008009138                _vfprintf_r
 .text._read_r  0x0000000008009364       0x24 /home/rinaik/.eclipse/org.eclipse.platform_155965261_linux_gtk_x86_64/plugins/fr.ac6.mcu.externaltools.arm-none.linux64_1.15.0.201708311556/tools/compiler/bin/../lib/gcc/arm-none-eabi/6.3.1/../../../../arm-none-eabi/lib/thumb/v7e-m/fpv4-sp/hard/libc_nano.a(lib_a-readr.o)
                0x0000000008009364                _read_r
 .text._fstat_r
                0x0000000008009388       0x24 /home/rinaik/.eclipse/org.eclipse.platform_155965261_linux_gtk_x86_64/plugins/fr.ac6.mcu.externaltools.arm-none.linux64_1.15.0.201708311556/tools/compiler/bin/../lib/gcc/arm-none-eabi/6.3.1/../../../../arm-none-eabi/lib/thumb/v7e-m/fpv4-sp/hard/libc_nano.a(lib_a-fstatr.o)
                0x0000000008009388                _fstat_r
 .text._isatty_r
                0x00000000080093ac       0x20 /home/rinaik/.eclipse/org.eclipse.platform_155965261_linux_gtk_x86_64/plugins/fr.ac6.mcu.externaltools.arm-none.linux64_1.15.0.201708311556/tools/compiler/bin/../lib/gcc/arm-none-eabi/6.3.1/../../../../arm-none-eabi/lib/thumb/v7e-m/fpv4-sp/hard/libc_nano.a(lib_a-isattyr.o)
                0x00000000080093ac                _isatty_r
 *(.glue_7)
 .glue_7        0x00000000080093cc        0x0 linker stubs
 *(.glue_7t)
 .glue_7t       0x00000000080093cc        0x0 linker stubs
 *(.eh_frame)
 .eh_frame      0x00000000080093cc        0x0 /home/rinaik/.eclipse/org.eclipse.platform_155965261_linux_gtk_x86_64/plugins/fr.ac6.mcu.externaltools.arm-none.linux64_1.15.0.201708311556/tools/compiler/bin/../lib/gcc/arm-none-eabi/6.3.1/thumb/v7e-m/fpv4-sp/hard/crtbegin.o
 *(.init)
 .init          0x00000000080093cc        0x4 /home/rinaik/.eclipse/org.eclipse.platform_155965261_linux_gtk_x86_64/plugins/fr.ac6.mcu.externaltools.arm-none.linux64_1.15.0.201708311556/tools/compiler/bin/../lib/gcc/arm-none-eabi/6.3.1/thumb/v7e-m/fpv4-sp/hard/crti.o
                0x00000000080093cc                _init
 .init          0x00000000080093d0        0x8 /home/rinaik/.eclipse/org.eclipse.platform_155965261_linux_gtk_x86_64/plugins/fr.ac6.mcu.externaltools.arm-none.linux64_1.15.0.201708311556/tools/compiler/bin/../lib/gcc/arm-none-eabi/6.3.1/thumb/v7e-m/fpv4-sp/hard/crtn.o
 *(.fini)
 .fini          0x00000000080093d8        0x4 /home/rinaik/.eclipse/org.eclipse.platform_155965261_linux_gtk_x86_64/plugins/fr.ac6.mcu.externaltools.arm-none.linux64_1.15.0.201708311556/tools/compiler/bin/../lib/gcc/arm-none-eabi/6.3.1/thumb/v7e-m/fpv4-sp/hard/crti.o
                0x00000000080093d8                _fini
 .fini          0x00000000080093dc        0x8 /home/rinaik/.eclipse/org.eclipse.platform_155965261_linux_gtk_x86_64/plugins/fr.ac6.mcu.externaltools.arm-none.linux64_1.15.0.201708311556/tools/compiler/bin/../lib/gcc/arm-none-eabi/6.3.1/thumb/v7e-m/fpv4-sp/hard/crtn.o
                0x00000000080093e4                . = ALIGN (0x4)
                0x00000000080093e4                _etext = .

.vfp11_veneer   0x00000000080093e4        0x0
 .vfp11_veneer  0x00000000080093e4        0x0 linker stubs

.v4_bx          0x00000000080093e4        0x0
 .v4_bx         0x00000000080093e4        0x0 linker stubs

.iplt           0x00000000080093e4        0x0
 .iplt          0x00000000080093e4        0x0 /home/rinaik/.eclipse/org.eclipse.platform_155965261_linux_gtk_x86_64/plugins/fr.ac6.mcu.externaltools.arm-none.linux64_1.15.0.201708311556/tools/compiler/bin/../lib/gcc/arm-none-eabi/6.3.1/thumb/v7e-m/fpv4-sp/hard/crtbegin.o

.rodata         0x00000000080093e8     0x4c8c
                0x00000000080093e8                . = ALIGN (0x4)
 *(.rodata)
 .rodata        0x00000000080093e8       0x14 Startup/Src/main.o
 *(.rodata*)
 .rodata._global_impure_ptr
                0x00000000080093fc        0x4 /home/rinaik/.eclipse/org.eclipse.platform_155965261_linux_gtk_x86_64/plugins/fr.ac6.mcu.externaltools.arm-none.linux64_1.15.0.201708311556/tools/compiler/bin/../lib/gcc/arm-none-eabi/6.3.1/../../../../arm-none-eabi/lib/thumb/v7e-m/fpv4-sp/hard/libc_nano.a(lib_a-impure.o)
                0x00000000080093fc                _global_impure_ptr
 .rodata._printf_float.str1.1
                0x0000000008009400       0x12 /home/rinaik/.eclipse/org.eclipse.platform_155965261_linux_gtk_x86_64/plugins/fr.ac6.mcu.externaltools.arm-none.linux64_1.15.0.201708311556/tools/compiler/bin/../lib/gcc/arm-none-eabi/6.3.1/../../../../arm-none-eabi/lib/thumb/v7e-m/fpv4-sp/hard/libc_nano.a(lib_a-nano-vfprintf_float.o)
 .rodata._printf_i.str1.1
                0x0000000008009412       0x22 /home/rinaik/.eclipse/org.eclipse.platform_155965261_linux_gtk_x86_64/plugins/fr.ac6.mcu.externaltools.arm-none.linux64_1.15.0.201708311556/tools/compiler/bin/../lib/gcc/arm-none-eabi/6.3.1/../../../../arm-none-eabi/lib/thumb/v7e-m/fpv4-sp/hard/libc_nano.a(lib_a-nano-vfprintf_i.o)
 .rodata._dtoa_r.str1.1
                0x0000000008009434        0xd /home/rinaik/.eclipse/org.eclipse.platform_155965261_linux_gtk_x86_64/plugins/fr.ac6.mcu.externaltools.arm-none.linux64_1.15.0.201708311556/tools/compiler/bin/../lib/gcc/arm-none-eabi/6.3.1/../../../../arm-none-eabi/lib/thumb/v7e-m/fpv4-sp/hard/libc_nano.a(lib_a-dtoa.o)
                                          0xf (size before relaxing)
 *fill*         0x0000000008009441        0x7 
 .rodata.__mprec_bigtens
                0x0000000008009448       0x28 /home/rinaik/.eclipse/org.eclipse.platform_155965261_linux_gtk_x86_64/plugins/fr.ac6.mcu.externaltools.arm-none.linux64_1.15.0.201708311556/tools/compiler/bin/../lib/gcc/arm-none-eabi/6.3.1/../../../../arm-none-eabi/lib/thumb/v7e-m/fpv4-sp/hard/libc_nano.a(lib_a-mprec.o)
                0x0000000008009448                __mprec_bigtens
 .rodata.__mprec_tens
                0x0000000008009470       0xc8 /home/rinaik/.eclipse/org.eclipse.platform_155965261_linux_gtk_x86_64/plugins/fr.ac6.mcu.externaltools.arm-none.linux64_1.15.0.201708311556/tools/compiler/bin/../lib/gcc/arm-none-eabi/6.3.1/../../../../arm-none-eabi/lib/thumb/v7e-m/fpv4-sp/hard/libc_nano.a(lib_a-mprec.o)
                0x0000000008009470                __mprec_tens
 .rodata.p05.7170
                0x0000000008009538        0xc /home/rinaik/.eclipse/org.eclipse.platform_155965261_linux_gtk_x86_64/plugins/fr.ac6.mcu.externaltools.arm-none.linux64_1.15.0.201708311556/tools/compiler/bin/../lib/gcc/arm-none-eabi/6.3.1/../../../../arm-none-eabi/lib/thumb/v7e-m/fpv4-sp/hard/libc_nano.a(lib_a-mprec.o)
 .rodata._setlocale_r.str1.1
                0x0000000008009544        0x6 /home/rinaik/.eclipse/org.eclipse.platform_155965261_linux_gtk_x86_64/plugins/fr.ac6.mcu.externaltools.arm-none.linux64_1.15.0.201708311556/tools/compiler/bin/../lib/gcc/arm-none-eabi/6.3.1/../../../../arm-none-eabi/lib/thumb/v7e-m/fpv4-sp/hard/libc_nano.a(lib_a-locale.o)
                                          0x9 (size before relaxing)
 .rodata.str1.1
                0x000000000800954a        0x6 /home/rinaik/.eclipse/org.eclipse.platform_155965261_linux_gtk_x86_64/plugins/fr.ac6.mcu.externaltools.arm-none.linux64_1.15.0.201708311556/tools/compiler/bin/../lib/gcc/arm-none-eabi/6.3.1/../../../../arm-none-eabi/lib/thumb/v7e-m/fpv4-sp/hard/libc_nano.a(lib_a-locale.o)
                                          0x2 (size before relaxing)
 .rodata._ctype_
                0x000000000800954a      0x101 /home/rinaik/.eclipse/org.eclipse.platform_155965261_linux_gtk_x86_64/plugins/fr.ac6.mcu.externaltools.arm-none.linux64_1.15.0.201708311556/tools/compiler/bin/../lib/gcc/arm-none-eabi/6.3.1/../../../../arm-none-eabi/lib/thumb/v7e-m/fpv4-sp/hard/libc_nano.a(lib_a-ctype_.o)
                0x000000000800954a                _ctype_
 .rodata.initialise_monitor_handles.str1.1
                0x000000000800964b        0x4 /home/rinaik/.eclipse/org.eclipse.platform_155965261_linux_gtk_x86_64/plugins/fr.ac6.mcu.externaltools.arm-none.linux64_1.15.0.201708311556/tools/compiler/bin/../lib/gcc/arm-none-eabi/6.3.1/../../../../arm-none-eabi/lib/thumb/v7e-m/fpv4-sp/hard/librdimon_nano.a(rdimon-syscalls.o)
 .rodata.L6470_ACT
                0x000000000800964f        0xa Startup/Drivers/BSP/Components/L6470/L6470.o
                0x000000000800964f                L6470_ACT
 .rodata.L6470_ApplicationCommand
                0x0000000008009659      0x10a Startup/Drivers/BSP/Components/L6470/L6470.o
                0x0000000008009659                L6470_ApplicationCommand
 .rodata.L6470_Direction
                0x0000000008009763       0x12 Startup/Drivers/BSP/Components/L6470/L6470.o
                0x0000000008009763                L6470_Direction
 *fill*         0x0000000008009775        0x3 
 .rodata.L6470_Register
                0x0000000008009778      0x1f4 Startup/Drivers/BSP/Components/L6470/L6470.o
                0x0000000008009778                L6470_Register
 .rodata.flagBitshiftOffset.10128
                0x000000000800996c        0x8 Startup/Drivers/STM32F4xx_HAL_Driver/Src/stm32f4xx_hal_dma.o
 .rodata.HAL_GPIO_Init.str1.1
                0x0000000008009974       0x41 Startup/Drivers/STM32F4xx_HAL_Driver/Src/stm32f4xx_hal_gpio.o
 .rodata.HAL_I2C_Init.str1.1