Archive member included to satisfy reference by file (symbol)

c:/ac6/systemworkbench/plugins/fr.ac6.mcu.externaltools.arm-none.win32_1.15.0.201708311556/tools/compiler/bin/../lib/gcc/arm-none-eabi/6.3.1/../../../../arm-none-eabi/lib/thumb/v7e-m/fpv4-sp/hard\libc_nano.a(lib_a-exit.o)
                              c:/ac6/systemworkbench/plugins/fr.ac6.mcu.externaltools.arm-none.win32_1.15.0.201708311556/tools/compiler/bin/../lib/gcc/arm-none-eabi/6.3.1/../../../../arm-none-eabi/lib/thumb/v7e-m/fpv4-sp/hard/rdimon-crt0.o (exit)
c:/ac6/systemworkbench/plugins/fr.ac6.mcu.externaltools.arm-none.win32_1.15.0.201708311556/tools/compiler/bin/../lib/gcc/arm-none-eabi/6.3.1/../../../../arm-none-eabi/lib/thumb/v7e-m/fpv4-sp/hard\libc_nano.a(lib_a-impure.o)
                              c:/ac6/systemworkbench/plugins/fr.ac6.mcu.externaltools.arm-none.win32_1.15.0.201708311556/tools/compiler/bin/../lib/gcc/arm-none-eabi/6.3.1/../../../../arm-none-eabi/lib/thumb/v7e-m/fpv4-sp/hard\libc_nano.a(lib_a-exit.o) (_global_impure_ptr)
c:/ac6/systemworkbench/plugins/fr.ac6.mcu.externaltools.arm-none.win32_1.15.0.201708311556/tools/compiler/bin/../lib/gcc/arm-none-eabi/6.3.1/../../../../arm-none-eabi/lib/thumb/v7e-m/fpv4-sp/hard\libc_nano.a(lib_a-init.o)
                              c:/ac6/systemworkbench/plugins/fr.ac6.mcu.externaltools.arm-none.win32_1.15.0.201708311556/tools/compiler/bin/../lib/gcc/arm-none-eabi/6.3.1/../../../../arm-none-eabi/lib/thumb/v7e-m/fpv4-sp/hard/rdimon-crt0.o (__libc_init_array)
c:/ac6/systemworkbench/plugins/fr.ac6.mcu.externaltools.arm-none.win32_1.15.0.201708311556/tools/compiler/bin/../lib/gcc/arm-none-eabi/6.3.1/../../../../arm-none-eabi/lib/thumb/v7e-m/fpv4-sp/hard\libc_nano.a(lib_a-memset.o)
                              c:/ac6/systemworkbench/plugins/fr.ac6.mcu.externaltools.arm-none.win32_1.15.0.201708311556/tools/compiler/bin/../lib/gcc/arm-none-eabi/6.3.1/../../../../arm-none-eabi/lib/thumb/v7e-m/fpv4-sp/hard/rdimon-crt0.o (memset)
c:/ac6/systemworkbench/plugins/fr.ac6.mcu.externaltools.arm-none.win32_1.15.0.201708311556/tools/compiler/bin/../lib/gcc/arm-none-eabi/6.3.1/../../../../arm-none-eabi/lib/thumb/v7e-m/fpv4-sp/hard\libc_nano.a(lib_a-nano-vfprintf_float.o)
                              (_printf_float)
c:/ac6/systemworkbench/plugins/fr.ac6.mcu.externaltools.arm-none.win32_1.15.0.201708311556/tools/compiler/bin/../lib/gcc/arm-none-eabi/6.3.1/../../../../arm-none-eabi/lib/thumb/v7e-m/fpv4-sp/hard\libc_nano.a(lib_a-nano-vfprintf_i.o)
                              c:/ac6/systemworkbench/plugins/fr.ac6.mcu.externaltools.arm-none.win32_1.15.0.201708311556/tools/compiler/bin/../lib/gcc/arm-none-eabi/6.3.1/../../../../arm-none-eabi/lib/thumb/v7e-m/fpv4-sp/hard\libc_nano.a(lib_a-nano-vfprintf_float.o) (_printf_common)
c:/ac6/systemworkbench/plugins/fr.ac6.mcu.externaltools.arm-none.win32_1.15.0.201708311556/tools/compiler/bin/../lib/gcc/arm-none-eabi/6.3.1/../../../../arm-none-eabi/lib/thumb/v7e-m/fpv4-sp/hard\libc_nano.a(lib_a-strlen.o)
                              c:/ac6/systemworkbench/plugins/fr.ac6.mcu.externaltools.arm-none.win32_1.15.0.201708311556/tools/compiler/bin/../lib/gcc/arm-none-eabi/6.3.1/../../../../arm-none-eabi/lib/thumb/v7e-m/fpv4-sp/hard\libc_nano.a(lib_a-nano-vfprintf_float.o) (strlen)
c:/ac6/systemworkbench/plugins/fr.ac6.mcu.externaltools.arm-none.win32_1.15.0.201708311556/tools/compiler/bin/../lib/gcc/arm-none-eabi/6.3.1/../../../../arm-none-eabi/lib/thumb/v7e-m/fpv4-sp/hard\libc_nano.a(lib_a-dtoa.o)
                              c:/ac6/systemworkbench/plugins/fr.ac6.mcu.externaltools.arm-none.win32_1.15.0.201708311556/tools/compiler/bin/../lib/gcc/arm-none-eabi/6.3.1/../../../../arm-none-eabi/lib/thumb/v7e-m/fpv4-sp/hard\libc_nano.a(lib_a-nano-vfprintf_float.o) (_dtoa_r)
c:/ac6/systemworkbench/plugins/fr.ac6.mcu.externaltools.arm-none.win32_1.15.0.201708311556/tools/compiler/bin/../lib/gcc/arm-none-eabi/6.3.1/../../../../arm-none-eabi/lib/thumb/v7e-m/fpv4-sp/hard\libc_nano.a(lib_a-localeconv.o)
                              c:/ac6/systemworkbench/plugins/fr.ac6.mcu.externaltools.arm-none.win32_1.15.0.201708311556/tools/compiler/bin/../lib/gcc/arm-none-eabi/6.3.1/../../../../arm-none-eabi/lib/thumb/v7e-m/fpv4-sp/hard\libc_nano.a(lib_a-nano-vfprintf_float.o) (_localeconv_r)
c:/ac6/systemworkbench/plugins/fr.ac6.mcu.externaltools.arm-none.win32_1.15.0.201708311556/tools/compiler/bin/../lib/gcc/arm-none-eabi/6.3.1/../../../../arm-none-eabi/lib/thumb/v7e-m/fpv4-sp/hard\libc_nano.a(lib_a-malloc.o)
                              c:/ac6/systemworkbench/plugins/fr.ac6.mcu.externaltools.arm-none.win32_1.15.0.201708311556/tools/compiler/bin/../lib/gcc/arm-none-eabi/6.3.1/../../../../arm-none-eabi/lib/thumb/v7e-m/fpv4-sp/hard\libc_nano.a(lib_a-dtoa.o) (malloc)
[...]
Memory Configuration

Name             Origin             Length             Attributes
RAM              0x20000000         0x00030000         xrw
CCMRAM           0x10000000         0x00010000         rw
FLASH            0x08000000         0x00200000         xrw
*default*        0x00000000         0xffffffff

Linker script and memory map

LOAD c:/ac6/systemworkbench/plugins/fr.ac6.mcu.externaltools.arm-none.win32_1.15.0.201708311556/tools/compiler/bin/../lib/gcc/arm-none-eabi/6.3.1/thumb/v7e-m/fpv4-sp/hard/crti.o
LOAD c:/ac6/systemworkbench/plugins/fr.ac6.mcu.externaltools.arm-none.win32_1.15.0.201708311556/tools/compiler/bin/../lib/gcc/arm-none-eabi/6.3.1/thumb/v7e-m/fpv4-sp/hard/crtbegin.o
LOAD c:/ac6/systemworkbench/plugins/fr.ac6.mcu.externaltools.arm-none.win32_1.15.0.201708311556/tools/compiler/bin/../lib/gcc/arm-none-eabi/6.3.1/../../../../arm-none-eabi/lib/thumb/v7e-m/fpv4-sp/hard/rdimon-crt0.o
LOAD c:/ac6/systemworkbench/plugins/fr.ac6.mcu.externaltools.arm-none.win32_1.15.0.201708311556/tools/compiler/bin/../lib/gcc/arm-none-eabi/6.3.1/../../../../arm-none-eabi/lib/thumb/v7e-m/fpv4-sp/hard\libc_nano.a
LOAD c:/ac6/systemworkbench/plugins/fr.ac6.mcu.externaltools.arm-none.win32_1.15.0.201708311556/tools/compiler/bin/../lib/gcc/arm-none-eabi/6.3.1/../../../../arm-none-eabi/lib/thumb/v7e-m/fpv4-sp/hard\librdimon_nano.a
LOAD c:/ac6/systemworkbench/plugins/fr.ac6.mcu.externaltools.arm-none.win32_1.15.0.201708311556/tools/compiler/bin/../lib/gcc/arm-none-eabi/6.3.1/../../../../arm-none-eabi/lib/thumb/v7e-m/fpv4-sp/hard\libm.a
LOAD Startup\Drivers\BSP\Components\L6470\L6470.o
LOAD Startup\Drivers\BSP\Components\ili9341\ili9341.o
LOAD Startup\Drivers\BSP\Components\stmpe811\stmpe811.o
LOAD Startup\Drivers\BSP\STM32F429I-Discovery\stm32f429i_discovery.o
LOAD Startup\Drivers\BSP\STM32F429I-Discovery\stm32f429i_discovery_io.o
LOAD Startup\Drivers\BSP\STM32F429I-Discovery\stm32f429i_discovery_lcd.o
LOAD Startup\Drivers\BSP\STM32F429I-Discovery\stm32f429i_discovery_sdram.o
LOAD Startup\Drivers\BSP\STM32F429I-Discovery\stm32f429i_discovery_ts.o
LOAD Startup\Drivers\STM32F4xx_HAL_Driver\Src\stm32f4xx_hal.o
LOAD Startup\Drivers\STM32F4xx_HAL_Driver\Src\stm32f4xx_hal_cortex.o
LOAD Startup\Drivers\STM32F4xx_HAL_Driver\Src\stm32f4xx_hal_dma.o
LOAD Startup\Drivers\STM32F4xx_HAL_Driver\Src\stm32f4xx_hal_dma2d.o
LOAD Startup\Drivers\STM32F4xx_HAL_Driver\Src\stm32f4xx_hal_dma_ex.o
LOAD Startup\Drivers\STM32F4xx_HAL_Driver\Src\stm32f4xx_hal_dsi.o
LOAD Startup\Drivers\STM32F4xx_HAL_Driver\Src\stm32f4xx_hal_flash.o
LOAD Startup\Drivers\STM32F4xx_HAL_Driver\Src\stm32f4xx_hal_flash_ex.o
LOAD Startup\Drivers\STM32F4xx_HAL_Driver\Src\stm32f4xx_hal_flash_ramfunc.o
LOAD Startup\Drivers\STM32F4xx_HAL_Driver\Src\stm32f4xx_hal_gpio.o
LOAD Startup\Drivers\STM32F4xx_HAL_Driver\Src\stm32f4xx_hal_hcd.o
LOAD Startup\Drivers\STM32F4xx_HAL_Driver\Src\stm32f4xx_hal_i2c.o
LOAD Startup\Drivers\STM32F4xx_HAL_Driver\Src\stm32f4xx_hal_i2c_ex.o
LOAD Startup\Drivers\STM32F4xx_HAL_Driver\Src\stm32f4xx_hal_ltdc.o
LOAD Startup\Drivers\STM32F4xx_HAL_Driver\Src\stm32f4xx_hal_ltdc_ex.o
LOAD Startup\Drivers\STM32F4xx_HAL_Driver\Src\stm32f4xx_hal_pwr.o
LOAD Startup\Drivers\STM32F4xx_HAL_Driver\Src\stm32f4xx_hal_pwr_ex.o
LOAD Startup\Drivers\STM32F4xx_HAL_Driver\Src\stm32f4xx_hal_rcc.o
LOAD Startup\Drivers\STM32F4xx_HAL_Driver\Src\stm32f4xx_hal_rcc_ex.o
LOAD Startup\Drivers\STM32F4xx_HAL_Driver\Src\stm32f4xx_hal_sdram.o
LOAD Startup\Drivers\STM32F4xx_HAL_Driver\Src\stm32f4xx_hal_spi.o
LOAD Startup\Drivers\STM32F4xx_HAL_Driver\Src\stm32f4xx_hal_tim.o
LOAD Startup\Drivers\STM32F4xx_HAL_Driver\Src\stm32f4xx_hal_tim_ex.o
LOAD Startup\Drivers\STM32F4xx_HAL_Driver\Src\stm32f4xx_hal_uart.o
LOAD Startup\Drivers\STM32F4xx_HAL_Driver\Src\stm32f4xx_ll_fmc.o
LOAD Startup\Drivers\STM32F4xx_HAL_Driver\Src\stm32f4xx_ll_usb.o
LOAD Startup\Middlewares\Third_Party\FreeRTOS\Source\CMSIS_RTOS\cmsis_os.o
LOAD Startup\Middlewares\Third_Party\FreeRTOS\Source\croutine.o
LOAD Startup\Middlewares\Third_Party\FreeRTOS\Source\event_groups.o
LOAD Startup\Middlewares\Third_Party\FreeRTOS\Source\list.o
LOAD Startup\Middlewares\Third_Party\FreeRTOS\Source\portable\GCC\ARM_CM4F\port.o
LOAD Startup\Middlewares\Third_Party\FreeRTOS\Source\portable\MemMang\heap_4.o
LOAD Startup\Middlewares\Third_Party\FreeRTOS\Source\queue.o
LOAD Startup\Middlewares\Third_Party\FreeRTOS\Source\tasks.o
LOAD Startup\Middlewares\Third_Party\FreeRTOS\Source\timers.o
LOAD Startup\Src\freertos.o
LOAD Startup\Src\gui.o
LOAD Startup\Src\main.o
LOAD Startup\Src\startup_stm32f429xx.o
LOAD Startup\Src\stm32f4xx_it.o
LOAD Startup\Src\system_stm32f4xx.o
LOAD Startup\Src\ugui.o
START GROUP
LOAD c:/ac6/systemworkbench/plugins/fr.ac6.mcu.externaltools.arm-none.win32_1.15.0.201708311556/tools/compiler/bin/../lib/gcc/arm-none-eabi/6.3.1/thumb/v7e-m/fpv4-sp/hard\libgcc.a
LOAD c:/ac6/systemworkbench/plugins/fr.ac6.mcu.externaltools.arm-none.win32_1.15.0.201708311556/tools/compiler/bin/../lib/gcc/arm-none-eabi/6.3.1/../../../../arm-none-eabi/lib/thumb/v7e-m/fpv4-sp/hard\libc_nano.a
END GROUP
START GROUP
LOAD c:/ac6/systemworkbench/plugins/fr.ac6.mcu.externaltools.arm-none.win32_1.15.0.201708311556/tools/compiler/bin/../lib/gcc/arm-none-eabi/6.3.1/thumb/v7e-m/fpv4-sp/hard\libgcc.a
LOAD c:/ac6/systemworkbench/plugins/fr.ac6.mcu.externaltools.arm-none.win32_1.15.0.201708311556/tools/compiler/bin/../lib/gcc/arm-none-eabi/6.3.1/../../../../arm-none-eabi/lib/thumb/v7e-m/fpv4-sp/hard\libc_nano.a
LOAD c:/ac6/systemworkbench/plugins/fr.ac6.mcu.externaltools.arm-none.win32_1.15.0.201708311556/tools/compiler/bin/../lib/gcc/arm-none-eabi/6.3.1/../../../../arm-none-eabi/lib/thumb/v7e-m/fpv4-sp/hard\librdimon_nano.a
END GROUP
START GROUP
LOAD c:/ac6/systemworkbench/plugins/fr.ac6.mcu.externaltools.arm-none.win32_1.15.0.201708311556/tools/compiler/bin/../lib/gcc/arm-none-eabi/6.3.1/thumb/v7e-m/fpv4-sp/hard\libgcc.a
LOAD c:/ac6/systemworkbench/plugins/fr.ac6.mcu.externaltools.arm-none.win32_1.15.0.201708311556/tools/compiler/bin/../lib/gcc/arm-none-eabi/6.3.1/../../../../arm-none-eabi/lib/thumb/v7e-m/fpv4-sp/hard\libc_nano.a
LOAD c:/ac6/systemworkbench/plugins/fr.ac6.mcu.externaltools.arm-none.win32_1.15.0.201708311556/tools/compiler/bin/../lib/gcc/arm-none-eabi/6.3.1/../../../../arm-none-eabi/lib/thumb/v7e-m/fpv4-sp/hard\librdimon_nano.a
END GROUP
LOAD c:/ac6/systemworkbench/plugins/fr.ac6.mcu.externaltools.arm-none.win32_1.15.0.201708311556/tools/compiler/bin/../lib/gcc/arm-none-eabi/6.3.1/thumb/v7e-m/fpv4-sp/hard/crtend.o
LOAD c:/ac6/systemworkbench/plugins/fr.ac6.mcu.externaltools.arm-none.win32_1.15.0.201708311556/tools/compiler/bin/../lib/gcc/arm-none-eabi/6.3.1/thumb/v7e-m/fpv4-sp/hard/crtn.o
                0x20030000                _estack = 0x20030000
                0x00000200                _Min_Heap_Size = 0x200
                0x00000400                _Min_Stack_Size = 0x400

.isr_vector     0x08000000      0x1ac
                0x08000000                . = ALIGN (0x4)
 *(.isr_vector)
 .isr_vector    0x08000000      0x1ac Startup\Src\startup_stm32f429xx.o
                0x08000000                g_pfnVectors
                0x080001ac                . = ALIGN (0x4)

.text           0x080001b0     0xa190
                0x080001b0                . = ALIGN (0x4)
 *(.text)
 .text          0x080001b0       0x6c c:/ac6/systemworkbench/plugins/fr.ac6.mcu.externaltools.arm-none.win32_1.15.0.201708311556/tools/compiler/bin/../lib/gcc/arm-none-eabi/6.3.1/thumb/v7e-m/fpv4-sp/hard/crtbegin.o
 .text          0x0800021c       0x10 c:/ac6/systemworkbench/plugins/fr.ac6.mcu.externaltools.arm-none.win32_1.15.0.201708311556/tools/compiler/bin/../lib/gcc/arm-none-eabi/6.3.1/../../../../arm-none-eabi/lib/thumb/v7e-m/fpv4-sp/hard\libc_nano.a(lib_a-strlen.o)
                0x0800021c                strlen
 *fill*         0x0800022c        0x4 
 .text          0x08000230       0xa0 c:/ac6/systemworkbench/plugins/fr.ac6.mcu.externaltools.arm-none.win32_1.15.0.201708311556/tools/compiler/bin/../lib/gcc/arm-none-eabi/6.3.1/../../../../arm-none-eabi/lib/thumb/v7e-m/fpv4-sp/hard\libc_nano.a(lib_a-memchr.o)
                0x08000230                memchr
 .text          0x080002d0      0x370 c:/ac6/systemworkbench/plugins/fr.ac6.mcu.externaltools.arm-none.win32_1.15.0.201708311556/tools/compiler/bin/../lib/gcc/arm-none-eabi/6.3.1/thumb/v7e-m/fpv4-sp/hard\libgcc.a(_arm_addsubdf3.o)
                0x080002d0                __aeabi_drsub
                0x080002d8                __aeabi_dsub
                0x080002d8                __subdf3
                0x080002dc                __aeabi_dadd
                0x080002dc                __adddf3
                0x08000554                __floatunsidf
                0x08000554                __aeabi_ui2d
                0x08000574                __floatsidf
                0x08000574                __aeabi_i2d
                0x08000598                __aeabi_f2d
                0x08000598                __extendsfdf2
                0x080005d4                __floatundidf
                0x080005d4                __aeabi_ul2d
                0x080005e4                __floatdidf
                0x080005e4                __aeabi_l2d
 .text          0x08000640      0x424 c:/ac6/systemworkbench/plugins/fr.ac6.mcu.externaltools.arm-none.win32_1.15.0.201708311556/tools/compiler/bin/../lib/gcc/arm-none-eabi/6.3.1/thumb/v7e-m/fpv4-sp/hard\libgcc.a(_arm_muldivdf3.o)
                0x08000640                __aeabi_dmul
                0x08000640                __muldf3
                0x08000894                __divdf3
                0x08000894                __aeabi_ddiv
 .text          0x08000a64      0x110 c:/ac6/systemworkbench/plugins/fr.ac6.mcu.externaltools.arm-none.win32_1.15.0.201708311556/tools/compiler/bin/../lib/gcc/arm-none-eabi/6.3.1/thumb/v7e-m/fpv4-sp/hard\libgcc.a(_arm_cmpdf2.o)
                0x08000a64                __gtdf2
                0x08000a64                __gedf2
                0x08000a6c                __ltdf2
                0x08000a6c                __ledf2
                0x08000a74                __nedf2
                0x08000a74                __eqdf2
                0x08000a74                __cmpdf2
                0x08000af0                __aeabi_cdrcmple
                0x08000b00                __aeabi_cdcmpeq
                0x08000b00                __aeabi_cdcmple
                0x08000b10                __aeabi_dcmpeq
                0x08000b24                __aeabi_dcmplt
                0x08000b38                __aeabi_dcmple
                0x08000b4c                __aeabi_dcmpge
                0x08000b60                __aeabi_dcmpgt
 .text          0x08000b74       0x2c c:/ac6/systemworkbench/plugins/fr.ac6.mcu.externaltools.arm-none.win32_1.15.0.201708311556/tools/compiler/bin/../lib/gcc/arm-none-eabi/6.3.1/thumb/v7e-m/fpv4-sp/hard\libgcc.a(_arm_unorddf2.o)
                0x08000b74                __unorddf2
                0x08000b74                __aeabi_dcmpun
 .text          0x08000ba0       0x50 c:/ac6/systemworkbench/plugins/fr.ac6.mcu.externaltools.arm-none.win32_1.15.0.201708311556/tools/compiler/bin/../lib/gcc/arm-none-eabi/6.3.1/thumb/v7e-m/fpv4-sp/hard\libgcc.a(_arm_fixdfsi.o)
                0x08000ba0                __aeabi_d2iz
                0x08000ba0                __fixdfsi
 *(.text*)
 .text.__libc_init_array
                0x08000bf0       0x48 c:/ac6/systemworkbench/plugins/fr.ac6.mcu.externaltools.arm-none.win32_1.15.0.201708311556/tools/compiler/bin/../lib/gcc/arm-none-eabi/6.3.1/../../../../arm-none-eabi/lib/thumb/v7e-m/fpv4-sp/hard\libc_nano.a(lib_a-init.o)
                0x08000bf0                __libc_init_array
 .text.memset   0x08000c38       0x10 c:/ac6/systemworkbench/plugins/fr.ac6.mcu.externaltools.arm-none.win32_1.15.0.201708311556/tools/compiler/bin/../lib/gcc/arm-none-eabi/6.3.1/../../../../arm-none-eabi/lib/thumb/v7e-m/fpv4-sp/hard\libc_nano.a(lib_a-memset.o)
                0x08000c38                memset
 .text.__cvt    0x08000c48       0xc2 c:/ac6/systemworkbench/plugins/fr.ac6.mcu.externaltools.arm-none.win32_1.15.0.201708311556/tools/compiler/bin/../lib/gcc/arm-none-eabi/6.3.1/../../../../arm-none-eabi/lib/thumb/v7e-m/fpv4-sp/hard\libc_nano.a(lib_a-nano-vfprintf_float.o)
                0x08000c48                __cvt
 .text.__exponent
                0x08000d0a       0x6a c:/ac6/systemworkbench/plugins/fr.ac6.mcu.externaltools.arm-none.win32_1.15.0.201708311556/tools/compiler/bin/../lib/gcc/arm-none-eabi/6.3.1/../../../../arm-none-eabi/lib/thumb/v7e-m/fpv4-sp/hard\libc_nano.a(lib_a-nano-vfprintf_float.o)
                0x08000d0a                __exponent
 .text._printf_float
                0x08000d74      0x480 c:/ac6/systemworkbench/plugins/fr.ac6.mcu.externaltools.arm-none.win32_1.15.0.201708311556/tools/compiler/bin/../lib/gcc/arm-none-eabi/6.3.1/../../../../arm-none-eabi/lib/thumb/v7e-m/fpv4-sp/hard\libc_nano.a(lib_a-nano-vfprintf_float.o)
                0x08000d74                _printf_float
 .text._printf_common
                0x080011f4       0xec c:/ac6/systemworkbench/plugins/fr.ac6.mcu.externaltools.arm-none.win32_1.15.0.201708311556/tools/compiler/bin/../lib/gcc/arm-none-eabi/6.3.1/../../../../arm-none-eabi/lib/thumb/v7e-m/fpv4-sp/hard\libc_nano.a(lib_a-nano-vfprintf_i.o)
                0x080011f4                _printf_common
 .text._printf_i
                0x080012e0      0x240 c:/ac6/systemworkbench/plugins/fr.ac6.mcu.externaltools.arm-none.win32_1.15.0.201708311556/tools/compiler/bin/../lib/gcc/arm-none-eabi/6.3.1/../../../../arm-none-eabi/lib/thumb/v7e-m/fpv4-sp/hard\libc_nano.a(lib_a-nano-vfprintf_i.o)
                0x080012e0                _printf_i
 .text.quorem   0x08001520      0x118 c:/ac6/systemworkbench/plugins/fr.ac6.mcu.externaltools.arm-none.win32_1.15.0.201708311556/tools/compiler/bin/../lib/gcc/arm-none-eabi/6.3.1/../../../../arm-none-eabi/lib/thumb/v7e-m/fpv4-sp/hard\libc_nano.a(lib_a-dtoa.o)
 .text._dtoa_r  0x08001638      0xb9c c:/ac6/systemworkbench/plugins/fr.ac6.mcu.externaltools.arm-none.win32_1.15.0.201708311556/tools/compiler/bin/../lib/gcc/arm-none-eabi/6.3.1/../../../../arm-none-eabi/lib/thumb/v7e-m/fpv4-sp/hard\libc_nano.a(lib_a-dtoa.o)
                0x08001638                _dtoa_r
 .text._localeconv_r
                0x080021d4       0x1c c:/ac6/systemworkbench/plugins/fr.ac6.mcu.externaltools.arm-none.win32_1.15.0.201708311556/tools/compiler/bin/../lib/gcc/arm-none-eabi/6.3.1/../../../../arm-none-eabi/lib/thumb/v7e-m/fpv4-sp/hard\libc_nano.a(lib_a-localeconv.o)
                0x080021d4                _localeconv_r
 .text.malloc   0x080021f0       0x10 c:/ac6/systemworkbench/plugins/fr.ac6.mcu.externaltools.arm-none.win32_1.15.0.201708311556/tools/compiler/bin/../lib/gcc/arm-none-eabi/6.3.1/../../../../arm-none-eabi/lib/thumb/v7e-m/fpv4-sp/hard\libc_nano.a(lib_a-malloc.o)
                0x080021f0                malloc
 .text.memcpy   0x08002200       0x16 c:/ac6/systemworkbench/plugins/fr.ac6.mcu.externaltools.arm-none.win32_1.15.0.201708311556/tools/compiler/bin/../lib/gcc/arm-none-eabi/6.3.1/../../../../arm-none-eabi/lib/thumb/v7e-m/fpv4-sp/hard\libc_nano.a(lib_a-memcpy-stub.o)
                0x08002200                memcpy
 .text._Balloc  0x08002216       0x68 c:/ac6/systemworkbench/plugins/fr.ac6.mcu.externaltools.arm-none.win32_1.15.0.201708311556/tools/compiler/bin/../lib/gcc/arm-none-eabi/6.3.1/../../../../arm-none-eabi/lib/thumb/v7e-m/fpv4-sp/hard\libc_nano.a(lib_a-mprec.o)
                0x08002216                _Balloc
 .text._Bfree   0x0800227e       0x2e c:/ac6/systemworkbench/plugins/fr.ac6.mcu.externaltools.arm-none.win32_1.15.0.201708311556/tools/compiler/bin/../lib/gcc/arm-none-eabi/6.3.1/../../../../arm-none-eabi/lib/thumb/v7e-m/fpv4-sp/hard\libc_nano.a(lib_a-mprec.o)
                0x0800227e                _Bfree
 .text.__multadd
                0x080022ac       0x76 c:/ac6/systemworkbench/plugins/fr.ac6.mcu.externaltools.arm-none.win32_1.15.0.201708311556/tools/compiler/bin/../lib/gcc/arm-none-eabi/6.3.1/../../../../arm-none-eabi/lib/thumb/v7e-m/fpv4-sp/hard\libc_nano.a(lib_a-mprec.o)
                0x080022ac                __multadd
 .text.__hi0bits
                0x08002322       0x3e c:/ac6/systemworkbench/plugins/fr.ac6.mcu.externaltools.arm-none.win32_1.15.0.201708311556/tools/compiler/bin/../lib/gcc/arm-none-eabi/6.3.1/../../../../arm-none-eabi/lib/thumb/v7e-m/fpv4-sp/hard\libc_nano.a(lib_a-mprec.o)
                0x08002322                __hi0bits
 .text.__lo0bits
                0x08002360       0x5e c:/ac6/systemworkbench/plugins/fr.ac6.mcu.externaltools.arm-none.win32_1.15.0.201708311556/tools/compiler/bin/../lib/gcc/arm-none-eabi/6.3.1/../../../../arm-none-eabi/lib/thumb/v7e-m/fpv4-sp/hard\libc_nano.a(lib_a-mprec.o)
                0x08002360                __lo0bits
 .text.__i2b    0x080023be       0x12 c:/ac6/systemworkbench/plugins/fr.ac6.mcu.externaltools.arm-none.win32_1.15.0.201708311556/tools/compiler/bin/../lib/gcc/arm-none-eabi/6.3.1/../../../../arm-none-eabi/lib/thumb/v7e-m/fpv4-sp/hard\libc_nano.a(lib_a-mprec.o)
                0x080023be                __i2b
 .text.__multiply
                0x080023d0      0x11a c:/ac6/systemworkbench/plugins/fr.ac6.mcu.externaltools.arm-none.win32_1.15.0.201708311556/tools/compiler/bin/../lib/gcc/arm-none-eabi/6.3.1/../../../../arm-none-eabi/lib/thumb/v7e-m/fpv4-sp/hard\libc_nano.a(lib_a-mprec.o)
                0x080023d0                __multiply
 *fill*         0x080024ea        0x2 
 .text.__pow5mult
                0x080024ec       0x9c c:/ac6/systemworkbench/plugins/fr.ac6.mcu.externaltools.arm-none.win32_1.15.0.201708311556/tools/compiler/bin/../lib/gcc/arm-none-eabi/6.3.1/../../../../arm-none-eabi/lib/thumb/v7e-m/fpv4-sp/hard\libc_nano.a(lib_a-mprec.o)
                0x080024ec                __pow5mult
 .text.__lshift
                0x08002588       0xa2 c:/ac6/systemworkbench/plugins/fr.ac6.mcu.externaltools.arm-none.win32_1.15.0.201708311556/tools/compiler/bin/../lib/gcc/arm-none-eabi/6.3.1/../../../../arm-none-eabi/lib/thumb/v7e-m/fpv4-sp/hard\libc_nano.a(lib_a-mprec.o)
                0x08002588                __lshift
 .text.__mcmp   0x0800262a       0x34 c:/ac6/systemworkbench/plugins/fr.ac6.mcu.externaltools.arm-none.win32_1.15.0.201708311556/tools/compiler/bin/../lib/gcc/arm-none-eabi/6.3.1/../../../../arm-none-eabi/lib/thumb/v7e-m/fpv4-sp/hard\libc_nano.a(lib_a-mprec.o)
                0x0800262a                __mcmp
 .text.__mdiff  0x0800265e       0xbc c:/ac6/systemworkbench/plugins/fr.ac6.mcu.externaltools.arm-none.win32_1.15.0.201708311556/tools/compiler/bin/../lib/gcc/arm-none-eabi/6.3.1/../../../../arm-none-eabi/lib/thumb/v7e-m/fpv4-sp/hard\libc_nano.a(lib_a-mprec.o)
                0x0800265e                __mdiff
 .text.__d2b    0x0800271a       0x9e c:/ac6/systemworkbench/plugins/fr.ac6.mcu.externaltools.arm-none.win32_1.15.0.201708311556/tools/compiler/bin/../lib/gcc/arm-none-eabi/6.3.1/../../../../arm-none-eabi/lib/thumb/v7e-m/fpv4-sp/hard\libc_nano.a(lib_a-mprec.o)
                0x0800271a                __d2b
 .text._calloc_r
                0x080027b8       0x1c c:/ac6/systemworkbench/plugins/fr.ac6.mcu.externaltools.arm-none.win32_1.15.0.201708311556/tools/compiler/bin/../lib/gcc/arm-none-eabi/6.3.1/../../../../arm-none-eabi/lib/thumb/v7e-m/fpv4-sp/hard\libc_nano.a(lib_a-nano-callocr.o)
                0x080027b8                _calloc_r
 .text._free_r  0x080027d4       0x9c c:/ac6/systemworkbench/plugins/fr.ac6.mcu.externaltools.arm-none.win32_1.15.0.201708311556/tools/compiler/bin/../lib/gcc/arm-none-eabi/6.3.1/../../../../arm-none-eabi/lib/thumb/v7e-m/fpv4-sp/hard\libc_nano.a(lib_a-nano-freer.o)
                0x080027d4                _free_r
 .text._malloc_r
                0x08002870       0xbc c:/ac6/systemworkbench/plugins/fr.ac6.mcu.externaltools.arm-none.win32_1.15.0.201708311556/tools/compiler/bin/../lib/gcc/arm-none-eabi/6.3.1/../../../../arm-none-eabi/lib/thumb/v7e-m/fpv4-sp/hard\libc_nano.a(lib_a-nano-mallocr.o)
                0x08002870                _malloc_r
 .text._sbrk_r  0x0800292c       0x20 c:/ac6/systemworkbench/plugins/fr.ac6.mcu.externaltools.arm-none.win32_1.15.0.201708311556/tools/compiler/bin/../lib/gcc/arm-none-eabi/6.3.1/../../../../arm-none-eabi/lib/thumb/v7e-m/fpv4-sp/hard\libc_nano.a(lib_a-sbrkr.o)
                0x0800292c                _sbrk_r
 .text.__ascii_mbtowc
                0x0800294c       0x24 c:/ac6/systemworkbench/plugins/fr.ac6.mcu.externaltools.arm-none.win32_1.15.0.201708311556/tools/compiler/bin/../lib/gcc/arm-none-eabi/6.3.1/../../../../arm-none-eabi/lib/thumb/v7e-m/fpv4-sp/hard\libc_nano.a(lib_a-mbtowc_r.o)
                0x0800294c                __ascii_mbtowc
 .text.__malloc_lock
                0x08002970        0x2 c:/ac6/systemworkbench/plugins/fr.ac6.mcu.externaltools.arm-none.win32_1.15.0.201708311556/tools/compiler/bin/../lib/gcc/arm-none-eabi/6.3.1/../../../../arm-none-eabi/lib/thumb/v7e-m/fpv4-sp/hard\libc_nano.a(lib_a-mlock.o)
                0x08002970                __malloc_lock
 .text.__malloc_unlock
                0x08002972        0x2 c:/ac6/systemworkbench/plugins/fr.ac6.mcu.externaltools.arm-none.win32_1.15.0.201708311556/tools/compiler/bin/../lib/gcc/arm-none-eabi/6.3.1/../../../../arm-none-eabi/lib/thumb/v7e-m/fpv4-sp/hard\libc_nano.a(lib_a-mlock.o)
                0x08002972                __malloc_unlock
 .text.__ascii_wctomb
                0x08002974       0x1a c:/ac6/systemworkbench/plugins/fr.ac6.mcu.externaltools.arm-none.win32_1.15.0.201708311556/tools/compiler/bin/../lib/gcc/arm-none-eabi/6.3.1/../../../../arm-none-eabi/lib/thumb/v7e-m/fpv4-sp/hard\libc_nano.a(lib_a-wctomb_r.o)
                0x08002974                __ascii_wctomb
 *fill*         0x0800298e        0x2 
 .text.findslot
                0x08002990       0x34 c:/ac6/systemworkbench/plugins/fr.ac6.mcu.externaltools.arm-none.win32_1.15.0.201708311556/tools/compiler/bin/../lib/gcc/arm-none-eabi/6.3.1/../../../../arm-none-eabi/lib/thumb/v7e-m/fpv4-sp/hard\librdimon_nano.a(rdimon-syscalls.o)
 .text.checkerror
                0x080029c4       0x20 c:/ac6/systemworkbench/plugins/fr.ac6.mcu.externaltools.arm-none.win32_1.15.0.201708311556/tools/compiler/bin/../lib/gcc/arm-none-eabi/6.3.1/../../../../arm-none-eabi/lib/thumb/v7e-m/fpv4-sp/hard\librdimon_nano.a(rdimon-syscalls.o)
 .text.error    0x080029e4       0x1c c:/ac6/systemworkbench/plugins/fr.ac6.mcu.externaltools.arm-none.win32_1.15.0.201708311556/tools/compiler/bin/../lib/gcc/arm-none-eabi/6.3.1/../../../../arm-none-eabi/lib/thumb/v7e-m/fpv4-sp/hard\librdimon_nano.a(rdimon-syscalls.o)
 .text._swiread
                0x08002a00       0x20 c:/ac6/systemworkbench/plugins/fr.ac6.mcu.externaltools.arm-none.win32_1.15.0.201708311556/tools/compiler/bin/../lib/gcc/arm-none-eabi/6.3.1/../../../../arm-none-eabi/lib/thumb/v7e-m/fpv4-sp/hard\librdimon_nano.a(rdimon-syscalls.o)
                0x08002a00                _swiread
 .text._read    0x08002a20       0x34 c:/ac6/systemworkbench/plugins/fr.ac6.mcu.externaltools.arm-none.win32_1.15.0.201708311556/tools/compiler/bin/../lib/gcc/arm-none-eabi/6.3.1/../../../../arm-none-eabi/lib/thumb/v7e-m/fpv4-sp/hard\librdimon_nano.a(rdimon-syscalls.o)
                0x08002a20                _read
 .text._swilseek
                0x08002a54       0x7a c:/ac6/systemworkbench/plugins/fr.ac6.mcu.externaltools.arm-none.win32_1.15.0.201708311556/tools/compiler/bin/../lib/gcc/arm-none-eabi/6.3.1/../../../../arm-none-eabi/lib/thumb/v7e-m/fpv4-sp/hard\librdimon_nano.a(rdimon-syscalls.o)
                0x08002a54                _swilseek
 .text._lseek   0x08002ace        0x4 c:/ac6/systemworkbench/plugins/fr.ac6.mcu.externaltools.arm-none.win32_1.15.0.201708311556/tools/compiler/bin/../lib/gcc/arm-none-eabi/6.3.1/../../../../arm-none-eabi/lib/thumb/v7e-m/fpv4-sp/hard\librdimon_nano.a(rdimon-syscalls.o)
                0x08002ace                _lseek
 .text._swiwrite
                0x08002ad2       0x20 c:/ac6/systemworkbench/plugins/fr.ac6.mcu.externaltools.arm-none.win32_1.15.0.201708311556/tools/compiler/bin/../lib/gcc/arm-none-eabi/6.3.1/../../../../arm-none-eabi/lib/thumb/v7e-m/fpv4-sp/hard\librdimon_nano.a(rdimon-syscalls.o)
                0x08002ad2                _swiwrite
 .text._write   0x08002af2       0x40 c:/ac6/systemworkbench/plugins/fr.ac6.mcu.externaltools.arm-none.win32_1.15.0.201708311556/tools/compiler/bin/../lib/gcc/arm-none-eabi/6.3.1/../../../../arm-none-eabi/lib/thumb/v7e-m/fpv4-sp/hard\librdimon_nano.a(rdimon-syscalls.o)
                0x08002af2                _write
 .text._swiclose
                0x08002b32       0x1c c:/ac6/systemworkbench/plugins/fr.ac6.mcu.externaltools.arm-none.win32_1.15.0.201708311556/tools/compiler/bin/../lib/gcc/arm-none-eabi/6.3.1/../../../../arm-none-eabi/lib/thumb/v7e-m/fpv4-sp/hard\librdimon_nano.a(rdimon-syscalls.o)
                0x08002b32                _swiclose
 *fill*         0x08002b4e        0x2 
 .text._close   0x08002b50       0x48 c:/ac6/systemworkbench/plugins/fr.ac6.mcu.externaltools.arm-none.win32_1.15.0.201708311556/tools/compiler/bin/../lib/gcc/arm-none-eabi/6.3.1/../../../../arm-none-eabi/lib/thumb/v7e-m/fpv4-sp/hard\librdimon_nano.a(rdimon-syscalls.o)
                0x08002b50                _close
 .text._sbrk    0x08002b98       0x48 c:/ac6/systemworkbench/plugins/fr.ac6.mcu.externaltools.arm-none.win32_1.15.0.201708311556/tools/compiler/bin/../lib/gcc/arm-none-eabi/6.3.1/../../../../arm-none-eabi/lib/thumb/v7e-m/fpv4-sp/hard\librdimon_nano.a(rdimon-syscalls.o)
                0x08002b98                _sbrk
 .text._swistat
                0x08002be0       0x42 c:/ac6/systemworkbench/plugins/fr.ac6.mcu.externaltools.arm-none.win32_1.15.0.201708311556/tools/compiler/bin/../lib/gcc/arm-none-eabi/6.3.1/../../../../arm-none-eabi/lib/thumb/v7e-m/fpv4-sp/hard\librdimon_nano.a(rdimon-syscalls.o)
                0x08002be0                _swistat
 .text._fstat   0x08002c22       0x1c c:/ac6/systemworkbench/plugins/fr.ac6.mcu.externaltools.arm-none.win32_1.15.0.201708311556/tools/compiler/bin/../lib/gcc/arm-none-eabi/6.3.1/../../../../arm-none-eabi/lib/thumb/v7e-m/fpv4-sp/hard\librdimon_nano.a(rdimon-syscalls.o)
                0x08002c22                _fstat
 .text._isatty  0x08002c3e       0x38 c:/ac6/systemworkbench/plugins/fr.ac6.mcu.externaltools.arm-none.win32_1.15.0.201708311556/tools/compiler/bin/../lib/gcc/arm-none-eabi/6.3.1/../../../../arm-none-eabi/lib/thumb/v7e-m/fpv4-sp/hard\librdimon_nano.a(rdimon-syscalls.o)
                0x08002c3e                _isatty
 .text.L6470_ResetAppCmdPkg
                0x08002c76       0x14 Startup\Drivers\BSP\Components\L6470\L6470.o
                0x08002c76                L6470_ResetAppCmdPkg
 *fill*         0x08002c8a        0x2 
 .text.L6470_PrepareAppCmdPkg
                0x08002c8c       0x2c Startup\Drivers\BSP\Components\L6470\L6470.o
                0x08002c8c                L6470_PrepareAppCmdPkg
 .text.L6470_PrepareDaisyChainCommand
                0x08002cb8      0x150 Startup\Drivers\BSP\Components\L6470\L6470.o
                0x08002cb8                L6470_PrepareDaisyChainCommand
 .text.L6470_DaisyChainCommand
                0x08002e08       0x5c Startup\Drivers\BSP\Components\L6470\L6470.o
                0x08002e08                L6470_DaisyChainCommand
 .text.L6470_SetParam
                0x08002e64       0x38 Startup\Drivers\BSP\Components\L6470\L6470.o
                0x08002e64                L6470_SetParam
 .text.L6470_Run
                0x08002e9c       0x38 Startup\Drivers\BSP\Components\L6470\L6470.o
                0x08002e9c                L6470_Run
 .text.L6470_SoftStop
                0x08002ed4       0x38 Startup\Drivers\BSP\Components\L6470\L6470.o
                0x08002ed4                L6470_SoftStop
 .text.L6470_ExtractReturnedData
                0x08002f0c       0x28 Startup\Drivers\BSP\Components\L6470\L6470.o
                0x08002f0c                L6470_ExtractReturnedData
 .text.L6470_GetParam
                0x08002f34       0x54 Startup\Drivers\BSP\Components\L6470\L6470.o
                0x08002f34                L6470_GetParam
 .text.L6470_CheckStatusRegisterFlag
                0x08002f88       0xac Startup\Drivers\BSP\Components\L6470\L6470.o
                0x08002f88                L6470_CheckStatusRegisterFlag
 .text.L6470_GetStatus
                0x08003034       0x44 Startup\Drivers\BSP\Components\L6470\L6470.o
                0x08003034                L6470_GetStatus
 .text.ili9341_GetLcdPixelWidth
                0x08003078        0x4 Startup\Drivers\BSP\Components\ili9341\ili9341.o
                0x08003078                ili9341_GetLcdPixelWidth
 .text.ili9341_GetLcdPixelHeight
                0x0800307c        0x6 Startup\Drivers\BSP\Components\ili9341\ili9341.o
                0x0800307c                ili9341_GetLcdPixelHeight
 .text.ili9341_DisplayOn
                0x08003082        0x6 Startup\Drivers\BSP\Components\ili9341\ili9341.o
                0x08003082                ili9341_DisplayOn
 .text.ili9341_DisplayOff
                0x08003088        0x6 Startup\Drivers\BSP\Components\ili9341\ili9341.o
                0x08003088                ili9341_DisplayOff
 .text.ili9341_Init
                0x0800308e      0x292 Startup\Drivers\BSP\Components\ili9341\ili9341.o
                0x0800308e                ili9341_Init
 .text.ili9341_ReadID
                0x08003320       0x12 Startup\Drivers\BSP\Components\ili9341\ili9341.o
                0x08003320                ili9341_ReadID
 .text.stmpe811_Reset
                0x08003332       0x28 Startup\Drivers\BSP\Components\stmpe811\stmpe811.o
                0x08003332                stmpe811_Reset
 .text.stmpe811_ReadID
                0x0800335a       0x24 Startup\Drivers\BSP\Components\stmpe811\stmpe811.o
                0x0800335a                stmpe811_ReadID
 .text.stmpe811_TS_DetectTouch
                0x0800337e       0x38 Startup\Drivers\BSP\Components\stmpe811\stmpe811.o
                0x0800337e                stmpe811_TS_DetectTouch
 .text.stmpe811_TS_GetXY
                0x080033b6       0x3c Startup\Drivers\BSP\Components\stmpe811\stmpe811.o
                0x080033b6                stmpe811_TS_GetXY
 *fill*         0x080033f2        0x2 
 .text.stmpe811_Init
                0x080033f4       0x34 Startup\Drivers\BSP\Components\stmpe811\stmpe811.o
                0x080033f4                stmpe811_Init
 .text.stmpe811_EnableGlobalIT
                0x08003428       0x1e Startup\Drivers\BSP\Components\stmpe811\stmpe811.o
                0x08003428                stmpe811_EnableGlobalIT
 .text.stmpe811_DisableGlobalIT
                0x08003446       0x1c Startup\Drivers\BSP\Components\stmpe811\stmpe811.o
                0x08003446                stmpe811_DisableGlobalIT
 .text.stmpe811_EnableITSource
                0x08003462       0x20 Startup\Drivers\BSP\Components\stmpe811\stmpe811.o
                0x08003462                stmpe811_EnableITSource
 .text.stmpe811_TS_EnableIT
                0x08003482       0x1a Startup\Drivers\BSP\Components\stmpe811\stmpe811.o
                0x08003482                stmpe811_TS_EnableIT
 .text.stmpe811_DisableITSource
                0x0800349c       0x20 Startup\Drivers\BSP\Components\stmpe811\stmpe811.o
                0x0800349c                stmpe811_DisableITSource
 .text.stmpe811_TS_DisableIT
                0x080034bc       0x14 Startup\Drivers\BSP\Components\stmpe811\stmpe811.o
                0x080034bc                stmpe811_TS_DisableIT
 .text.stmpe811_ReadGITStatus
                0x080034d0       0x10 Startup\Drivers\BSP\Components\stmpe811\stmpe811.o
                0x080034d0                stmpe811_ReadGITStatus
 .text.stmpe811_TS_ITStatus
                0x080034e0        0x6 Startup\Drivers\BSP\Components\stmpe811\stmpe811.o
                0x080034e0                stmpe811_TS_ITStatus
 .text.stmpe811_ClearGlobalIT
                0x080034e6        0xa Startup\Drivers\BSP\Components\stmpe811\stmpe811.o
                0x080034e6                stmpe811_ClearGlobalIT
 .text.stmpe811_TS_ClearIT
                0x080034f0        0x6 Startup\Drivers\BSP\Components\stmpe811\stmpe811.o
                0x080034f0                stmpe811_TS_ClearIT
 .text.stmpe811_IO_EnableAF
                0x080034f6       0x20 Startup\Drivers\BSP\Components\stmpe811\stmpe811.o
                0x080034f6                stmpe811_IO_EnableAF
 .text.stmpe811_TS_Start
                0x08003516       0xa4 Startup\Drivers\BSP\Components\stmpe811\stmpe811.o
                0x08003516                stmpe811_TS_Start
 *fill*         0x080035ba        0x2 
 .text.SPIx_Init
                0x080035bc       0x98 Startup\Drivers\BSP\STM32F429I-Discovery\stm32f429i_discovery.o
 .text.I2Cx_Init
                0x08003654       0xe8 Startup\Drivers\BSP\STM32F429I-Discovery\stm32f429i_discovery.o
 .text.I2Cx_Error
                0x0800373c       0x14 Startup\Drivers\BSP\STM32F429I-Discovery\stm32f429i_discovery.o
 .text.SPIx_Write
                0x08003750       0x30 Startup\Drivers\BSP\STM32F429I-Discovery\stm32f429i_discovery.o
 .text.LCD_IO_Init
                0x08003780       0xb8 Startup\Drivers\BSP\STM32F429I-Discovery\stm32f429i_discovery.o
                0x08003780                LCD_IO_Init
 .text.LCD_IO_WriteData
                0x08003838       0x38 Startup\Drivers\BSP\STM32F429I-Discovery\stm32f429i_discovery.o
                0x08003838                LCD_IO_WriteData
 .text.LCD_IO_WriteReg
                0x08003870       0x38 Startup\Drivers\BSP\STM32F429I-Discovery\stm32f429i_discovery.o
                0x08003870                LCD_IO_WriteReg
 .text.LCD_IO_ReadData
                0x080038a8       0x6c Startup\Drivers\BSP\STM32F429I-Discovery\stm32f429i_discovery.o
                0x080038a8                LCD_IO_ReadData
 .text.LCD_Delay
                0x08003914        0x2 Startup\Drivers\BSP\STM32F429I-Discovery\stm32f429i_discovery.o
                0x08003914                LCD_Delay
 .text.IOE_Init
                0x08003916        0x4 Startup\Drivers\BSP\STM32F429I-Discovery\stm32f429i_discovery.o
                0x08003916                IOE_Init
 *fill*         0x0800391a        0x2 
 .text.IOE_ITConfig
                0x0800391c       0x54 Startup\Drivers\BSP\STM32F429I-Discovery\stm32f429i_discovery.o
                0x0800391c                IOE_ITConfig
 .text.IOE_Write
                0x08003970       0x34 Startup\Drivers\BSP\STM32F429I-Discovery\stm32f429i_discovery.o
                0x08003970                IOE_Write
 .text.IOE_Read
                0x080039a4       0x38 Startup\Drivers\BSP\STM32F429I-Discovery\stm32f429i_discovery.o
                0x080039a4                IOE_Read
 .text.IOE_ReadMultiple
                0x080039dc       0x2c Startup\Drivers\BSP\STM32F429I-Discovery\stm32f429i_discovery.o
                0x080039dc                IOE_ReadMultiple
 .text.IOE_Delay
                0x08003a08        0x2 Startup\Drivers\BSP\STM32F429I-Discovery\stm32f429i_discovery.o
                0x08003a08                IOE_Delay
 *fill*         0x08003a0a        0x2 
 .text.BSP_LCD_GetXSize
                0x08003a0c       0x10 Startup\Drivers\BSP\STM32F429I-Discovery\stm32f429i_discovery_lcd.o
                0x08003a0c                BSP_LCD_GetXSize
 .text.BSP_LCD_GetYSize
                0x08003a1c       0x10 Startup\Drivers\BSP\STM32F429I-Discovery\stm32f429i_discovery_lcd.o
                0x08003a1c                BSP_LCD_GetYSize
 .text.BSP_LCD_LayerDefaultInit
                0x08003a2c       0x78 Startup\Drivers\BSP\STM32F429I-Discovery\stm32f429i_discovery_lcd.o
                0x08003a2c                BSP_LCD_LayerDefaultInit
 .text.BSP_LCD_SelectLayer
                0x08003aa4        0xc Startup\Drivers\BSP\STM32F429I-Discovery\stm32f429i_discovery_lcd.o
                0x08003aa4                BSP_LCD_SelectLayer
 .text.BSP_LCD_DisplayOn
                0x08003ab0       0x10 Startup\Drivers\BSP\STM32F429I-Discovery\stm32f429i_discovery_lcd.o
                0x08003ab0                BSP_LCD_DisplayOn
 .text.BSP_LCD_MspInit
                0x08003ac0      0x148 Startup\Drivers\BSP\STM32F429I-Discovery\stm32f429i_discovery_lcd.o
                0x08003ac0                BSP_LCD_MspInit
 .text.BSP_LCD_Init
                0x08003c08       0x90 Startup\Drivers\BSP\STM32F429I-Discovery\stm32f429i_discovery_lcd.o
                0x08003c08                BSP_LCD_Init
 .text.BSP_LCD_DrawPixel
                0x08003c98       0x2c Startup\Drivers\BSP\STM32F429I-Discovery\stm32f429i_discovery_lcd.o
                0x08003c98                BSP_LCD_DrawPixel
 .text.BSP_SDRAM_Initialization_sequence
                0x08003cc4       0x98 Startup\Drivers\BSP\STM32F429I-Discovery\stm32f429i_discovery_sdram.o
                0x08003cc4                BSP_SDRAM_Initialization_sequence
 .text.BSP_SDRAM_MspInit
                0x08003d5c      0x190 Startup\Drivers\BSP\STM32F429I-Discovery\stm32f429i_discovery_sdram.o
                0x08003d5c                BSP_SDRAM_MspInit
 .text.BSP_SDRAM_Init
                0x08003eec       0x7c Startup\Drivers\BSP\STM32F429I-Discovery\stm32f429i_discovery_sdram.o
                0x08003eec                BSP_SDRAM_Init
 .text.BSP_TS_Init
                0x08003f68       0x44 Startup\Drivers\BSP\STM32F429I-Discovery\stm32f429i_discovery_ts.o
                0x08003f68                BSP_TS_Init
 .text.BSP_TS_GetState
                0x08003fac       0xc0 Startup\Drivers\BSP\STM32F429I-Discovery\stm32f429i_discovery_ts.o
                0x08003fac                BSP_TS_GetState
 .text.HAL_InitTick
                0x0800406c       0x28 Startup\Drivers\STM32F4xx_HAL_Driver\Src\stm32f4xx_hal.o
                0x0800406c                HAL_InitTick
 .text.HAL_IncTick
                0x08004094       0x10 Startup\Drivers\STM32F4xx_HAL_Driver\Src\stm32f4xx_hal.o
                0x08004094                HAL_IncTick
 .text.HAL_GetTick
                0x080040a4        0xc Startup\Drivers\STM32F4xx_HAL_Driver\Src\stm32f4xx_hal.o
                0x080040a4                HAL_GetTick
 .text.HAL_NVIC_SetPriority
                0x080040b0       0x68 Startup\Drivers\STM32F4xx_HAL_Driver\Src\stm32f4xx_hal_cortex.o
                0x080040b0                HAL_NVIC_SetPriority
 .text.HAL_NVIC_EnableIRQ
                0x08004118       0x18 Startup\Drivers\STM32F4xx_HAL_Driver\Src\stm32f4xx_hal_cortex.o
                0x08004118                HAL_NVIC_EnableIRQ
 .text.HAL_SYSTICK_Config
                0x08004130       0x2c Startup\Drivers\STM32F4xx_HAL_Driver\Src\stm32f4xx_hal_cortex.o
                0x08004130                HAL_SYSTICK_Config
 .text.HAL_SYSTICK_CLKSourceConfig
                0x0800415c       0x18 Startup\Drivers\STM32F4xx_HAL_Driver\Src\stm32f4xx_hal_cortex.o
                0x0800415c                HAL_SYSTICK_CLKSourceConfig
 .text.DMA_CalcBaseAndBitshift
                0x08004174       0x2c Startup\Drivers\STM32F4xx_HAL_Driver\Src\stm32f4xx_hal_dma.o
 .text.HAL_DMA_Init
                0x080041a0       0xfc Startup\Drivers\STM32F4xx_HAL_Driver\Src\stm32f4xx_hal_dma.o
                0x080041a0                HAL_DMA_Init
 .text.HAL_DMA_DeInit
                0x0800429c       0x48 Startup\Drivers\STM32F4xx_HAL_Driver\Src\stm32f4xx_hal_dma.o
                0x0800429c                HAL_DMA_DeInit
 .text.FLASH_SetErrorCode
                0x080042e4       0x8c Startup\Drivers\STM32F4xx_HAL_Driver\Src\stm32f4xx_hal_flash.o
 .text.FLASH_Program_Byte
                0x08004370       0x4c Startup\Drivers\STM32F4xx_HAL_Driver\Src\stm32f4xx_hal_flash.o
 .text.FLASH_Program_HalfWord
                0x080043bc       0x50 Startup\Drivers\STM32F4xx_HAL_Driver\Src\stm32f4xx_hal_flash.o
 .text.FLASH_Program_Word
                0x0800440c       0x50 Startup\Drivers\STM32F4xx_HAL_Driver\Src\stm32f4xx_hal_flash.o
 .text.FLASH_Program_DoubleWord
                0x0800445c       0x54 Startup\Drivers\STM32F4xx_HAL_Driver\Src\stm32f4xx_hal_flash.o
 .text.HAL_FLASH_Unlock
                0x080044b0       0x24 Startup\Drivers\STM32F4xx_HAL_Driver\Src\stm32f4xx_hal_flash.o
                0x080044b0                HAL_FLASH_Unlock
 .text.HAL_FLASH_Lock
                0x080044d4       0x14 Startup\Drivers\STM32F4xx_HAL_Driver\Src\stm32f4xx_hal_flash.o
                0x080044d4                HAL_FLASH_Lock
 .text.FLASH_WaitForLastOperation
                0x080044e8       0x54 Startup\Drivers\STM32F4xx_HAL_Driver\Src\stm32f4xx_hal_flash.o
                0x080044e8                FLASH_WaitForLastOperation
 .text.HAL_FLASH_Program
                0x0800453c       0x8c Startup\Drivers\STM32F4xx_HAL_Driver\Src\stm32f4xx_hal_flash.o
                0x0800453c                HAL_FLASH_Program
 .text.FLASH_Erase_Sector
                0x080045c8       0x84 Startup\Drivers\STM32F4xx_HAL_Driver\Src\stm32f4xx_hal_flash_ex.o
                0x080045c8                FLASH_Erase_Sector
 .text.HAL_GPIO_Init
                0x0800464c      0x1d8 Startup\Drivers\STM32F4xx_HAL_Driver\Src\stm32f4xx_hal_gpio.o
                0x0800464c                HAL_GPIO_Init
 .text.HAL_GPIO_WritePin
                0x08004824        0xa Startup\Drivers\STM32F4xx_HAL_Driver\Src\stm32f4xx_hal_gpio.o
                0x08004824                HAL_GPIO_WritePin
 *fill*         0x0800482e        0x2 
 .text.HAL_GPIO_TogglePin
                0x08004830       0x20 Startup\Drivers\STM32F4xx_HAL_Driver\Src\stm32f4xx_hal_gpio.o
                0x08004830                HAL_GPIO_TogglePin
 .text.I2C_IsAcknowledgeFailed
                0x08004850       0x2a Startup\Drivers\STM32F4xx_HAL_Driver\Src\stm32f4xx_hal_i2c.o
 .text.I2C_WaitOnMasterAddressFlagUntilTimeout
                0x0800487a       0x80 Startup\Drivers\STM32F4xx_HAL_Driver\Src\stm32f4xx_hal_i2c.o
 .text.I2C_WaitOnFlagUntilTimeout
                0x080048fa       0x5c Startup\Drivers\STM32F4xx_HAL_Driver\Src\stm32f4xx_hal_i2c.o
 .text.I2C_WaitOnTXEFlagUntilTimeout
                0x08004956       0x4c Startup\Drivers\STM32F4xx_HAL_Driver\Src\stm32f4xx_hal_i2c.o
 *fill*         0x080049a2        0x2 
 .text.I2C_RequestMemoryWrite
                0x080049a4       0xa4 Startup\Drivers\STM32F4xx_HAL_Driver\Src\stm32f4xx_hal_i2c.o
 .text.I2C_RequestMemoryRead
                0x08004a48       0xf4 Startup\Drivers\STM32F4xx_HAL_Driver\Src\stm32f4xx_hal_i2c.o
 .text.I2C_WaitOnRXNEFlagUntilTimeout
                0x08004b3c       0x5a Startup\Drivers\STM32F4xx_HAL_Driver\Src\stm32f4xx_hal_i2c.o
 .text.I2C_WaitOnBTFFlagUntilTimeout
                0x08004b96       0x4c Startup\Drivers\STM32F4xx_HAL_Driver\Src\stm32f4xx_hal_i2c.o
 .text.HAL_I2C_MspInit
                0x08004be2        0x2 Startup\Drivers\STM32F4xx_HAL_Driver\Src\stm32f4xx_hal_i2c.o
                0x08004be2                HAL_I2C_MspInit
 .text.HAL_I2C_Init
                0x08004be4      0x1a4 Startup\Drivers\STM32F4xx_HAL_Driver\Src\stm32f4xx_hal_i2c.o
                0x08004be4                HAL_I2C_Init
 .text.HAL_I2C_MspDeInit
                0x08004d88        0x2 Startup\Drivers\STM32F4xx_HAL_Driver\Src\stm32f4xx_hal_i2c.o
                0x08004d88                HAL_I2C_MspDeInit
 *fill*         0x08004d8a        0x2 
 .text.HAL_I2C_DeInit
                0x08004d8c       0x60 Startup\Drivers\STM32F4xx_HAL_Driver\Src\stm32f4xx_hal_i2c.o
                0x08004d8c                HAL_I2C_DeInit
 .text.HAL_I2C_Mem_Write
                0x08004dec      0x144 Startup\Drivers\STM32F4xx_HAL_Driver\Src\stm32f4xx_hal_i2c.o
                0x08004dec                HAL_I2C_Mem_Write
 .text.HAL_I2C_Mem_Read
                0x08004f30      0x238 Startup\Drivers\STM32F4xx_HAL_Driver\Src\stm32f4xx_hal_i2c.o
                0x08004f30                HAL_I2C_Mem_Read
 .text.HAL_I2C_GetState
                0x08005168        0x6 Startup\Drivers\STM32F4xx_HAL_Driver\Src\stm32f4xx_hal_i2c.o
                0x08005168                HAL_I2C_GetState
 .text.LTDC_SetConfig
                0x0800516e      0x10c Startup\Drivers\STM32F4xx_HAL_Driver\Src\stm32f4xx_hal_ltdc.o
 .text.HAL_LTDC_MspInit
                0x0800527a        0x2 Startup\Drivers\STM32F4xx_HAL_Driver\Src\stm32f4xx_hal_ltdc.o
                0x0800527a                HAL_LTDC_MspInit
 .text.HAL_LTDC_Init
                0x0800527c      0x1b4 Startup\Drivers\STM32F4xx_HAL_Driver\Src\stm32f4xx_hal_ltdc.o
                0x0800527c                HAL_LTDC_Init
 .text.HAL_LTDC_ConfigLayer
                0x08005430      0x134 Startup\Drivers\STM32F4xx_HAL_Driver\Src\stm32f4xx_hal_ltdc.o
                0x08005430                HAL_LTDC_ConfigLayer
 .text.HAL_LTDC_EnableDither
                0x08005564       0x30 Startup\Drivers\STM32F4xx_HAL_Driver\Src\stm32f4xx_hal_ltdc.o
                0x08005564                HAL_LTDC_EnableDither
 .text.HAL_RCC_OscConfig
                0x08005594      0x404 Startup\Drivers\STM32F4xx_HAL_Driver\Src\stm32f4xx_hal_rcc.o
                0x08005594                HAL_RCC_OscConfig
 .text.HAL_RCC_GetSysClockFreq
                0x08005998       0x74 Startup\Drivers\STM32F4xx_HAL_Driver\Src\stm32f4xx_hal_rcc.o
                0x08005998                HAL_RCC_GetSysClockFreq
 .text.HAL_RCC_ClockConfig
                0x08005a0c      0x220 Startup\Drivers\STM32F4xx_HAL_Driver\Src\stm32f4xx_hal_rcc.o
                0x08005a0c                HAL_RCC_ClockConfig
 .text.HAL_RCC_GetHCLKFreq
                0x08005c2c        0xc Startup\Drivers\STM32F4xx_HAL_Driver\Src\stm32f4xx_hal_rcc.o
                0x08005c2c                HAL_RCC_GetHCLKFreq
 .text.HAL_RCC_GetPCLK1Freq
                0x08005c38       0x30 Startup\Drivers\STM32F4xx_HAL_Driver\Src\stm32f4xx_hal_rcc.o
                0x08005c38                HAL_RCC_GetPCLK1Freq
 .text.HAL_RCCEx_PeriphCLKConfig
                0x08005c68      0x3fc Startup\Drivers\STM32F4xx_HAL_Driver\Src\stm32f4xx_hal_rcc_ex.o
                0x08005c68                HAL_RCCEx_PeriphCLKConfig
 .text.HAL_SDRAM_MspInit
                0x08006064        0x2 Startup\Drivers\STM32F4xx_HAL_Driver\Src\stm32f4xx_hal_sdram.o
                0x08006064                HAL_SDRAM_MspInit
 .text.HAL_SDRAM_Init
                0x08006066       0x40 Startup\Drivers\STM32F4xx_HAL_Driver\Src\stm32f4xx_hal_sdram.o
                0x08006066                HAL_SDRAM_Init
 .text.HAL_SDRAM_SendCommand
                0x080060a6       0x2e Startup\Drivers\STM32F4xx_HAL_Driver\Src\stm32f4xx_hal_sdram.o
                0x080060a6                HAL_SDRAM_SendCommand
 .text.HAL_SDRAM_ProgramRefreshRate
                0x080060d4       0x24 Startup\Drivers\STM32F4xx_HAL_Driver\Src\stm32f4xx_hal_sdram.o
                0x080060d4                HAL_SDRAM_ProgramRefreshRate
 .text.SPI_WaitFlagStateUntilTimeout
                0x080060f8       0x8e Startup\Drivers\STM32F4xx_HAL_Driver\Src\stm32f4xx_hal_spi.o
 .text.SPI_CheckFlag_BSY
                0x08006186       0x20 Startup\Drivers\STM32F4xx_HAL_Driver\Src\stm32f4xx_hal_spi.o
 .text.HAL_SPI_MspInit
                0x080061a6        0x2 Startup\Drivers\STM32F4xx_HAL_Driver\Src\stm32f4xx_hal_spi.o
                0x080061a6                HAL_SPI_MspInit
 .text.HAL_SPI_Init
                0x080061a8      0x178 Startup\Drivers\STM32F4xx_HAL_Driver\Src\stm32f4xx_hal_spi.o
                0x080061a8                HAL_SPI_Init
 .text.HAL_SPI_MspDeInit
                0x08006320        0x2 Startup\Drivers\STM32F4xx_HAL_Driver\Src\stm32f4xx_hal_spi.o
                0x08006320                HAL_SPI_MspDeInit
 *fill*         0x08006322        0x2 
 .text.HAL_SPI_DeInit
                0x08006324       0x70 Startup\Drivers\STM32F4xx_HAL_Driver\Src\stm32f4xx_hal_spi.o
                0x08006324                HAL_SPI_DeInit
 .text.HAL_SPI_Transmit
                0x08006394      0x168 Startup\Drivers\STM32F4xx_HAL_Driver\Src\stm32f4xx_hal_spi.o
                0x08006394                HAL_SPI_Transmit
 .text.HAL_SPI_TransmitReceive
                0x080064fc      0x20c Startup\Drivers\STM32F4xx_HAL_Driver\Src\stm32f4xx_hal_spi.o
                0x080064fc                HAL_SPI_TransmitReceive
 .text.HAL_SPI_Receive
                0x08006708      0x13e Startup\Drivers\STM32F4xx_HAL_Driver\Src\stm32f4xx_hal_spi.o
                0x08006708                HAL_SPI_Receive
 .text.HAL_SPI_GetState
                0x08006846        0x6 Startup\Drivers\STM32F4xx_HAL_Driver\Src\stm32f4xx_hal_spi.o
                0x08006846                HAL_SPI_GetState
 .text.HAL_TIM_OC_DelayElapsedCallback
                0x0800684c        0x2 Startup\Drivers\STM32F4xx_HAL_Driver\Src\stm32f4xx_hal_tim.o
                0x0800684c                HAL_TIM_OC_DelayElapsedCallback
 .text.HAL_TIM_IC_CaptureCallback
                0x0800684e        0x2 Startup\Drivers\STM32F4xx_HAL_Driver\Src\stm32f4xx_hal_tim.o
                0x0800684e                HAL_TIM_IC_CaptureCallback
 .text.HAL_TIM_PWM_PulseFinishedCallback
                0x08006850        0x2 Startup\Drivers\STM32F4xx_HAL_Driver\Src\stm32f4xx_hal_tim.o
                0x08006850                HAL_TIM_PWM_PulseFinishedCallback
 .text.HAL_TIM_TriggerCallback
                0x08006852        0x2 Startup\Drivers\STM32F4xx_HAL_Driver\Src\stm32f4xx_hal_tim.o
                0x08006852                HAL_TIM_TriggerCallback
 .text.HAL_TIM_IRQHandler
                0x08006854      0x144 Startup\Drivers\STM32F4xx_HAL_Driver\Src\stm32f4xx_hal_tim.o
                0x08006854                HAL_TIM_IRQHandler
 .text.HAL_TIMEx_CommutationCallback
                0x08006998        0x2 Startup\Drivers\STM32F4xx_HAL_Driver\Src\stm32f4xx_hal_tim_ex.o
                0x08006998                HAL_TIMEx_CommutationCallback
 .text.HAL_TIMEx_BreakCallback
                0x0800699a        0x2 Startup\Drivers\STM32F4xx_HAL_Driver\Src\stm32f4xx_hal_tim_ex.o
                0x0800699a                HAL_TIMEx_BreakCallback
 .text.FMC_SDRAM_Init
                0x0800699c      0x15c Startup\Drivers\STM32F4xx_HAL_Driver\Src\stm32f4xx_ll_fmc.o
                0x0800699c                FMC_SDRAM_Init
 .text.FMC_SDRAM_Timing_Init
                0x08006af8      0x13c Startup\Drivers\STM32F4xx_HAL_Driver\Src\stm32f4xx_ll_fmc.o
                0x08006af8                FMC_SDRAM_Timing_Init
 .text.FMC_SDRAM_SendCommand
                0x08006c34       0xb0 Startup\Drivers\STM32F4xx_HAL_Driver\Src\stm32f4xx_ll_fmc.o
                0x08006c34                FMC_SDRAM_SendCommand
 .text.FMC_SDRAM_ProgramRefreshRate
                0x08006ce4       0x3c Startup\Drivers\STM32F4xx_HAL_Driver\Src\stm32f4xx_ll_fmc.o
                0x08006ce4                FMC_SDRAM_ProgramRefreshRate
 .text.osKernelStart
                0x08006d20        0xa Startup\Middlewares\Third_Party\FreeRTOS\Source\CMSIS_RTOS\cmsis_os.o
                0x08006d20                osKernelStart
 .text.osThreadCreate
                0x08006d2a       0x30 Startup\Middlewares\Third_Party\FreeRTOS\Source\CMSIS_RTOS\cmsis_os.o
                0x08006d2a                osThreadCreate
 .text.osDelay  0x08006d5a       0x10 Startup\Middlewares\Third_Party\FreeRTOS\Source\CMSIS_RTOS\cmsis_os.o
                0x08006d5a                osDelay
 .text.osSystickHandler
                0x08006d6a       0x14 Startup\Middlewares\Third_Party\FreeRTOS\Source\CMSIS_RTOS\cmsis_os.o
                0x08006d6a                osSystickHandler
 .text.vListInitialise
                0x08006d7e       0x16 Startup\Middlewares\Third_Party\FreeRTOS\Source\list.o
                0x08006d7e                vListInitialise
 .text.vListInitialiseItem
                0x08006d94        0x6 Startup\Middlewares\Third_Party\FreeRTOS\Source\list.o
                0x08006d94                vListInitialiseItem
 .text.vListInsertEnd
                0x08006d9a       0x18 Startup\Middlewares\Third_Party\FreeRTOS\Source\list.o
                0x08006d9a                vListInsertEnd
 .text.vListInsert
                0x08006db2       0x2e Startup\Middlewares\Third_Party\FreeRTOS\Source\list.o
                0x08006db2                vListInsert
 .text.uxListRemove
                0x08006de0       0x20 Startup\Middlewares\Third_Party\FreeRTOS\Source\list.o
                0x08006de0                uxListRemove
 .text.prvTaskExitError
                0x08006e00       0x30 Startup\Middlewares\Third_Party\FreeRTOS\Source\portable\GCC\ARM_CM4F\port.o
 .text.prvPortStartFirstTask
                0x08006e30       0x20 Startup\Middlewares\Third_Party\FreeRTOS\Source\portable\GCC\ARM_CM4F\port.o
 .text.vPortEnableVFP
                0x08006e50       0x14 Startup\Middlewares\Third_Party\FreeRTOS\Source\portable\GCC\ARM_CM4F\port.o
 .text.pxPortInitialiseStack
                0x08006e64       0x2c Startup\Middlewares\Third_Party\FreeRTOS\Source\portable\GCC\ARM_CM4F\port.o
                0x08006e64                pxPortInitialiseStack
 .text.SVC_Handler
                0x08006e90       0x24 Startup\Middlewares\Third_Party\FreeRTOS\Source\portable\GCC\ARM_CM4F\port.o
                0x08006e90                SVC_Handler
 .text.vPortEnterCritical
                0x08006eb4       0x44 Startup\Middlewares\Third_Party\FreeRTOS\Source\portable\GCC\ARM_CM4F\port.o
                0x08006eb4                vPortEnterCritical
 .text.vPortExitCritical
                0x08006ef8       0x28 Startup\Middlewares\Third_Party\FreeRTOS\Source\portable\GCC\ARM_CM4F\port.o
                0x08006ef8                vPortExitCritical
 .text.PendSV_Handler
                0x08006f20       0x64 Startup\Middlewares\Third_Party\FreeRTOS\Source\portable\GCC\ARM_CM4F\port.o
                0x08006f20                PendSV_Handler
 .text.xPortSysTickHandler
                0x08006f84       0x2c Startup\Middlewares\Third_Party\FreeRTOS\Source\portable\GCC\ARM_CM4F\port.o
                0x08006f84                xPortSysTickHandler
 .text.vPortSetupTimerInterrupt
                0x08006fb0       0x28 Startup\Middlewares\Third_Party\FreeRTOS\Source\portable\GCC\ARM_CM4F\port.o
                0x08006fb0                vPortSetupTimerInterrupt
 .text.xPortStartScheduler
                0x08006fd8       0xec Startup\Middlewares\Third_Party\FreeRTOS\Source\portable\GCC\ARM_CM4F\port.o
                0x08006fd8                xPortStartScheduler
 .text.unlikely.prvInsertBlockIntoFreeList
                0x080070c4       0x48 Startup\Middlewares\Third_Party\FreeRTOS\Source\portable\MemMang\heap_4.o
 .text.pvPortMalloc
                0x0800710c      0x11c Startup\Middlewares\Third_Party\FreeRTOS\Source\portable\MemMang\heap_4.o
                0x0800710c                pvPortMalloc
 .text.vPortFree
                0x08007228       0x70 Startup\Middlewares\Third_Party\FreeRTOS\Source\portable\MemMang\heap_4.o
                0x08007228                vPortFree
 .text.prvResetNextTaskUnblockTime
                0x08007298       0x24 Startup\Middlewares\Third_Party\FreeRTOS\Source\tasks.o
 .text.prvAddCurrentTaskToDelayedList
                0x080072bc       0x8c Startup\Middlewares\Third_Party\FreeRTOS\Source\tasks.o
 .text.xTaskCreate
                0x08007348      0x1a0 Startup\Middlewares\Third_Party\FreeRTOS\Source\tasks.o
                0x08007348                xTaskCreate
 .text.vTaskStartScheduler
                0x080074e8       0x78 Startup\Middlewares\Third_Party\FreeRTOS\Source\tasks.o
                0x080074e8                vTaskStartScheduler
 .text.vTaskSuspendAll
                0x08007560       0x10 Startup\Middlewares\Third_Party\FreeRTOS\Source\tasks.o
                0x08007560                vTaskSuspendAll
 .text.xTaskIncrementTick
                0x08007570      0x124 Startup\Middlewares\Third_Party\FreeRTOS\Source\tasks.o
                0x08007570                xTaskIncrementTick
 .text.xTaskResumeAll
                0x08007694       0xf0 Startup\Middlewares\Third_Party\FreeRTOS\Source\tasks.o
                0x08007694                xTaskResumeAll
 .text.vTaskDelay
                0x08007784       0x48 Startup\Middlewares\Third_Party\FreeRTOS\Source\tasks.o
                0x08007784                vTaskDelay
 .text.prvIdleTask
                0x080077cc       0x74 Startup\Middlewares\Third_Party\FreeRTOS\Source\tasks.o
 .text.vTaskSwitchContext
                0x08007840       0x74 Startup\Middlewares\Third_Party\FreeRTOS\Source\tasks.o
                0x08007840                vTaskSwitchContext
 .text.xTaskGetSchedulerState
                0x080078b4       0x20 Startup\Middlewares\Third_Party\FreeRTOS\Source\tasks.o
                0x080078b4                xTaskGetSchedulerState
 .text.save_data_to_flash
                0x080078d4       0x44 Startup\Src\gui.o
                0x080078d4                save_data_to_flash
 .text.window_1_callback
                0x08007918      0x358 Startup\Src\gui.o
                0x08007918                window_1_callback
 .text.LCDInit  0x08007c70       0x28 Startup\Src\gui.o
                0x08007c70                LCDInit
 .text.GUIInit  0x08007c98      0x2cc Startup\Src\gui.o
                0x08007c98                GUIInit
 .text.UserPixelSet
                0x08007f64        0x8 Startup\Src\gui.o
                0x08007f64                UserPixelSet
 .text.TouchPress
                0x08007f6c       0x2a Startup\Src\gui.o
                0x08007f6c                TouchPress
 *fill*         0x08007f96        0x2 
 .text.vGUIRun  0x08007f98       0x74 Startup\Src\main.o
 .text.vLedBlinkRed
                0x0800800c       0x1c Startup\Src\main.o
 .text.vLedBlinkGreen
                0x08008028       0x1c Startup\Src\main.o
 .text.StartDefaultTask
                0x08008044        0xa Startup\Src\main.o
 *fill*         0x0800804e        0x2 
 .text.MX_SPI5_Init
                0x08008050       0x5c Startup\Src\main.o
 .text.MotorParams
                0x080080ac       0x6a Startup\Src\main.o
                0x080080ac                MotorParams
 *fill*         0x08008116        0x2 
 .text.MotorSPI
                0x08008118       0x6c Startup\Src\main.o
                0x08008118                MotorSPI
 .text.vMotorRun
                0x08008184      0x1f0 Startup\Src\main.o
 .text.startup.main
                0x08008374      0x388 Startup\Src\main.o
                0x08008374                main
 .text.HAL_TIM_PeriodElapsedCallback
                0x080086fc       0x14 Startup\Src\main.o
                0x080086fc                HAL_TIM_PeriodElapsedCallback
 .text.assert_failed
                0x08008710        0xc Startup\Src\main.o
                0x08008710                assert_failed
 .text.Reset_Handler
                0x0800871c       0x50 Startup\Src\startup_stm32f429xx.o
                0x0800871c                Reset_Handler
 .text.Default_Handler
                0x0800876c        0x2 Startup\Src\startup_stm32f429xx.o
                0x0800876c                RTC_Alarm_IRQHandler
                0x0800876c                HASH_RNG_IRQHandler
                0x0800876c                EXTI2_IRQHandler
                0x0800876c                TIM8_CC_IRQHandler
                0x0800876c                DebugMon_Handler
                0x0800876c                UART8_IRQHandler
                0x0800876c                SPI4_IRQHandler
                0x0800876c                TIM1_CC_IRQHandler
                0x0800876c                DMA2_Stream5_IRQHandler
                0x0800876c                HardFault_Handler
                0x0800876c                DMA1_Stream5_IRQHandler
                0x0800876c                PVD_IRQHandler
                0x0800876c                SDIO_IRQHandler
                0x0800876c                TAMP_STAMP_IRQHandler
                0x0800876c                NMI_Handler
                0x0800876c                CAN2_RX1_IRQHandler
                0x0800876c                EXTI3_IRQHandler
                0x0800876c                TIM8_TRG_COM_TIM14_IRQHandler
                0x0800876c                TIM8_UP_TIM13_IRQHandler
                0x0800876c                I2C3_ER_IRQHandler
                0x0800876c                EXTI0_IRQHandler
                0x0800876c                I2C2_EV_IRQHandler
                0x0800876c                DMA1_Stream2_IRQHandler
                0x0800876c                CAN1_RX0_IRQHandler
                0x0800876c                FPU_IRQHandler
                0x0800876c                OTG_HS_WKUP_IRQHandler
                0x0800876c                UsageFault_Handler
                0x0800876c                LTDC_ER_IRQHandler
                0x0800876c                CAN2_SCE_IRQHandler
                0x0800876c                DMA2_Stream2_IRQHandler
                0x0800876c                SPI1_IRQHandler
                0x0800876c                TIM6_DAC_IRQHandler
                0x0800876c                TIM1_BRK_TIM9_IRQHandler
                0x0800876c                DCMI_IRQHandler
                0x0800876c                CAN2_RX0_IRQHandler
                0x0800876c                DMA2_Stream3_IRQHandler
                0x0800876c                USART6_IRQHandler
                0x0800876c                USART3_IRQHandler
                0x0800876c                CAN1_RX1_IRQHandler
                0x0800876c                UART5_IRQHandler
                0x0800876c                DMA2_Stream0_IRQHandler
                0x0800876c                TIM4_IRQHandler
                0x0800876c                I2C1_EV_IRQHandler
                0x0800876c                DMA1_Stream6_IRQHandler
                0x0800876c                DMA1_Stream1_IRQHandler
                0x0800876c                UART4_IRQHandler
                0x0800876c                TIM3_IRQHandler
                0x0800876c                RCC_IRQHandler
                0x0800876c                TIM8_BRK_TIM12_IRQHandler
                0x0800876c                Default_Handler
                0x0800876c                EXTI15_10_IRQHandler
                0x0800876c                ADC_IRQHandler
                0x0800876c                DMA1_Stream7_IRQHandler
                0x0800876c                SPI5_IRQHandler
                0x0800876c                TIM7_IRQHandler
                0x0800876c                CAN2_TX_IRQHandler
                0x0800876c                TIM5_IRQHandler
                0x0800876c                DMA2_Stream7_IRQHandler
                0x0800876c                I2C3_EV_IRQHandler
                0x0800876c                EXTI9_5_IRQHandler
                0x0800876c                RTC_WKUP_IRQHandler
                0x0800876c                LTDC_IRQHandler
                0x0800876c                ETH_WKUP_IRQHandler
                0x0800876c                SPI2_IRQHandler
                0x0800876c                OTG_HS_EP1_IN_IRQHandler
                0x0800876c                MemManage_Handler
                0x0800876c                DMA1_Stream0_IRQHandler
                0x0800876c                CAN1_TX_IRQHandler
                0x0800876c                EXTI4_IRQHandler
                0x0800876c                ETH_IRQHandler
                0x0800876c                OTG_HS_EP1_OUT_IRQHandler
                0x0800876c                WWDG_IRQHandler
                0x0800876c                SPI6_IRQHandler
                0x0800876c                TIM2_IRQHandler
                0x0800876c                OTG_FS_WKUP_IRQHandler
                0x0800876c                TIM1_TRG_COM_TIM11_IRQHandler
                0x0800876c                OTG_HS_IRQHandler
                0x0800876c                DMA2D_IRQHandler
                0x0800876c                EXTI1_IRQHandler
                0x0800876c                UART7_IRQHandler
                0x0800876c                USART2_IRQHandler
                0x0800876c                I2C2_ER_IRQHandler
                0x0800876c                DMA2_Stream1_IRQHandler
                0x0800876c                CAN1_SCE_IRQHandler
                0x0800876c                FLASH_IRQHandler
                0x0800876c                DMA2_Stream4_IRQHandler
                0x0800876c                BusFault_Handler
                0x0800876c                USART1_IRQHandler
                0x0800876c                OTG_FS_IRQHandler
                0x0800876c                SPI3_IRQHandler
                0x0800876c                DMA1_Stream4_IRQHandler
                0x0800876c                I2C1_ER_IRQHandler
                0x0800876c                FMC_IRQHandler
                0x0800876c                DMA2_Stream6_IRQHandler
                0x0800876c                SAI1_IRQHandler
                0x0800876c                DMA1_Stream3_IRQHandler
 .text.SysTick_Handler
                0x0800876e        0x4 Startup\Src\stm32f4xx_it.o
                0x0800876e                SysTick_Handler
 *fill*         0x08008772        0x2 
 .text.TIM1_UP_TIM10_IRQHandler
                0x08008774        0xc Startup\Src\stm32f4xx_it.o
                0x08008774                TIM1_UP_TIM10_IRQHandler
 .text.SystemInit
                0x08008780       0x4c Startup\Src\system_stm32f4xx.o
                0x08008780                SystemInit
 .text.UG_Init  0x080087cc       0x64 Startup\Src\ugui.o
                0x080087cc                UG_Init
 .text.UG_FillFrame
                0x08008830       0x78 Startup\Src\ugui.o
                0x08008830                UG_FillFrame
 .text.UG_DrawLine
                0x080088a8       0xd8 Startup\Src\ugui.o
                0x080088a8                UG_DrawLine
 .text.UG_DrawFrame
                0x08008980       0x46 Startup\Src\ugui.o
                0x08008980                UG_DrawFrame
 *fill*         0x080089c6        0x2 
 .text._UG_PutChar
                0x080089c8      0x2dc Startup\Src\ugui.o
                0x080089c8                _UG_PutChar
 .text._UG_PutText
                0x08008ca4      0x112 Startup\Src\ugui.o
                0x08008ca4                _UG_PutText
 .text._UG_GetFreeObject
                0x08008db6       0x22 Startup\Src\ugui.o
                0x08008db6                _UG_GetFreeObject
 .text._UG_SearchObject
                0x08008dd8       0x30 Startup\Src\ugui.o
                0x08008dd8                _UG_SearchObject
 .text._UG_ProcessTouchData
                0x08008e08       0xb8 Startup\Src\ugui.o
                0x08008e08                _UG_ProcessTouchData
 .text._UG_UpdateObjects
                0x08008ec0       0x54 Startup\Src\ugui.o
                0x08008ec0                _UG_UpdateObjects
 .text._UG_HandleEvents
                0x08008f14       0x60 Startup\Src\ugui.o
                0x08008f14                _UG_HandleEvents
 .text._UG_DrawObjectFrame
                0x08008f74       0xf4 Startup\Src\ugui.o
                0x08008f74                _UG_DrawObjectFrame
 .text.UG_TouchUpdate
                0x08009068       0x10 Startup\Src\ugui.o
                0x08009068                UG_TouchUpdate
 .text.UG_WindowCreate
                0x08009078       0x8c Startup\Src\ugui.o
                0x08009078                UG_WindowCreate
 .text.UG_WindowShow
                0x08009104       0x24 Startup\Src\ugui.o
                0x08009104                UG_WindowShow
 .text.UG_WindowSetForeColor
                0x08009128       0x1a Startup\Src\ugui.o
                0x08009128                UG_WindowSetForeColor
 .text.UG_WindowSetBackColor
                0x08009142       0x1a Startup\Src\ugui.o
                0x08009142                UG_WindowSetBackColor
 .text.UG_WindowSetTitleText
                0x0800915c       0x1a Startup\Src\ugui.o
                0x0800915c                UG_WindowSetTitleText
 .text.UG_WindowSetTitleTextFont
                0x08009176       0x38 Startup\Src\ugui.o
                0x08009176                UG_WindowSetTitleTextFont
 .text.UG_WindowGetArea
                0x080091ae       0x4e Startup\Src\ugui.o
                0x080091ae                UG_WindowGetArea
 .text._UG_ButtonUpdate
                0x080091fc      0x198 Startup\Src\ugui.o
                0x080091fc                _UG_ButtonUpdate
 .text._UG_TextboxUpdate
                0x08009394       0xaa Startup\Src\ugui.o
                0x08009394                _UG_TextboxUpdate
 *fill*         0x0800943e        0x2 
 .text._UG_WindowDrawTitle
                0x08009440       0xac Startup\Src\ugui.o
                0x08009440                _UG_WindowDrawTitle
 .text._UG_WindowUpdate
                0x080094ec       0xbc Startup\Src\ugui.o
                0x080094ec                _UG_WindowUpdate
 .text.UG_Update
                0x080095a8       0x9c Startup\Src\ugui.o
                0x080095a8                UG_Update
 .text.UG_ButtonCreate
                0x08009644       0x90 Startup\Src\ugui.o
                0x08009644                UG_ButtonCreate
 .text.UG_ButtonSetForeColor
                0x080096d4       0x24 Startup\Src\ugui.o
                0x080096d4                UG_ButtonSetForeColor
 .text.UG_ButtonSetBackColor
                0x080096f8       0x24 Startup\Src\ugui.o
                0x080096f8                UG_ButtonSetBackColor
 .text.UG_ButtonSetText
                0x0800971c       0x24 Startup\Src\ugui.o
                0x0800971c                UG_ButtonSetText
 .text.UG_ButtonSetFont
                0x08009740       0x24 Startup\Src\ugui.o
                0x08009740                UG_ButtonSetFont
 .text.UG_TextboxCreate
                0x08009764       0x88 Startup\Src\ugui.o
                0x08009764                UG_TextboxCreate
 .text.UG_TextboxSetText
                0x080097ec       0x24 Startup\Src\ugui.o
                0x080097ec                UG_TextboxSetText
 .text.UG_TextboxSetFont
                0x08009810       0x24 Startup\Src\ugui.o
                0x08009810                UG_TextboxSetFont
 .text.UG_TextboxSetAlignment
                0x08009834       0x24 Startup\Src\ugui.o
                0x08009834                UG_TextboxSetAlignment
 .text.__errno  0x08009858        0xc c:/ac6/systemworkbench/plugins/fr.ac6.mcu.externaltools.arm-none.win32_1.15.0.201708311556/tools/compiler/bin/../lib/gcc/arm-none-eabi/6.3.1/../../../../arm-none-eabi/lib/thumb/v7e-m/fpv4-sp/hard\libc_nano.a(lib_a-errno.o)
                0x08009858                __errno
 .text._cleanup_r
                0x08009864        0xc c:/ac6/systemworkbench/plugins/fr.ac6.mcu.externaltools.arm-none.win32_1.15.0.201708311556/tools/compiler/bin/../lib/gcc/arm-none-eabi/6.3.1/../../../../arm-none-eabi/lib/thumb/v7e-m/fpv4-sp/hard\libc_nano.a(lib_a-findfp.o)
                0x08009864                _cleanup_r
 .text.std.isra.0
                0x08009870       0x48 c:/ac6/systemworkbench/plugins/fr.ac6.mcu.externaltools.arm-none.win32_1.15.0.201708311556/tools/compiler/bin/../lib/gcc/arm-none-eabi/6.3.1/../../../../arm-none-eabi/lib/thumb/v7e-m/fpv4-sp/hard\libc_nano.a(lib_a-findfp.o)
 .text.__sfmoreglue
                0x080098b8       0x2c c:/ac6/systemworkbench/plugins/fr.ac6.mcu.externaltools.arm-none.win32_1.15.0.201708311556/tools/compiler/bin/../lib/gcc/arm-none-eabi/6.3.1/../../../../arm-none-eabi/lib/thumb/v7e-m/fpv4-sp/hard\libc_nano.a(lib_a-findfp.o)
                0x080098b8                __sfmoreglue
 .text.__sinit  0x080098e4       0x60 c:/ac6/systemworkbench/plugins/fr.ac6.mcu.externaltools.arm-none.win32_1.15.0.201708311556/tools/compiler/bin/../lib/gcc/arm-none-eabi/6.3.1/../../../../arm-none-eabi/lib/thumb/v7e-m/fpv4-sp/hard\libc_nano.a(lib_a-findfp.o)
                0x080098e4                __sinit
 .text.__sfp    0x08009944       0x78 c:/ac6/systemworkbench/plugins/fr.ac6.mcu.externaltools.arm-none.win32_1.15.0.201708311556/tools/compiler/bin/../lib/gcc/arm-none-eabi/6.3.1/../../../../arm-none-eabi/lib/thumb/v7e-m/fpv4-sp/hard\libc_nano.a(lib_a-findfp.o)
                0x08009944                __sfp
 .text._fwalk_reent
                0x080099bc       0x3c c:/ac6/systemworkbench/plugins/fr.ac6.mcu.externaltools.arm-none.win32_1.15.0.201708311556/tools/compiler/bin/../lib/gcc/arm-none-eabi/6.3.1/../../../../arm-none-eabi/lib/thumb/v7e-m/fpv4-sp/hard\libc_nano.a(lib_a-fwalk.o)
                0x080099bc                _fwalk_reent
 .text.__itoa   0x080099f8       0x30 c:/ac6/systemworkbench/plugins/fr.ac6.mcu.externaltools.arm-none.win32_1.15.0.201708311556/tools/compiler/bin/../lib/gcc/arm-none-eabi/6.3.1/../../../../arm-none-eabi/lib/thumb/v7e-m/fpv4-sp/hard\libc_nano.a(lib_a-itoa.o)
                0x080099f8                __itoa
 .text.itoa     0x08009a28        0x4 c:/ac6/systemworkbench/plugins/fr.ac6.mcu.externaltools.arm-none.win32_1.15.0.201708311556/tools/compiler/bin/../lib/gcc/arm-none-eabi/6.3.1/../../../../arm-none-eabi/lib/thumb/v7e-m/fpv4-sp/hard\libc_nano.a(lib_a-itoa.o)
                0x08009a28                itoa
 .text.printf   0x08009a2c       0x30 c:/ac6/systemworkbench/plugins/fr.ac6.mcu.externaltools.arm-none.win32_1.15.0.201708311556/tools/compiler/bin/../lib/gcc/arm-none-eabi/6.3.1/../../../../arm-none-eabi/lib/thumb/v7e-m/fpv4-sp/hard\libc_nano.a(lib_a-printf.o)
                0x08009a2c                iprintf
                0x08009a2c                printf
 .text._puts_r  0x08009a5c       0xb8 c:/ac6/systemworkbench/plugins/fr.ac6.mcu.externaltools.arm-none.win32_1.15.0.201708311556/tools/compiler/bin/../lib/gcc/arm-none-eabi/6.3.1/../../../../arm-none-eabi/lib/thumb/v7e-m/fpv4-sp/hard\libc_nano.a(lib_a-puts.o)
                0x08009a5c                _puts_r
 .text.puts     0x08009b14       0x10 c:/ac6/systemworkbench/plugins/fr.ac6.mcu.externaltools.arm-none.win32_1.15.0.201708311556/tools/compiler/bin/../lib/gcc/arm-none-eabi/6.3.1/../../../../arm-none-eabi/lib/thumb/v7e-m/fpv4-sp/hard\libc_nano.a(lib_a-puts.o)
                0x08009b14                puts
 .text.__sread  0x08009b24       0x22 c:/ac6/systemworkbench/plugins/fr.ac6.mcu.externaltools.arm-none.win32_1.15.0.201708311556/tools/compiler/bin/../lib/gcc/arm-none-eabi/6.3.1/../../../../arm-none-eabi/lib/thumb/v7e-m/fpv4-sp/hard\libc_nano.a(lib_a-stdio.o)
                0x08009b24                __sread
 .text.__swrite
                0x08009b46       0x38 c:/ac6/systemworkbench/plugins/fr.ac6.mcu.externaltools.arm-none.win32_1.15.0.201708311556/tools/compiler/bin/../lib/gcc/arm-none-eabi/6.3.1/../../../../arm-none-eabi/lib/thumb/v7e-m/fpv4-sp/hard\libc_nano.a(lib_a-stdio.o)
                0x08009b46                __swrite
 .text.__sseek  0x08009b7e       0x24 c:/ac6/systemworkbench/plugins/fr.ac6.mcu.externaltools.arm-none.win32_1.15.0.201708311556/tools/compiler/bin/../lib/gcc/arm-none-eabi/6.3.1/../../../../arm-none-eabi/lib/thumb/v7e-m/fpv4-sp/hard\libc_nano.a(lib_a-stdio.o)
                0x08009b7e                __sseek
 .text.__sclose
                0x08009ba2        0x8 c:/ac6/systemworkbench/plugins/fr.ac6.mcu.externaltools.arm-none.win32_1.15.0.201708311556/tools/compiler/bin/../lib/gcc/arm-none-eabi/6.3.1/../../../../arm-none-eabi/lib/thumb/v7e-m/fpv4-sp/hard\libc_nano.a(lib_a-stdio.o)
                0x08009ba2                __sclose
 *fill*         0x08009baa        0x2 
 .text.__utoa   0x08009bac       0x80 c:/ac6/systemworkbench/plugins/fr.ac6.mcu.externaltools.arm-none.win32_1.15.0.201708311556/tools/compiler/bin/../lib/gcc/arm-none-eabi/6.3.1/../../../../arm-none-eabi/lib/thumb/v7e-m/fpv4-sp/hard\libc_nano.a(lib_a-utoa.o)
                0x08009bac                __utoa
 .text.__swbuf_r
                0x08009c2c       0xa4 c:/ac6/systemworkbench/plugins/fr.ac6.mcu.externaltools.arm-none.win32_1.15.0.201708311556/tools/compiler/bin/../lib/gcc/arm-none-eabi/6.3.1/../../../../arm-none-eabi/lib/thumb/v7e-m/fpv4-sp/hard\libc_nano.a(lib_a-wbuf.o)
                0x08009c2c                __swbuf_r
 .text._write_r
                0x08009cd0       0x24 c:/ac6/systemworkbench/plugins/fr.ac6.mcu.externaltools.arm-none.win32_1.15.0.201708311556/tools/compiler/bin/../lib/gcc/arm-none-eabi/6.3.1/../../../../arm-none-eabi/lib/thumb/v7e-m/fpv4-sp/hard\libc_nano.a(lib_a-writer.o)
                0x08009cd0                _write_r
 .text.__swsetup_r
                0x08009cf4       0xdc c:/ac6/systemworkbench/plugins/fr.ac6.mcu.externaltools.arm-none.win32_1.15.0.201708311556/tools/compiler/bin/../lib/gcc/arm-none-eabi/6.3.1/../../../../arm-none-eabi/lib/thumb/v7e-m/fpv4-sp/hard\libc_nano.a(lib_a-wsetup.o)
                0x08009cf4                __swsetup_r
 .text._close_r
                0x08009dd0       0x20 c:/ac6/systemworkbench/plugins/fr.ac6.mcu.externaltools.arm-none.win32_1.15.0.201708311556/tools/compiler/bin/../lib/gcc/arm-none-eabi/6.3.1/../../../../arm-none-eabi/lib/thumb/v7e-m/fpv4-sp/hard\libc_nano.a(lib_a-closer.o)
                0x08009dd0                _close_r
 .text.__sflush_r
                0x08009df0      0x110 c:/ac6/systemworkbench/plugins/fr.ac6.mcu.externaltools.arm-none.win32_1.15.0.201708311556/tools/compiler/bin/../lib/gcc/arm-none-eabi/6.3.1/../../../../arm-none-eabi/lib/thumb/v7e-m/fpv4-sp/hard\libc_nano.a(lib_a-fflush.o)
                0x08009df0                __sflush_r
 .text._fflush_r
                0x08009f00       0x54 c:/ac6/systemworkbench/plugins/fr.ac6.mcu.externaltools.arm-none.win32_1.15.0.201708311556/tools/compiler/bin/../lib/gcc/arm-none-eabi/6.3.1/../../../../arm-none-eabi/lib/thumb/v7e-m/fpv4-sp/hard\libc_nano.a(lib_a-fflush.o)
                0x08009f00                _fflush_r
 .text._lseek_r
                0x08009f54       0x24 c:/ac6/systemworkbench/plugins/fr.ac6.mcu.externaltools.arm-none.win32_1.15.0.201708311556/tools/compiler/bin/../lib/gcc/arm-none-eabi/6.3.1/../../../../arm-none-eabi/lib/thumb/v7e-m/fpv4-sp/hard\libc_nano.a(lib_a-lseekr.o)
                0x08009f54                _lseek_r
 .text.__swhatbuf_r
                0x08009f78       0x48 c:/ac6/systemworkbench/plugins/fr.ac6.mcu.externaltools.arm-none.win32_1.15.0.201708311556/tools/compiler/bin/../lib/gcc/arm-none-eabi/6.3.1/../../../../arm-none-eabi/lib/thumb/v7e-m/fpv4-sp/hard\libc_nano.a(lib_a-makebuf.o)
                0x08009f78                __swhatbuf_r
 .text.__smakebuf_r
                0x08009fc0       0x80 c:/ac6/systemworkbench/plugins/fr.ac6.mcu.externaltools.arm-none.win32_1.15.0.201708311556/tools/compiler/bin/../lib/gcc/arm-none-eabi/6.3.1/../../../../arm-none-eabi/lib/thumb/v7e-m/fpv4-sp/hard\libc_nano.a(lib_a-makebuf.o)
                0x08009fc0                __smakebuf_r
 .text.__sfputc_r
                0x0800a040       0x30 c:/ac6/systemworkbench/plugins/fr.ac6.mcu.externaltools.arm-none.win32_1.15.0.201708311556/tools/compiler/bin/../lib/gcc/arm-none-eabi/6.3.1/../../../../arm-none-eabi/lib/thumb/v7e-m/fpv4-sp/hard\libc_nano.a(lib_a-nano-vfprintf.o)
 .text.__sfputs_r
                0x0800a070       0x24 c:/ac6/systemworkbench/plugins/fr.ac6.mcu.externaltools.arm-none.win32_1.15.0.201708311556/tools/compiler/bin/../lib/gcc/arm-none-eabi/6.3.1/../../../../arm-none-eabi/lib/thumb/v7e-m/fpv4-sp/hard\libc_nano.a(lib_a-nano-vfprintf.o)
                0x0800a070                __sfputs_r
 .text._vfprintf_r
                0x0800a094      0x22c c:/ac6/systemworkbench/plugins/fr.ac6.mcu.externaltools.arm-none.win32_1.15.0.201708311556/tools/compiler/bin/../lib/gcc/arm-none-eabi/6.3.1/../../../../arm-none-eabi/lib/thumb/v7e-m/fpv4-sp/hard\libc_nano.a(lib_a-nano-vfprintf.o)
                0x0800a094                _vfprintf_r
                0x0800a094                _vfiprintf_r
 .text._read_r  0x0800a2c0       0x24 c:/ac6/systemworkbench/plugins/fr.ac6.mcu.externaltools.arm-none.win32_1.15.0.201708311556/tools/compiler/bin/../lib/gcc/arm-none-eabi/6.3.1/../../../../arm-none-eabi/lib/thumb/v7e-m/fpv4-sp/hard\libc_nano.a(lib_a-readr.o)
                0x0800a2c0                _read_r
 .text._fstat_r
                0x0800a2e4       0x24 c:/ac6/systemworkbench/plugins/fr.ac6.mcu.externaltools.arm-none.win32_1.15.0.201708311556/tools/compiler/bin/../lib/gcc/arm-none-eabi/6.3.1/../../../../arm-none-eabi/lib/thumb/v7e-m/fpv4-sp/hard\libc_nano.a(lib_a-fstatr.o)
                0x0800a2e4                _fstat_r
 .text._isatty_r
                0x0800a308       0x20 c:/ac6/systemworkbench/plugins/fr.ac6.mcu.externaltools.arm-none.win32_1.15.0.201708311556/tools/compiler/bin/../lib/gcc/arm-none-eabi/6.3.1/../../../../arm-none-eabi/lib/thumb/v7e-m/fpv4-sp/hard\libc_nano.a(lib_a-isattyr.o)
                0x0800a308                _isatty_r
 *(.glue_7)
 .glue_7        0x0800a328        0x0 linker stubs
 *(.glue_7t)
 .glue_7t       0x0800a328        0x0 linker stubs
 *(.eh_frame)
 .eh_frame      0x0800a328        0x0 c:/ac6/systemworkbench/plugins/fr.ac6.mcu.externaltools.arm-none.win32_1.15.0.201708311556/tools/compiler/bin/../lib/gcc/arm-none-eabi/6.3.1/thumb/v7e-m/fpv4-sp/hard/crtbegin.o
 *(.init)
 .init          0x0800a328        0x4 c:/ac6/systemworkbench/plugins/fr.ac6.mcu.externaltools.arm-none.win32_1.15.0.201708311556/tools/compiler/bin/../lib/gcc/arm-none-eabi/6.3.1/thumb/v7e-m/fpv4-sp/hard/crti.o
                0x0800a328                _init
 .init          0x0800a32c        0x8 c:/ac6/systemworkbench/plugins/fr.ac6.mcu.externaltools.arm-none.win32_1.15.0.201708311556/tools/compiler/bin/../lib/gcc/arm-none-eabi/6.3.1/thumb/v7e-m/fpv4-sp/hard/crtn.o
 *(.fini)
 .fini          0x0800a334        0x4 c:/ac6/systemworkbench/plugins/fr.ac6.mcu.externaltools.arm-none.win32_1.15.0.201708311556/tools/compiler/bin/../lib/gcc/arm-none-eabi/6.3.1/thumb/v7e-m/fpv4-sp/hard/crti.o
                0x0800a334                _fini
 .fini          0x0800a338        0x8 c:/ac6/systemworkbench/plugins/fr.ac6.mcu.externaltools.arm-none.win32_1.15.0.201708311556/tools/compiler/bin/../lib/gcc/arm-none-eabi/6.3.1/thumb/v7e-m/fpv4-sp/hard/crtn.o
                0x0800a340                . = ALIGN (0x4)
                0x0800a340                _etext = .

.vfp11_veneer   0x0800a340        0x0
 .vfp11_veneer  0x0800a340        0x0 linker stubs

.v4_bx          0x0800a340        0x0
 .v4_bx         0x0800a340        0x0 linker stubs

.iplt           0x0800a340        0x0
 .iplt          0x0800a340        0x0 c:/ac6/systemworkbench/plugins/fr.ac6.mcu.externaltools.arm-none.win32_1.15.0.201708311556/tools/compiler/bin/../lib/gcc/arm-none-eabi/6.3.1/thumb/v7e-m/fpv4-sp/hard/crtbegin.o

.rodata         0x0800a340     0x31f4
                0x0800a340                . = ALIGN (0x4)
 *(.rodata)
 .rodata        0x0800a340       0x14 Startup\Src\main.o
 *(.rodata*)
 .rodata._global_impure_ptr
                0x0800a354        0x4 c:/ac6/systemworkbench/plugins/fr.ac6.mcu.externaltools.arm-none.win32_1.15.0.201708311556/tools/compiler/bin/../lib/gcc/arm-none-eabi/6.3.1/../../../../arm-none-eabi/lib/thumb/v7e-m/fpv4-sp/hard\libc_nano.a(lib_a-impure.o)
                0x0800a354                _global_impure_ptr
 .rodata._printf_float.str1.1
                0x0800a358       0x12 c:/ac6/systemworkbench/plugins/fr.ac6.mcu.externaltools.arm-none.win32_1.15.0.201708311556/tools/compiler/bin/../lib/gcc/arm-none-eabi/6.3.1/../../../../arm-none-eabi/lib/thumb/v7e-m/fpv4-sp/hard\libc_nano.a(lib_a-nano-vfprintf_float.o)
 .rodata._printf_i.str1.1
                0x0800a36a       0x22 c:/ac6/systemworkbench/plugins/fr.ac6.mcu.externaltools.arm-none.win32_1.15.0.201708311556/tools/compiler/bin/../lib/gcc/arm-none-eabi/6.3.1/../../../../arm-none-eabi/lib/thumb/v7e-m/fpv4-sp/hard\libc_nano.a(lib_a-nano-vfprintf_i.o)
 .rodata._dtoa_r.str1.1
                0x0800a38c        0xd c:/ac6/systemworkbench/plugins/fr.ac6.mcu.externaltools.arm-none.win32_1.15.0.201708311556/tools/compiler/bin/../lib/gcc/arm-none-eabi/6.3.1/../../../../arm-none-eabi/lib/thumb/v7e-m/fpv4-sp/hard\libc_nano.a(lib_a-dtoa.o)
                                  0xf (size before relaxing)
 *fill*         0x0800a399        0x7 
 .rodata.__mprec_bigtens
                0x0800a3a0       0x28 c:/ac6/systemworkbench/plugins/fr.ac6.mcu.externaltools.arm-none.win32_1.15.0.201708311556/tools/compiler/bin/../lib/gcc/arm-none-eabi/6.3.1/../../../../arm-none-eabi/lib/thumb/v7e-m/fpv4-sp/hard\libc_nano.a(lib_a-mprec.o)
                0x0800a3a0                __mprec_bigtens
 .rodata.__mprec_tens
                0x0800a3c8       0xc8 c:/ac6/systemworkbench/plugins/fr.ac6.mcu.externaltools.arm-none.win32_1.15.0.201708311556/tools/compiler/bin/../lib/gcc/arm-none-eabi/6.3.1/../../../../arm-none-eabi/lib/thumb/v7e-m/fpv4-sp/hard\libc_nano.a(lib_a-mprec.o)
                0x0800a3c8                __mprec_tens
 .rodata.p05.7170
                0x0800a490        0xc c:/ac6/systemworkbench/plugins/fr.ac6.mcu.externaltools.arm-none.win32_1.15.0.201708311556/tools/compiler/bin/../lib/gcc/arm-none-eabi/6.3.1/../../../../arm-none-eabi/lib/thumb/v7e-m/fpv4-sp/hard\libc_nano.a(lib_a-mprec.o)
 .rodata._setlocale_r.str1.1
                0x0800a49c        0x8 c:/ac6/systemworkbench/plugins/fr.ac6.mcu.externaltools.arm-none.win32_1.15.0.201708311556/tools/compiler/bin/../lib/gcc/arm-none-eabi/6.3.1/../../../../arm-none-eabi/lib/thumb/v7e-m/fpv4-sp/hard\libc_nano.a(lib_a-locale.o)
                                  0x9 (size before relaxing)
 .rodata.str1.1
                0x0800a4a4        0x2 c:/ac6/systemworkbench/plugins/fr.ac6.mcu.externaltools.arm-none.win32_1.15.0.201708311556/tools/compiler/bin/../lib/gcc/arm-none-eabi/6.3.1/../../../../arm-none-eabi/lib/thumb/v7e-m/fpv4-sp/hard\libc_nano.a(lib_a-locale.o)
 .rodata._ctype_
                0x0800a4a6      0x101 c:/ac6/systemworkbench/plugins/fr.ac6.mcu.externaltools.arm-none.win32_1.15.0.201708311556/tools/compiler/bin/../lib/gcc/arm-none-eabi/6.3.1/../../../../arm-none-eabi/lib/thumb/v7e-m/fpv4-sp/hard\libc_nano.a(lib_a-ctype_.o)
                0x0800a4a6                _ctype_
 .rodata.L6470_ACT
                0x0800a5a7        0xa Startup\Drivers\BSP\Components\L6470\L6470.o
                0x0800a5a7                L6470_ACT
 .rodata.L6470_ApplicationCommand
                0x0800a5b1      0x10a Startup\Drivers\BSP\Components\L6470\L6470.o
                0x0800a5b1                L6470_ApplicationCommand
 .rodata.L6470_Direction
                0x0800a6bb       0x12 Startup\Drivers\BSP\Components\L6470\L6470.o
                0x0800a6bb                L6470_Direction
 *fill*         0x0800a6cd        0x3 
 .rodata.L6470_Register
                0x0800a6d0      0x1f4 Startup\Drivers\BSP\Components\L6470\L6470.o
                0x0800a6d0                L6470_Register
 .rodata.flagBitshiftOffset.10128
                0x0800a8c4        0x8 Startup\Drivers\STM32F4xx_HAL_Driver\Src\stm32f4xx_hal_dma.o
 .rodata.FLASH_Program_Byte.str1.1
                0x0800a8cc       0x42 Startup\Drivers\STM32F4xx_HAL_Driver\Src\stm32f4xx_hal_flash.o
 .rodata.FLASH_MassErase.str1.1
                0x0800a90e       0x45 Startup\Drivers\STM32F4xx_HAL_Driver\Src\stm32f4xx_hal_flash_ex.o
 .rodata.HAL_GPIO_Init.str1.1
                0x0800a953       0x41 Startup\Drivers\STM32F4xx_HAL_Driver\Src\stm32f4xx_hal_gpio.o
 .rodata.HAL_I2C_Init.str1.1
                0x0800a994       0x40 Startup\Drivers\STM32F4xx_HAL_Driver\Src\stm32f4xx_hal_i2c.o
 .rodata.HAL_LTDC_Init.str1.1
                0x0800a9d4       0x41 Startup\Drivers\STM32F4xx_HAL_Driver\Src\stm32f4xx_hal_ltdc.o
 .rodata.HAL_RCC_OscConfig.str1.1
                0x0800aa15       0x40 Startup\Drivers\STM32F4xx_HAL_Driver\Src\stm32f4xx_hal_rcc.o
 .rodata.HAL_RCCEx_PeriphCLKConfig.str1.1
                0x0800aa55       0x43 Startup\Drivers\STM32F4xx_HAL_Driver\Src\stm32f4xx_hal_rcc_ex.o
 .rodata.HAL_SPI_Init.str1.1
                0x0800aa98       0x40 Startup\Drivers\STM32F4xx_HAL_Driver\Src\stm32f4xx_hal_spi.o
 .rodata.FMC_NORSRAM_Init.str1.1
                0x0800aad8       0x3f Startup\Drivers\STM32F4xx_HAL_Driver\Src\stm32f4xx_ll_fmc.o
 .rodata.vTaskStartScheduler.str1.1
                0x0800ab17        0x5 Startup\Middlewares\Third_Party\FreeRTOS\Source\tasks.o
 .rodata.GUIInit.str1.1
                0x0800ab1c       0x15 Startup\Src\gui.o
 .rodata.window_1_callback.str1.1
                0x0800ab31       0x2a Startup\Src\gui.o
 .rodata.MX_SPI5_Init.str1.1
                0x0800ab5b       0x27 Startup\Src\main.o
 .rodata.assert_failed.str1.1
                0x0800ab82       0x1a Startup\Src\main.o
 .rodata.main.str1.1
                0x0800ab9c       0x30 Startup\Src\main.o
 .rodata.str1.1
                0x0800abcc        0xc Startup\Src\main.o
 .rodata.AHBPrescTable
                0x0800abd8       0x10 Startup\Src\system_stm32f4xx.o
                0x0800abd8                AHBPrescTable
 .rodata.APBPrescTable
                0x0800abe8        0x8 Startup\Src\system_stm32f4xx.o
                0x0800abe8                APBPrescTable
 .rodata.FONT_12X20
                0x0800abf0       0x1c Startup\Src\ugui.o
                0x0800abf0                FONT_12X20
 .rodata.UG_ButtonCreate.str1.1
                0x0800ac0c        0x2 Startup\Src\ugui.o
 .rodata.font_12x20
                0x0800ac0c     0x2800 Startup\Src\ugui.o
                0x0800ac0c                font_12x20
 .rodata.pal_button_pressed
                0x0800d40c       0x30 Startup\Src\ugui.o
                0x0800d40c                pal_button_pressed
 .rodata.pal_button_released
                0x0800d43c       0x30 Startup\Src\ugui.o
                0x0800d43c                pal_button_released
 .rodata.pal_window
                0x0800d46c       0x30 Startup\Src\ugui.o
                0x0800d46c                pal_window
 .rodata.__sf_fake_stderr
                0x0800d49c       0x20 c:/ac6/systemworkbench/plugins/fr.ac6.mcu.externaltools.arm-none.win32_1.15.0.201708311556/tools/compiler/bin/../lib/gcc/arm-none-eabi/6.3.1/../../../../arm-none-eabi/lib/thumb/v7e-m/fpv4-sp/hard\libc_nano.a(lib_a-findfp.o)
                0x0800d49c                __sf_fake_stderr
 .rodata.__sf_fake_stdin
                0x0800d4bc       0x20 c:/ac6/systemworkbench/plugins/fr.ac6.mcu.externaltools.arm-none.win32_1.15.0.201708311556/tools/compiler/bin/../lib/gcc/arm-none-eabi/6.3.1/../../../../arm-none-eabi/lib/thumb/v7e-m/fpv4-sp/hard\libc_nano.a(lib_a-findfp.o)
                0x0800d4bc                __sf_fake_stdin
 .rodata.__sf_fake_stdout
                0x0800d4dc       0x20 c:/ac6/systemworkbench/plugins/fr.ac6.mcu.externaltools.arm-none.win32_1.15.0.201708311556/tools/compiler/bin/../lib/gcc/arm-none-eabi/6.3.1/../../../../arm-none-eabi/lib/thumb/v7e-m/fpv4-sp/hard\libc_nano.a(lib_a-findfp.o)
                0x0800d4dc                __sf_fake_stdout
 .rodata.__utoa.str1.1
                0x0800d4fc       0x25 c:/ac6/systemworkbench/plugins/fr.ac6.mcu.externaltools.arm-none.win32_1.15.0.201708311556/tools/compiler/bin/../lib/gcc/arm-none-eabi/6.3.1/../../../../arm-none-eabi/lib/thumb/v7e-m/fpv4-sp/hard\libc_nano.a(lib_a-utoa.o)
 .rodata._vfprintf_r.str1.1
                0x0800d521       0x11 c:/ac6/systemworkbench/plugins/fr.ac6.mcu.externaltools.arm-none.win32_1.15.0.201708311556/tools/compiler/bin/../lib/gcc/arm-none-eabi/6.3.1/../../../../arm-none-eabi/lib/thumb/v7e-m/fpv4-sp/hard\libc_nano.a(lib_a-nano-vfprintf.o)
                0x0800d534                . = ALIGN (0x4)
 *fill*         0x0800d532        0x2 

.rel.dyn        0x0800d534        0x0
 .rel.iplt      0x0800d534        0x0 c:/ac6/systemworkbench/plugins/fr.ac6.mcu.externaltools.arm-none.win32_1.15.0.201708311556/tools/compiler/bin/../lib/gcc/arm-none-eabi/6.3.1/thumb/v7e-m/fpv4-sp/hard/crtbegin.o

.ARM.extab
 *(.ARM.extab* .gnu.linkonce.armextab.*)

.ARM            0x0800d534        0x0
                0x0800d534                __exidx_start = .
 *(.ARM.exidx*)
                0x0800d534                __exidx_end = .

.preinit_array  0x0800d534        0x0
                0x0800d534                PROVIDE (__preinit_array_start, .)
 *(.preinit_array*)
                0x0800d534                PROVIDE (__preinit_array_end, .)

.init_array     0x0800d534        0x4
                0x0800d534                PROVIDE (__init_array_start, .)
 *(SORT(.init_array.*))
 *(.init_array*)
 .init_array    0x0800d534        0x4 c:/ac6/systemworkbench/plugins/fr.ac6.mcu.externaltools.arm-none.win32_1.15.0.201708311556/tools/compiler/bin/../lib/gcc/arm-none-eabi/6.3.1/thumb/v7e-m/fpv4-sp/hard/crtbegin.o
                0x0800d538                PROVIDE (__init_array_end, .)

.fini_array     0x0800d538        0x4
                [!provide]                PROVIDE (__fini_array_start, .)
 *(SORT(.fini_array.*))
 *(.fini_array*)
 .fini_array    0x0800d538        0x4 c:/ac6/systemworkbench/plugins/fr.ac6.mcu.externaltools.arm-none.win32_1.15.0.201708311556/tools/compiler/bin/../lib/gcc/arm-none-eabi/6.3.1/thumb/v7e-m/fpv4-sp/hard/crtbegin.o
                [!provide]                PROVIDE (__fini_array_end, .)
                0x0800d53c                _sidata = LOADADDR (.data)

.data           0x20000000      0x24c load address 0x0800d53c
                0x20000000                . = ALIGN (0x4)
                0x20000000                _sdata = .
 *(.data)
 *(.data*)
 .data._impure_ptr
                0x20000000        0x4 c:/ac6/systemworkbench/plugins/fr.ac6.mcu.externaltools.arm-none.win32_1.15.0.201708311556/tools/compiler/bin/../lib/gcc/arm-none-eabi/6.3.1/../../../../arm-none-eabi/lib/thumb/v7e-m/fpv4-sp/hard\libc_nano.a(lib_a-impure.o)
                0x20000000                _impure_ptr
 .data.impure_data
                0x20000004       0x60 c:/ac6/systemworkbench/plugins/fr.ac6.mcu.externaltools.arm-none.win32_1.15.0.201708311556/tools/compiler/bin/../lib/gcc/arm-none-eabi/6.3.1/../../../../arm-none-eabi/lib/thumb/v7e-m/fpv4-sp/hard\libc_nano.a(lib_a-impure.o)
 .data.__global_locale
                0x20000064      0x16c c:/ac6/systemworkbench/plugins/fr.ac6.mcu.externaltools.arm-none.win32_1.15.0.201708311556/tools/compiler/bin/../lib/gcc/arm-none-eabi/6.3.1/../../../../arm-none-eabi/lib/thumb/v7e-m/fpv4-sp/hard\libc_nano.a(lib_a-locale.o)
                0x20000064                __global_locale
 .data.__heap_limit
                0x200001d0        0x4 c:/ac6/systemworkbench/plugins/fr.ac6.mcu.externaltools.arm-none.win32_1.15.0.201708311556/tools/compiler/bin/../lib/gcc/arm-none-eabi/6.3.1/../../../../arm-none-eabi/lib/thumb/v7e-m/fpv4-sp/hard\librdimon_nano.a(rdimon-syscalls.o)
                0x200001d0                __heap_limit
 .data.pL6470_StatusRegister
                0x200001d4        0x4 Startup\Drivers\BSP\Components\L6470\L6470.o
                0x200001d4                pL6470_StatusRegister
 .data.ili9341_drv
                0x200001d8       0x38 Startup\Drivers\BSP\Components\ili9341\ili9341.o
                0x200001d8                ili9341_drv
 .data.stmpe811_ts_drv