Info: Nothing to build for Dispenser
Info: Nothing to build for Dispenser
20:23:22 **** Incremental Build of configuration Debug for project Dispenser ****
Info: Internal Builder is used for build
arm-none-eabi-gcc -mcpu=cortex-m4 -mthumb -mfloat-abi=hard -mfpu=fpv4-sp-d16 -DSTM32 -DSTM32F4 -DSTM32F429ZITx -DSTM32F429I_DISC1 -DDEBUG "-IC:\\Dispenser\\Dispenser\\Startup\\Middlewares\\Third_Party\\FreeRTOS\\Source\\include" "-IC:\\Dispenser\\Dispenser\\Startup\\Drivers\\CMSIS\\Device\\ST\\STM32F4xx\\Include" "-IC:\\Dispenser\\Dispenser\\Startup\\Middlewares\\Third_Party\\FreeRTOS\\Source\\portable\\GCC\\ARM_CM4F" "-IC:\\Dispenser\\Dispenser\\Startup\\Middlewares\\Third_Party\\FreeRTOS\\Source\\CMSIS_RTOS" "-IC:\\Dispenser\\Dispenser\\Startup\\Inc" "-IC:\\Dispenser\\Dispenser\\Startup\\Drivers\\BSP\\Components\\Common" "-IC:\\Dispenser\\Dispenser\\Startup\\Drivers\\BSP\\Components\\ili9341" "-IC:\\Dispenser\\Dispenser\\Startup\\Drivers\\BSP\\Components\\L6470" "-IC:\\Dispenser\\Dispenser\\Startup\\Drivers\\BSP\\Components\\stmpe811" "-IC:\\Dispenser\\Dispenser\\Startup\\Drivers\\BSP\\STM32F429I-Discovery" "-IC:\\Dispenser\\Dispenser\\Startup\\Drivers\\CMSIS\\Include" "-IC:\\Dispenser\\Dispenser\\Startup\\Drivers\\STM32F4xx_HAL_Driver\\Inc" -Os -Wall -fmessage-length=0 -ffunction-sections -fdata-sections -c -o "Startup\\Src\\main.o" "..\\Startup\\Src\\main.c" 
arm-none-eabi-gcc -mcpu=cortex-m4 -mthumb -mfloat-abi=hard -mfpu=fpv4-sp-d16 -specs=nano.specs -u _printf_float -specs=rdimon.specs -lc -lrdimon "-TC:\\Dispenser\\Dispenser\\STM32F429ZITx_FLASH.ld" -Wl,-Map=output.map -Wl,--gc-sections -lm -o Dispenser.elf "Startup\\Drivers\\BSP\\Components\\L6470\\L6470.o" "Startup\\Drivers\\BSP\\Components\\ili9341\\ili9341.o" "Startup\\Drivers\\BSP\\Components\\stmpe811\\stmpe811.o" "Startup\\Drivers\\BSP\\STM32F429I-Discovery\\stm32f429i_discovery.o" "Startup\\Drivers\\BSP\\STM32F429I-Discovery\\stm32f429i_discovery_io.o" "Startup\\Drivers\\BSP\\STM32F429I-Discovery\\stm32f429i_discovery_lcd.o" "Startup\\Drivers\\BSP\\STM32F429I-Discovery\\stm32f429i_discovery_sdram.o" "Startup\\Drivers\\BSP\\STM32F429I-Discovery\\stm32f429i_discovery_ts.o" "Startup\\Drivers\\STM32F4xx_HAL_Driver\\Src\\stm32f4xx_hal.o" "Startup\\Drivers\\STM32F4xx_HAL_Driver\\Src\\stm32f4xx_hal_cortex.o" "Startup\\Drivers\\STM32F4xx_HAL_Driver\\Src\\stm32f4xx_hal_dma.o" "Startup\\Drivers\\STM32F4xx_HAL_Driver\\Src\\stm32f4xx_hal_dma2d.o" "Startup\\Drivers\\STM32F4xx_HAL_Driver\\Src\\stm32f4xx_hal_dma_ex.o" "Startup\\Drivers\\STM32F4xx_HAL_Driver\\Src\\stm32f4xx_hal_dsi.o" "Startup\\Drivers\\STM32F4xx_HAL_Driver\\Src\\stm32f4xx_hal_flash.o" "Startup\\Drivers\\STM32F4xx_HAL_Driver\\Src\\stm32f4xx_hal_flash_ex.o" "Startup\\Drivers\\STM32F4xx_HAL_Driver\\Src\\stm32f4xx_hal_flash_ramfunc.o" "Startup\\Drivers\\STM32F4xx_HAL_Driver\\Src\\stm32f4xx_hal_gpio.o" "Startup\\Drivers\\STM32F4xx_HAL_Driver\\Src\\stm32f4xx_hal_hcd.o" "Startup\\Drivers\\STM32F4xx_HAL_Driver\\Src\\stm32f4xx_hal_i2c.o" "Startup\\Drivers\\STM32F4xx_HAL_Driver\\Src\\stm32f4xx_hal_i2c_ex.o" "Startup\\Drivers\\STM32F4xx_HAL_Driver\\Src\\stm32f4xx_hal_ltdc.o" "Startup\\Drivers\\STM32F4xx_HAL_Driver\\Src\\stm32f4xx_hal_ltdc_ex.o" "Startup\\Drivers\\STM32F4xx_HAL_Driver\\Src\\stm32f4xx_hal_pwr.o" "Startup\\Drivers\\STM32F4xx_HAL_Driver\\Src\\stm32f4xx_hal_pwr_ex.o" "Startup\\Drivers\\STM32F4xx_HAL_Driver\\Src\\stm32f4xx_hal_rcc.o" "Startup\\Drivers\\STM32F4xx_HAL_Driver\\Src\\stm32f4xx_hal_rcc_ex.o" "Startup\\Drivers\\STM32F4xx_HAL_Driver\\Src\\stm32f4xx_hal_sdram.o" "Startup\\Drivers\\STM32F4xx_HAL_Driver\\Src\\stm32f4xx_hal_spi.o" "Startup\\Drivers\\STM32F4xx_HAL_Driver\\Src\\stm32f4xx_hal_tim.o" "Startup\\Drivers\\STM32F4xx_HAL_Driver\\Src\\stm32f4xx_hal_tim_ex.o" "Startup\\Drivers\\STM32F4xx_HAL_Driver\\Src\\stm32f4xx_hal_uart.o" "Startup\\Drivers\\STM32F4xx_HAL_Driver\\Src\\stm32f4xx_ll_fmc.o" "Startup\\Drivers\\STM32F4xx_HAL_Driver\\Src\\stm32f4xx_ll_usb.o" "Startup\\Middlewares\\Third_Party\\FreeRTOS\\Source\\CMSIS_RTOS\\cmsis_os.o" "Startup\\Middlewares\\Third_Party\\FreeRTOS\\Source\\croutine.o" "Startup\\Middlewares\\Third_Party\\FreeRTOS\\Source\\event_groups.o" "Startup\\Middlewares\\Third_Party\\FreeRTOS\\Source\\list.o" "Startup\\Middlewares\\Third_Party\\FreeRTOS\\Source\\portable\\GCC\\ARM_CM4F\\port.o" "Startup\\Middlewares\\Third_Party\\FreeRTOS\\Source\\portable\\MemMang\\heap_4.o" "Startup\\Middlewares\\Third_Party\\FreeRTOS\\Source\\queue.o" "Startup\\Middlewares\\Third_Party\\FreeRTOS\\Source\\tasks.o" "Startup\\Middlewares\\Third_Party\\FreeRTOS\\Source\\timers.o" "Startup\\Src\\freertos.o" "Startup\\Src\\gui.o" "Startup\\Src\\main.o" "Startup\\Src\\startup_stm32f429xx.o" "Startup\\Src\\stm32f4xx_it.o" "Startup\\Src\\system_stm32f4xx.o" "Startup\\Src\\ugui.o" 
arm-none-eabi-objcopy -O binary Dispenser.elf Dispenser.bin 
 arm-none-eabi-size Dispenser.elf 
   text	   data	    bss	    dec	    hex	filename
  54696	    596	  19972	  75264	  12600	Dispenser.elf
20:23:46 **** Clean-only build of configuration Debug for project Dispenser ****
rm -rf Startup/Drivers/STM32F4xx_HAL_Driver/Src/stm32f4xx_hal_dma2d.d Startup/Drivers/STM32F4xx_HAL_Driver/Src/stm32f4xx_hal_i2c.o Dispenser.elf Startup/Middlewares/Third_Party/FreeRTOS/Source/CMSIS_RTOS/cmsis_os.d Startup/Drivers/STM32F4xx_HAL_Driver/Src/stm32f4xx_hal_i2c.d Startup/Drivers/STM32F4xx_HAL_Driver/Src/stm32f4xx_hal_dma2d.o Startup/Drivers/STM32F4xx_HAL_Driver/Src/stm32f4xx_hal_pwr.o Startup/Drivers/STM32F4xx_HAL_Driver/Src/stm32f4xx_hal.o Startup/Drivers/STM32F4xx_HAL_Driver/Src/stm32f4xx_hal_pwr.d Startup/Drivers/STM32F4xx_HAL_Driver/Src/stm32f4xx_hal_spi.d Startup/Drivers/STM32F4xx_HAL_Driver/Src/stm32f4xx_hal.d Startup/Middlewares/Third_Party/FreeRTOS/Source/portable/MemMang/heap_4.d Startup/Src/main.d Startup/Drivers/STM32F4xx_HAL_Driver/Src/stm32f4xx_hal_spi.o Startup/Middlewares/Third_Party/FreeRTOS/Source/CMSIS_RTOS/cmsis_os.o Startup/Src/main.o Startup/Middlewares/Third_Party/FreeRTOS/Source/portable/MemMang/heap_4.o Startup/Drivers/BSP/Components/L6470/L6470.o Startup/Drivers/BSP/STM32F429I-Discovery/stm32f429i_discovery_ts.d Startup/Middlewares/Third_Party/FreeRTOS/Source/queue.d Startup/Src/system_stm32f4xx.d Startup/Src/startup_stm32f429xx.d Startup/Drivers/STM32F4xx_HAL_Driver/Src/stm32f4xx_hal_hcd.d Startup/Middlewares/Third_Party/FreeRTOS/Source/croutine.d Startup/Drivers/BSP/STM32F429I-Discovery/stm32f429i_discovery_sdram.d Startup/Drivers/STM32F4xx_HAL_Driver/Src/stm32f4xx_hal_hcd.o Startup/Src/startup_stm32f429xx.o Startup/Src/system_stm32f4xx.o Startup/Drivers/BSP/STM32F429I-Discovery/stm32f429i_discovery_sdram.o Startup/Drivers/BSP/Components/L6470/L6470.d Startup/Middlewares/Third_Party/FreeRTOS/Source/queue.o Startup/Middlewares/Third_Party/FreeRTOS/Source/croutine.o Startup/Drivers/STM32F4xx_HAL_Driver/Src/stm32f4xx_hal_uart.o Startup/Drivers/BSP/STM32F429I-Discovery/stm32f429i_discovery.o Startup/Drivers/STM32F4xx_HAL_Driver/Src/stm32f4xx_hal_dma_ex.o Startup/Drivers/STM32F4xx_HAL_Driver/Src/stm32f4xx_hal_ltdc_ex.d Startup/Drivers/STM32F4xx_HAL_Driver/Src/stm32f4xx_hal_pwr_ex.o Startup/Src/ugui.d Startup/Drivers/STM32F4xx_HAL_Driver/Src/stm32f4xx_hal_uart.d Startup/Drivers/STM32F4xx_HAL_Driver/Src/stm32f4xx_hal_rcc_ex.d Startup/Drivers/STM32F4xx_HAL_Driver/Src/stm32f4xx_hal_pwr_ex.d Startup/Drivers/STM32F4xx_HAL_Driver/Src/stm32f4xx_hal_ltdc_ex.o Startup/Drivers/STM32F4xx_HAL_Driver/Src/stm32f4xx_hal_i2c_ex.o Startup/Drivers/BSP/STM32F429I-Discovery/stm32f429i_discovery.d Startup/Drivers/STM32F4xx_HAL_Driver/Src/stm32f4xx_hal_dma_ex.d Startup/Drivers/STM32F4xx_HAL_Driver/Src/stm32f4xx_ll_usb.d Startup/Drivers/STM32F4xx_HAL_Driver/Src/stm32f4xx_hal_rcc_ex.o Startup/Src/ugui.o Startup/Middlewares/Third_Party/FreeRTOS/Source/portable/GCC/ARM_CM4F/port.d Startup/Middlewares/Third_Party/FreeRTOS/Source/portable/GCC/ARM_CM4F/port.o Startup/Drivers/STM32F4xx_HAL_Driver/Src/stm32f4xx_ll_usb.o Startup/Drivers/STM32F4xx_HAL_Driver/Src/stm32f4xx_ll_fmc.o Startup/Drivers/STM32F4xx_HAL_Driver/Src/stm32f4xx_ll_fmc.d Startup/Drivers/STM32F4xx_HAL_Driver/Src/stm32f4xx_hal_dma.d Startup/Drivers/STM32F4xx_HAL_Driver/Src/stm32f4xx_hal_flash_ex.o Startup/Drivers/STM32F4xx_HAL_Driver/Src/stm32f4xx_hal_flash_ramfunc.d Startup/Drivers/STM32F4xx_HAL_Driver/Src/stm32f4xx_hal_flash_ramfunc.o Startup/Drivers/STM32F4xx_HAL_Driver/Src/stm32f4xx_hal_dma.o Startup/Drivers/STM32F4xx_HAL_Driver/Src/stm32f4xx_hal_cortex.d Startup/Drivers/STM32F4xx_HAL_Driver/Src/stm32f4xx_hal_tim_ex.o Startup/Drivers/BSP/Components/stmpe811/stmpe811.o Startup/Drivers/STM32F4xx_HAL_Driver/Src/stm32f4xx_hal_flash.o Startup/Drivers/STM32F4xx_HAL_Driver/Src/stm32f4xx_hal_rcc.d Startup/Drivers/STM32F4xx_HAL_Driver/Src/stm32f4xx_hal_sdram.o Startup/Drivers/STM32F4xx_HAL_Driver/Src/stm32f4xx_hal_sdram.d Startup/Drivers/STM32F4xx_HAL_Driver/Src/stm32f4xx_hal_cortex.o Startup/Drivers/STM32F4xx_HAL_Driver/Src/stm32f4xx_hal_flash.d Startup/Drivers/BSP/Components/stmpe811/stmpe811.d Startup/Drivers/STM32F4xx_HAL_Driver/Src/stm32f4xx_hal_rcc.o Startup/Drivers/STM32F4xx_HAL_Driver/Src/stm32f4xx_hal_flash_ex.d Startup/Drivers/STM32F4xx_HAL_Driver/Src/stm32f4xx_hal_ltdc.d Startup/Drivers/STM32F4xx_HAL_Driver/Src/stm32f4xx_hal_gpio.d Startup/Drivers/BSP/Components/ili9341/ili9341.o Startup/Drivers/STM32F4xx_HAL_Driver/Src/stm32f4xx_hal_ltdc.o Startup/Middlewares/Third_Party/FreeRTOS/Source/list.o Startup/Drivers/BSP/STM32F429I-Discovery/stm32f429i_discovery_lcd.d Startup/Src/gui.o Startup/Src/stm32f4xx_it.d Startup/Drivers/BSP/STM32F429I-Discovery/stm32f429i_discovery_io.d Startup/Middlewares/Third_Party/FreeRTOS/Source/list.d Startup/Drivers/STM32F4xx_HAL_Driver/Src/stm32f4xx_hal_tim_ex.d Startup/Drivers/BSP/Components/ili9341/ili9341.d Startup/Drivers/STM32F4xx_HAL_Driver/Src/stm32f4xx_hal_i2c_ex.d Startup/Src/stm32f4xx_it.o Startup/Drivers/BSP/STM32F429I-Discovery/stm32f429i_discovery_lcd.o Startup/Drivers/STM32F4xx_HAL_Driver/Src/stm32f4xx_hal_gpio.o Startup/Drivers/BSP/STM32F429I-Discovery/stm32f429i_discovery_io.o Startup/Middlewares/Third_Party/FreeRTOS/Source/event_groups.d Startup/Middlewares/Third_Party/FreeRTOS/Source/event_groups.o Startup/Src/gui.d Startup/Src/freertos.o Startup/Src/freertos.d Startup/Middlewares/Third_Party/FreeRTOS/Source/timers.d Startup/Middlewares/Third_Party/FreeRTOS/Source/timers.o Startup/Drivers/BSP/STM32F429I-Discovery/stm32f429i_discovery_ts.o Startup/Drivers/STM32F4xx_HAL_Driver/Src/stm32f4xx_hal_dsi.d Startup/Drivers/STM32F4xx_HAL_Driver/Src/stm32f4xx_hal_tim.d Startup/Drivers/STM32F4xx_HAL_Driver/Src/stm32f4xx_hal_dsi.o Startup/Middlewares/Third_Party/FreeRTOS/Source/tasks.o Startup/Drivers/STM32F4xx_HAL_Driver/Src/stm32f4xx_hal_tim.o Startup/Middlewares/Third_Party/FreeRTOS/Source/tasks.d 
20:24:15 **** Rebuild of configuration Debug for project Dispenser ****
Info: Internal Builder is used for build
arm-none-eabi-gcc -mcpu=cortex-m4 -mthumb -mfloat-abi=hard -mfpu=fpv4-sp-d16 -DSTM32 -DSTM32F4 -DSTM32F429ZITx -DSTM32F429I_DISC1 -DDEBUG "-IC:\\Dispenser\\Dispenser\\Startup\\Middlewares\\Third_Party\\FreeRTOS\\Source\\include" "-IC:\\Dispenser\\Dispenser\\Startup\\Drivers\\CMSIS\\Device\\ST\\STM32F4xx\\Include" "-IC:\\Dispenser\\Dispenser\\Startup\\Middlewares\\Third_Party\\FreeRTOS\\Source\\portable\\GCC\\ARM_CM4F" "-IC:\\Dispenser\\Dispenser\\Startup\\Middlewares\\Third_Party\\FreeRTOS\\Source\\CMSIS_RTOS" "-IC:\\Dispenser\\Dispenser\\Startup\\Inc" "-IC:\\Dispenser\\Dispenser\\Startup\\Drivers\\BSP\\Components\\Common" "-IC:\\Dispenser\\Dispenser\\Startup\\Drivers\\BSP\\Components\\ili9341" "-IC:\\Dispenser\\Dispenser\\Startup\\Drivers\\BSP\\Components\\L6470" "-IC:\\Dispenser\\Dispenser\\Startup\\Drivers\\BSP\\Components\\stmpe811" "-IC:\\Dispenser\\Dispenser\\Startup\\Drivers\\BSP\\STM32F429I-Discovery" "-IC:\\Dispenser\\Dispenser\\Startup\\Drivers\\CMSIS\\Include" "-IC:\\Dispenser\\Dispenser\\Startup\\Drivers\\STM32F4xx_HAL_Driver\\Inc" -Os -Wall -fmessage-length=0 -ffunction-sections -fdata-sections -c -o "Startup\\Middlewares\\Third_Party\\FreeRTOS\\Source\\list.o" "..\\Startup\\Middlewares\\Third_Party\\FreeRTOS\\Source\\list.c" 
arm-none-eabi-gcc -mcpu=cortex-m4 -mthumb -mfloat-abi=hard -mfpu=fpv4-sp-d16 -DSTM32 -DSTM32F4 -DSTM32F429ZITx -DSTM32F429I_DISC1 -DDEBUG "-IC:\\Dispenser\\Dispenser\\Startup\\Middlewares\\Third_Party\\FreeRTOS\\Source\\include" "-IC:\\Dispenser\\Dispenser\\Startup\\Drivers\\CMSIS\\Device\\ST\\STM32F4xx\\Include" "-IC:\\Dispenser\\Dispenser\\Startup\\Middlewares\\Third_Party\\FreeRTOS\\Source\\portable\\GCC\\ARM_CM4F" "-IC:\\Dispenser\\Dispenser\\Startup\\Middlewares\\Third_Party\\FreeRTOS\\Source\\CMSIS_RTOS" "-IC:\\Dispenser\\Dispenser\\Startup\\Inc" "-IC:\\Dispenser\\Dispenser\\Startup\\Drivers\\BSP\\Components\\Common" "-IC:\\Dispenser\\Dispenser\\Startup\\Drivers\\BSP\\Components\\ili9341" "-IC:\\Dispenser\\Dispenser\\Startup\\Drivers\\BSP\\Components\\L6470" "-IC:\\Dispenser\\Dispenser\\Startup\\Drivers\\BSP\\Components\\stmpe811" "-IC:\\Dispenser\\Dispenser\\Startup\\Drivers\\BSP\\STM32F429I-Discovery" "-IC:\\Dispenser\\Dispenser\\Startup\\Drivers\\CMSIS\\Include" "-IC:\\Dispenser\\Dispenser\\Startup\\Drivers\\STM32F4xx_HAL_Driver\\Inc" -Os -Wall -fmessage-length=0 -ffunction-sections -fdata-sections -c -o "Startup\\Drivers\\STM32F4xx_HAL_Driver\\Src\\stm32f4xx_hal_ltdc.o" "..\\Startup\\Drivers\\STM32F4xx_HAL_Driver\\Src\\stm32f4xx_hal_ltdc.c" 
arm-none-eabi-gcc -mcpu=cortex-m4 -mthumb -mfloat-abi=hard -mfpu=fpv4-sp-d16 -DSTM32 -DSTM32F4 -DSTM32F429ZITx -DSTM32F429I_DISC1 -DDEBUG "-IC:\\Dispenser\\Dispenser\\Startup\\Middlewares\\Third_Party\\FreeRTOS\\Source\\include" "-IC:\\Dispenser\\Dispenser\\Startup\\Drivers\\CMSIS\\Device\\ST\\STM32F4xx\\Include" "-IC:\\Dispenser\\Dispenser\\Startup\\Middlewares\\Third_Party\\FreeRTOS\\Source\\portable\\GCC\\ARM_CM4F" "-IC:\\Dispenser\\Dispenser\\Startup\\Middlewares\\Third_Party\\FreeRTOS\\Source\\CMSIS_RTOS" "-IC:\\Dispenser\\Dispenser\\Startup\\Inc" "-IC:\\Dispenser\\Dispenser\\Startup\\Drivers\\BSP\\Components\\Common" "-IC:\\Dispenser\\Dispenser\\Startup\\Drivers\\BSP\\Components\\ili9341" "-IC:\\Dispenser\\Dispenser\\Startup\\Drivers\\BSP\\Components\\L6470" "-IC:\\Dispenser\\Dispenser\\Startup\\Drivers\\BSP\\Components\\stmpe811" "-IC:\\Dispenser\\Dispenser\\Startup\\Drivers\\BSP\\STM32F429I-Discovery" "-IC:\\Dispenser\\Dispenser\\Startup\\Drivers\\CMSIS\\Include" "-IC:\\Dispenser\\Dispenser\\Startup\\Drivers\\STM32F4xx_HAL_Driver\\Inc" -Os -Wall -fmessage-length=0 -ffunction-sections -fdata-sections -c -o "Startup\\Drivers\\BSP\\STM32F429I-Discovery\\stm32f429i_discovery_sdram.o" "..\\Startup\\Drivers\\BSP\\STM32F429I-Discovery\\stm32f429i_discovery_sdram.c" 
arm-none-eabi-gcc -mcpu=cortex-m4 -mthumb -mfloat-abi=hard -mfpu=fpv4-sp-d16 -DSTM32 -DSTM32F4 -DSTM32F429ZITx -DSTM32F429I_DISC1 -DDEBUG "-IC:\\Dispenser\\Dispenser\\Startup\\Middlewares\\Third_Party\\FreeRTOS\\Source\\include" "-IC:\\Dispenser\\Dispenser\\Startup\\Drivers\\CMSIS\\Device\\ST\\STM32F4xx\\Include" "-IC:\\Dispenser\\Dispenser\\Startup\\Middlewares\\Third_Party\\FreeRTOS\\Source\\portable\\GCC\\ARM_CM4F" "-IC:\\Dispenser\\Dispenser\\Startup\\Middlewares\\Third_Party\\FreeRTOS\\Source\\CMSIS_RTOS" "-IC:\\Dispenser\\Dispenser\\Startup\\Inc" "-IC:\\Dispenser\\Dispenser\\Startup\\Drivers\\BSP\\Components\\Common" "-IC:\\Dispenser\\Dispenser\\Startup\\Drivers\\BSP\\Components\\ili9341" "-IC:\\Dispenser\\Dispenser\\Startup\\Drivers\\BSP\\Components\\L6470" "-IC:\\Dispenser\\Dispenser\\Startup\\Drivers\\BSP\\Components\\stmpe811" "-IC:\\Dispenser\\Dispenser\\Startup\\Drivers\\BSP\\STM32F429I-Discovery" "-IC:\\Dispenser\\Dispenser\\Startup\\Drivers\\CMSIS\\Include" "-IC:\\Dispenser\\Dispenser\\Startup\\Drivers\\STM32F4xx_HAL_Driver\\Inc" -Os -Wall -fmessage-length=0 -ffunction-sections -fdata-sections -c -o "Startup\\Middlewares\\Third_Party\\FreeRTOS\\Source\\portable\\GCC\\ARM_CM4F\\port.o" "..\\Startup\\Middlewares\\Third_Party\\FreeRTOS\\Source\\portable\\GCC\\ARM_CM4F\\port.c" 
arm-none-eabi-gcc -mcpu=cortex-m4 -mthumb -mfloat-abi=hard -mfpu=fpv4-sp-d16 -DSTM32 -DSTM32F4 -DSTM32F429ZITx -DSTM32F429I_DISC1 -DDEBUG "-IC:\\Dispenser\\Dispenser\\Startup\\Middlewares\\Third_Party\\FreeRTOS\\Source\\include" "-IC:\\Dispenser\\Dispenser\\Startup\\Drivers\\CMSIS\\Device\\ST\\STM32F4xx\\Include" "-IC:\\Dispenser\\Dispenser\\Startup\\Middlewares\\Third_Party\\FreeRTOS\\Source\\portable\\GCC\\ARM_CM4F" "-IC:\\Dispenser\\Dispenser\\Startup\\Middlewares\\Third_Party\\FreeRTOS\\Source\\CMSIS_RTOS" "-IC:\\Dispenser\\Dispenser\\Startup\\Inc" "-IC:\\Dispenser\\Dispenser\\Startup\\Drivers\\BSP\\Components\\Common" "-IC:\\Dispenser\\Dispenser\\Startup\\Drivers\\BSP\\Components\\ili9341" "-IC:\\Dispenser\\Dispenser\\Startup\\Drivers\\BSP\\Components\\L6470" "-IC:\\Dispenser\\Dispenser\\Startup\\Drivers\\BSP\\Components\\stmpe811" "-IC:\\Dispenser\\Dispenser\\Startup\\Drivers\\BSP\\STM32F429I-Discovery" "-IC:\\Dispenser\\Dispenser\\Startup\\Drivers\\CMSIS\\Include" "-IC:\\Dispenser\\Dispenser\\Startup\\Drivers\\STM32F4xx_HAL_Driver\\Inc" -Os -Wall -fmessage-length=0 -ffunction-sections -fdata-sections -c -o "Startup\\Middlewares\\Third_Party\\FreeRTOS\\Source\\timers.o" "..\\Startup\\Middlewares\\Third_Party\\FreeRTOS\\Source\\timers.c" 
arm-none-eabi-gcc -mcpu=cortex-m4 -mthumb -mfloat-abi=hard -mfpu=fpv4-sp-d16 -DSTM32 -DSTM32F4 -DSTM32F429ZITx -DSTM32F429I_DISC1 -DDEBUG "-IC:\\Dispenser\\Dispenser\\Startup\\Middlewares\\Third_Party\\FreeRTOS\\Source\\include" "-IC:\\Dispenser\\Dispenser\\Startup\\Drivers\\CMSIS\\Device\\ST\\STM32F4xx\\Include" "-IC:\\Dispenser\\Dispenser\\Startup\\Middlewares\\Third_Party\\FreeRTOS\\Source\\portable\\GCC\\ARM_CM4F" "-IC:\\Dispenser\\Dispenser\\Startup\\Middlewares\\Third_Party\\FreeRTOS\\Source\\CMSIS_RTOS" "-IC:\\Dispenser\\Dispenser\\Startup\\Inc" "-IC:\\Dispenser\\Dispenser\\Startup\\Drivers\\BSP\\Components\\Common" "-IC:\\Dispenser\\Dispenser\\Startup\\Drivers\\BSP\\Components\\ili9341" "-IC:\\Dispenser\\Dispenser\\Startup\\Drivers\\BSP\\Components\\L6470" "-IC:\\Dispenser\\Dispenser\\Startup\\Drivers\\BSP\\Components\\stmpe811" "-IC:\\Dispenser\\Dispenser\\Startup\\Drivers\\BSP\\STM32F429I-Discovery" "-IC:\\Dispenser\\Dispenser\\Startup\\Drivers\\CMSIS\\Include" "-IC:\\Dispenser\\Dispenser\\Startup\\Drivers\\STM32F4xx_HAL_Driver\\Inc" -Os -Wall -fmessage-length=0 -ffunction-sections -fdata-sections -c -o "Startup\\Drivers\\STM32F4xx_HAL_Driver\\Src\\stm32f4xx_hal_sdram.o" "..\\Startup\\Drivers\\STM32F4xx_HAL_Driver\\Src\\stm32f4xx_hal_sdram.c" 
arm-none-eabi-gcc -mcpu=cortex-m4 -mthumb -mfloat-abi=hard -mfpu=fpv4-sp-d16 -DSTM32 -DSTM32F4 -DSTM32F429ZITx -DSTM32F429I_DISC1 -DDEBUG "-IC:\\Dispenser\\Dispenser\\Startup\\Middlewares\\Third_Party\\FreeRTOS\\Source\\include" "-IC:\\Dispenser\\Dispenser\\Startup\\Drivers\\CMSIS\\Device\\ST\\STM32F4xx\\Include" "-IC:\\Dispenser\\Dispenser\\Startup\\Middlewares\\Third_Party\\FreeRTOS\\Source\\portable\\GCC\\ARM_CM4F" "-IC:\\Dispenser\\Dispenser\\Startup\\Middlewares\\Third_Party\\FreeRTOS\\Source\\CMSIS_RTOS" "-IC:\\Dispenser\\Dispenser\\Startup\\Inc" "-IC:\\Dispenser\\Dispenser\\Startup\\Drivers\\BSP\\Components\\Common" "-IC:\\Dispenser\\Dispenser\\Startup\\Drivers\\BSP\\Components\\ili9341" "-IC:\\Dispenser\\Dispenser\\Startup\\Drivers\\BSP\\Components\\L6470" "-IC:\\Dispenser\\Dispenser\\Startup\\Drivers\\BSP\\Components\\stmpe811" "-IC:\\Dispenser\\Dispenser\\Startup\\Drivers\\BSP\\STM32F429I-Discovery" "-IC:\\Dispenser\\Dispenser\\Startup\\Drivers\\CMSIS\\Include" "-IC:\\Dispenser\\Dispenser\\Startup\\Drivers\\STM32F4xx_HAL_Driver\\Inc" -Os -Wall -fmessage-length=0 -ffunction-sections -fdata-sections -c -o "Startup\\Middlewares\\Third_Party\\FreeRTOS\\Source\\CMSIS_RTOS\\cmsis_os.o" "..\\Startup\\Middlewares\\Third_Party\\FreeRTOS\\Source\\CMSIS_RTOS\\cmsis_os.c" 
arm-none-eabi-gcc -mcpu=cortex-m4 -mthumb -mfloat-abi=hard -mfpu=fpv4-sp-d16 -DSTM32 -DSTM32F4 -DSTM32F429ZITx -DSTM32F429I_DISC1 -DDEBUG "-IC:\\Dispenser\\Dispenser\\Startup\\Middlewares\\Third_Party\\FreeRTOS\\Source\\include" "-IC:\\Dispenser\\Dispenser\\Startup\\Drivers\\CMSIS\\Device\\ST\\STM32F4xx\\Include" "-IC:\\Dispenser\\Dispenser\\Startup\\Middlewares\\Third_Party\\FreeRTOS\\Source\\portable\\GCC\\ARM_CM4F" "-IC:\\Dispenser\\Dispenser\\Startup\\Middlewares\\Third_Party\\FreeRTOS\\Source\\CMSIS_RTOS" "-IC:\\Dispenser\\Dispenser\\Startup\\Inc" "-IC:\\Dispenser\\Dispenser\\Startup\\Drivers\\BSP\\Components\\Common" "-IC:\\Dispenser\\Dispenser\\Startup\\Drivers\\BSP\\Components\\ili9341" "-IC:\\Dispenser\\Dispenser\\Startup\\Drivers\\BSP\\Components\\L6470" "-IC:\\Dispenser\\Dispenser\\Startup\\Drivers\\BSP\\Components\\stmpe811" "-IC:\\Dispenser\\Dispenser\\Startup\\Drivers\\BSP\\STM32F429I-Discovery" "-IC:\\Dispenser\\Dispenser\\Startup\\Drivers\\CMSIS\\Include" "-IC:\\Dispenser\\Dispenser\\Startup\\Drivers\\STM32F4xx_HAL_Driver\\Inc" -Os -Wall -fmessage-length=0 -ffunction-sections -fdata-sections -c -o "Startup\\Drivers\\BSP\\Components\\stmpe811\\stmpe811.o" "..\\Startup\\Drivers\\BSP\\Components\\stmpe811\\stmpe811.c" 
arm-none-eabi-gcc -mcpu=cortex-m4 -mthumb -mfloat-abi=hard -mfpu=fpv4-sp-d16 -DSTM32 -DSTM32F4 -DSTM32F429ZITx -DSTM32F429I_DISC1 -DDEBUG "-IC:\\Dispenser\\Dispenser\\Startup\\Middlewares\\Third_Party\\FreeRTOS\\Source\\include" "-IC:\\Dispenser\\Dispenser\\Startup\\Drivers\\CMSIS\\Device\\ST\\STM32F4xx\\Include" "-IC:\\Dispenser\\Dispenser\\Startup\\Middlewares\\Third_Party\\FreeRTOS\\Source\\portable\\GCC\\ARM_CM4F" "-IC:\\Dispenser\\Dispenser\\Startup\\Middlewares\\Third_Party\\FreeRTOS\\Source\\CMSIS_RTOS" "-IC:\\Dispenser\\Dispenser\\Startup\\Inc" "-IC:\\Dispenser\\Dispenser\\Startup\\Drivers\\BSP\\Components\\Common" "-IC:\\Dispenser\\Dispenser\\Startup\\Drivers\\BSP\\Components\\ili9341" "-IC:\\Dispenser\\Dispenser\\Startup\\Drivers\\BSP\\Components\\L6470" "-IC:\\Dispenser\\Dispenser\\Startup\\Drivers\\BSP\\Components\\stmpe811" "-IC:\\Dispenser\\Dispenser\\Startup\\Drivers\\BSP\\STM32F429I-Discovery" "-IC:\\Dispenser\\Dispenser\\Startup\\Drivers\\CMSIS\\Include" "-IC:\\Dispenser\\Dispenser\\Startup\\Drivers\\STM32F4xx_HAL_Driver\\Inc" -Os -Wall -fmessage-length=0 -ffunction-sections -fdata-sections -c -o "Startup\\Drivers\\STM32F4xx_HAL_Driver\\Src\\stm32f4xx_hal_spi.o" "..\\Startup\\Drivers\\STM32F4xx_HAL_Driver\\Src\\stm32f4xx_hal_spi.c" 
arm-none-eabi-gcc -mcpu=cortex-m4 -mthumb -mfloat-abi=hard -mfpu=fpv4-sp-d16 -DSTM32 -DSTM32F4 -DSTM32F429ZITx -DSTM32F429I_DISC1 -DDEBUG "-IC:\\Dispenser\\Dispenser\\Startup\\Middlewares\\Third_Party\\FreeRTOS\\Source\\include" "-IC:\\Dispenser\\Dispenser\\Startup\\Drivers\\CMSIS\\Device\\ST\\STM32F4xx\\Include" "-IC:\\Dispenser\\Dispenser\\Startup\\Middlewares\\Third_Party\\FreeRTOS\\Source\\portable\\GCC\\ARM_CM4F" "-IC:\\Dispenser\\Dispenser\\Startup\\Middlewares\\Third_Party\\FreeRTOS\\Source\\CMSIS_RTOS" "-IC:\\Dispenser\\Dispenser\\Startup\\Inc" "-IC:\\Dispenser\\Dispenser\\Startup\\Drivers\\BSP\\Components\\Common" "-IC:\\Dispenser\\Dispenser\\Startup\\Drivers\\BSP\\Components\\ili9341" "-IC:\\Dispenser\\Dispenser\\Startup\\Drivers\\BSP\\Components\\L6470" "-IC:\\Dispenser\\Dispenser\\Startup\\Drivers\\BSP\\Components\\stmpe811" "-IC:\\Dispenser\\Dispenser\\Startup\\Drivers\\BSP\\STM32F429I-Discovery" "-IC:\\Dispenser\\Dispenser\\Startup\\Drivers\\CMSIS\\Include" "-IC:\\Dispenser\\Dispenser\\Startup\\Drivers\\STM32F4xx_HAL_Driver\\Inc" -Os -Wall -fmessage-length=0 -ffunction-sections -fdata-sections -c -o "Startup\\Src\\main.o" "..\\Startup\\Src\\main.c" 
arm-none-eabi-gcc -mcpu=cortex-m4 -mthumb -mfloat-abi=hard -mfpu=fpv4-sp-d16 -DSTM32 -DSTM32F4 -DSTM32F429ZITx -DSTM32F429I_DISC1 -DDEBUG "-IC:\\Dispenser\\Dispenser\\Startup\\Middlewares\\Third_Party\\FreeRTOS\\Source\\include" "-IC:\\Dispenser\\Dispenser\\Startup\\Drivers\\CMSIS\\Device\\ST\\STM32F4xx\\Include" "-IC:\\Dispenser\\Dispenser\\Startup\\Middlewares\\Third_Party\\FreeRTOS\\Source\\portable\\GCC\\ARM_CM4F" "-IC:\\Dispenser\\Dispenser\\Startup\\Middlewares\\Third_Party\\FreeRTOS\\Source\\CMSIS_RTOS" "-IC:\\Dispenser\\Dispenser\\Startup\\Inc" "-IC:\\Dispenser\\Dispenser\\Startup\\Drivers\\BSP\\Components\\Common" "-IC:\\Dispenser\\Dispenser\\Startup\\Drivers\\BSP\\Components\\ili9341" "-IC:\\Dispenser\\Dispenser\\Startup\\Drivers\\BSP\\Components\\L6470" "-IC:\\Dispenser\\Dispenser\\Startup\\Drivers\\BSP\\Components\\stmpe811" "-IC:\\Dispenser\\Dispenser\\Startup\\Drivers\\BSP\\STM32F429I-Discovery" "-IC:\\Dispenser\\Dispenser\\Startup\\Drivers\\CMSIS\\Include" "-IC:\\Dispenser\\Dispenser\\Startup\\Drivers\\STM32F4xx_HAL_Driver\\Inc" -Os -Wall -fmessage-length=0 -ffunction-sections -fdata-sections -c -o "Startup\\Drivers\\STM32F4xx_HAL_Driver\\Src\\stm32f4xx_hal_flash_ex.o" "..\\Startup\\Drivers\\STM32F4xx_HAL_Driver\\Src\\stm32f4xx_hal_flash_ex.c" 
arm-none-eabi-gcc -mcpu=cortex-m4 -mthumb -mfloat-abi=hard -mfpu=fpv4-sp-d16 -DSTM32 -DSTM32F4 -DSTM32F429ZITx -DSTM32F429I_DISC1 -DDEBUG "-IC:\\Dispenser\\Dispenser\\Startup\\Middlewares\\Third_Party\\FreeRTOS\\Source\\include" "-IC:\\Dispenser\\Dispenser\\Startup\\Drivers\\CMSIS\\Device\\ST\\STM32F4xx\\Include" "-IC:\\Dispenser\\Dispenser\\Startup\\Middlewares\\Third_Party\\FreeRTOS\\Source\\portable\\GCC\\ARM_CM4F" "-IC:\\Dispenser\\Dispenser\\Startup\\Middlewares\\Third_Party\\FreeRTOS\\Source\\CMSIS_RTOS" "-IC:\\Dispenser\\Dispenser\\Startup\\Inc" "-IC:\\Dispenser\\Dispenser\\Startup\\Drivers\\BSP\\Components\\Common" "-IC:\\Dispenser\\Dispenser\\Startup\\Drivers\\BSP\\Components\\ili9341" "-IC:\\Dispenser\\Dispenser\\Startup\\Drivers\\BSP\\Components\\L6470" "-IC:\\Dispenser\\Dispenser\\Startup\\Drivers\\BSP\\Components\\stmpe811" "-IC:\\Dispenser\\Dispenser\\Startup\\Drivers\\BSP\\STM32F429I-Discovery" "-IC:\\Dispenser\\Dispenser\\Startup\\Drivers\\CMSIS\\Include" "-IC:\\Dispenser\\Dispenser\\Startup\\Drivers\\STM32F4xx_HAL_Driver\\Inc" -Os -Wall -fmessage-length=0 -ffunction-sections -fdata-sections -c -o "Startup\\Middlewares\\Third_Party\\FreeRTOS\\Source\\tasks.o" "..\\Startup\\Middlewares\\Third_Party\\FreeRTOS\\Source\\tasks.c" 
arm-none-eabi-gcc -mcpu=cortex-m4 -mthumb -mfloat-abi=hard -mfpu=fpv4-sp-d16 -DSTM32 -DSTM32F4 -DSTM32F429ZITx -DSTM32F429I_DISC1 -DDEBUG "-IC:\\Dispenser\\Dispenser\\Startup\\Middlewares\\Third_Party\\FreeRTOS\\Source\\include" "-IC:\\Dispenser\\Dispenser\\Startup\\Drivers\\CMSIS\\Device\\ST\\STM32F4xx\\Include" "-IC:\\Dispenser\\Dispenser\\Startup\\Middlewares\\Third_Party\\FreeRTOS\\Source\\portable\\GCC\\ARM_CM4F" "-IC:\\Dispenser\\Dispenser\\Startup\\Middlewares\\Third_Party\\FreeRTOS\\Source\\CMSIS_RTOS" "-IC:\\Dispenser\\Dispenser\\Startup\\Inc" "-IC:\\Dispenser\\Dispenser\\Startup\\Drivers\\BSP\\Components\\Common" "-IC:\\Dispenser\\Dispenser\\Startup\\Drivers\\BSP\\Components\\ili9341" "-IC:\\Dispenser\\Dispenser\\Startup\\Drivers\\BSP\\Components\\L6470" "-IC:\\Dispenser\\Dispenser\\Startup\\Drivers\\BSP\\Components\\stmpe811" "-IC:\\Dispenser\\Dispenser\\Startup\\Drivers\\BSP\\STM32F429I-Discovery" "-IC:\\Dispenser\\Dispenser\\Startup\\Drivers\\CMSIS\\Include" "-IC:\\Dispenser\\Dispenser\\Startup\\Drivers\\STM32F4xx_HAL_Driver\\Inc" -Os -Wall -fmessage-length=0 -ffunction-sections -fdata-sections -c -o "Startup\\Drivers\\STM32F4xx_HAL_Driver\\Src\\stm32f4xx_hal.o" "..\\Startup\\Drivers\\STM32F4xx_HAL_Driver\\Src\\stm32f4xx_hal.c" 
arm-none-eabi-gcc -mcpu=cortex-m4 -mthumb -mfloat-abi=hard -mfpu=fpv4-sp-d16 -DSTM32 -DSTM32F4 -DSTM32F429ZITx -DSTM32F429I_DISC1 -DDEBUG "-IC:\\Dispenser\\Dispenser\\Startup\\Middlewares\\Third_Party\\FreeRTOS\\Source\\include" "-IC:\\Dispenser\\Dispenser\\Startup\\Drivers\\CMSIS\\Device\\ST\\STM32F4xx\\Include" "-IC:\\Dispenser\\Dispenser\\Startup\\Middlewares\\Third_Party\\FreeRTOS\\Source\\portable\\GCC\\ARM_CM4F" "-IC:\\Dispenser\\Dispenser\\Startup\\Middlewares\\Third_Party\\FreeRTOS\\Source\\CMSIS_RTOS" "-IC:\\Dispenser\\Dispenser\\Startup\\Inc" "-IC:\\Dispenser\\Dispenser\\Startup\\Drivers\\BSP\\Components\\Common" "-IC:\\Dispenser\\Dispenser\\Startup\\Drivers\\BSP\\Components\\ili9341" "-IC:\\Dispenser\\Dispenser\\Startup\\Drivers\\BSP\\Components\\L6470" "-IC:\\Dispenser\\Dispenser\\Startup\\Drivers\\BSP\\Components\\stmpe811" "-IC:\\Dispenser\\Dispenser\\Startup\\Drivers\\BSP\\STM32F429I-Discovery" "-IC:\\Dispenser\\Dispenser\\Startup\\Drivers\\CMSIS\\Include" "-IC:\\Dispenser\\Dispenser\\Startup\\Drivers\\STM32F4xx_HAL_Driver\\Inc" -Os -Wall -fmessage-length=0 -ffunction-sections -fdata-sections -c -o "Startup\\Src\\system_stm32f4xx.o" "..\\Startup\\Src\\system_stm32f4xx.c" 
arm-none-eabi-gcc -mcpu=cortex-m4 -mthumb -mfloat-abi=hard -mfpu=fpv4-sp-d16 -DSTM32 -DSTM32F4 -DSTM32F429ZITx -DSTM32F429I_DISC1 -DDEBUG "-IC:\\Dispenser\\Dispenser\\Startup\\Middlewares\\Third_Party\\FreeRTOS\\Source\\include" "-IC:\\Dispenser\\Dispenser\\Startup\\Drivers\\CMSIS\\Device\\ST\\STM32F4xx\\Include" "-IC:\\Dispenser\\Dispenser\\Startup\\Middlewares\\Third_Party\\FreeRTOS\\Source\\portable\\GCC\\ARM_CM4F" "-IC:\\Dispenser\\Dispenser\\Startup\\Middlewares\\Third_Party\\FreeRTOS\\Source\\CMSIS_RTOS" "-IC:\\Dispenser\\Dispenser\\Startup\\Inc" "-IC:\\Dispenser\\Dispenser\\Startup\\Drivers\\BSP\\Components\\Common" "-IC:\\Dispenser\\Dispenser\\Startup\\Drivers\\BSP\\Components\\ili9341" "-IC:\\Dispenser\\Dispenser\\Startup\\Drivers\\BSP\\Components\\L6470" "-IC:\\Dispenser\\Dispenser\\Startup\\Drivers\\BSP\\Components\\stmpe811" "-IC:\\Dispenser\\Dispenser\\Startup\\Drivers\\BSP\\STM32F429I-Discovery" "-IC:\\Dispenser\\Dispenser\\Startup\\Drivers\\CMSIS\\Include" "-IC:\\Dispenser\\Dispenser\\Startup\\Drivers\\STM32F4xx_HAL_Driver\\Inc" -Os -Wall -fmessage-length=0 -ffunction-sections -fdata-sections -c -o "Startup\\Src\\freertos.o" "..\\Startup\\Src\\freertos.c" 
arm-none-eabi-gcc -mcpu=cortex-m4 -mthumb -mfloat-abi=hard -mfpu=fpv4-sp-d16 -DSTM32 -DSTM32F4 -DSTM32F429ZITx -DSTM32F429I_DISC1 -DDEBUG "-IC:\\Dispenser\\Dispenser\\Startup\\Middlewares\\Third_Party\\FreeRTOS\\Source\\include" "-IC:\\Dispenser\\Dispenser\\Startup\\Drivers\\CMSIS\\Device\\ST\\STM32F4xx\\Include" "-IC:\\Dispenser\\Dispenser\\Startup\\Middlewares\\Third_Party\\FreeRTOS\\Source\\portable\\GCC\\ARM_CM4F" "-IC:\\Dispenser\\Dispenser\\Startup\\Middlewares\\Third_Party\\FreeRTOS\\Source\\CMSIS_RTOS" "-IC:\\Dispenser\\Dispenser\\Startup\\Inc" "-IC:\\Dispenser\\Dispenser\\Startup\\Drivers\\BSP\\Components\\Common" "-IC:\\Dispenser\\Dispenser\\Startup\\Drivers\\BSP\\Components\\ili9341" "-IC:\\Dispenser\\Dispenser\\Startup\\Drivers\\BSP\\Components\\L6470" "-IC:\\Dispenser\\Dispenser\\Startup\\Drivers\\BSP\\Components\\stmpe811" "-IC:\\Dispenser\\Dispenser\\Startup\\Drivers\\BSP\\STM32F429I-Discovery" "-IC:\\Dispenser\\Dispenser\\Startup\\Drivers\\CMSIS\\Include" "-IC:\\Dispenser\\Dispenser\\Startup\\Drivers\\STM32F4xx_HAL_Driver\\Inc" -Os -Wall -fmessage-length=0 -ffunction-sections -fdata-sections -c -o "Startup\\Drivers\\STM32F4xx_HAL_Driver\\Src\\stm32f4xx_ll_usb.o" "..\\Startup\\Drivers\\STM32F4xx_HAL_Driver\\Src\\stm32f4xx_ll_usb.c" 
arm-none-eabi-gcc -mcpu=cortex-m4 -mthumb -mfloat-abi=hard -mfpu=fpv4-sp-d16 -DSTM32 -DSTM32F4 -DSTM32F429ZITx -DSTM32F429I_DISC1 -DDEBUG "-IC:\\Dispenser\\Dispenser\\Startup\\Middlewares\\Third_Party\\FreeRTOS\\Source\\include" "-IC:\\Dispenser\\Dispenser\\Startup\\Drivers\\CMSIS\\Device\\ST\\STM32F4xx\\Include" "-IC:\\Dispenser\\Dispenser\\Startup\\Middlewares\\Third_Party\\FreeRTOS\\Source\\portable\\GCC\\ARM_CM4F" "-IC:\\Dispenser\\Dispenser\\Startup\\Middlewares\\Third_Party\\FreeRTOS\\Source\\CMSIS_RTOS" "-IC:\\Dispenser\\Dispenser\\Startup\\Inc" "-IC:\\Dispenser\\Dispenser\\Startup\\Drivers\\BSP\\Components\\Common" "-IC:\\Dispenser\\Dispenser\\Startup\\Drivers\\BSP\\Components\\ili9341" "-IC:\\Dispenser\\Dispenser\\Startup\\Drivers\\BSP\\Components\\L6470" "-IC:\\Dispenser\\Dispenser\\Startup\\Drivers\\BSP\\Components\\stmpe811" "-IC:\\Dispenser\\Dispenser\\Startup\\Drivers\\BSP\\STM32F429I-Discovery" "-IC:\\Dispenser\\Dispenser\\Startup\\Drivers\\CMSIS\\Include" "-IC:\\Dispenser\\Dispenser\\Startup\\Drivers\\STM32F4xx_HAL_Driver\\Inc" -Os -Wall -fmessage-length=0 -ffunction-sections -fdata-sections -c -o "Startup\\Middlewares\\Third_Party\\FreeRTOS\\Source\\event_groups.o" "..\\Startup\\Middlewares\\Third_Party\\FreeRTOS\\Source\\event_groups.c" 
arm-none-eabi-gcc -mcpu=cortex-m4 -mthumb -mfloat-abi=hard -mfpu=fpv4-sp-d16 -DSTM32 -DSTM32F4 -DSTM32F429ZITx -DSTM32F429I_DISC1 -DDEBUG "-IC:\\Dispenser\\Dispenser\\Startup\\Middlewares\\Third_Party\\FreeRTOS\\Source\\include" "-IC:\\Dispenser\\Dispenser\\Startup\\Drivers\\CMSIS\\Device\\ST\\STM32F4xx\\Include" "-IC:\\Dispenser\\Dispenser\\Startup\\Middlewares\\Third_Party\\FreeRTOS\\Source\\portable\\GCC\\ARM_CM4F" "-IC:\\Dispenser\\Dispenser\\Startup\\Middlewares\\Third_Party\\FreeRTOS\\Source\\CMSIS_RTOS" "-IC:\\Dispenser\\Dispenser\\Startup\\Inc" "-IC:\\Dispenser\\Dispenser\\Startup\\Drivers\\BSP\\Components\\Common" "-IC:\\Dispenser\\Dispenser\\Startup\\Drivers\\BSP\\Components\\ili9341" "-IC:\\Dispenser\\Dispenser\\Startup\\Drivers\\BSP\\Components\\L6470" "-IC:\\Dispenser\\Dispenser\\Startup\\Drivers\\BSP\\Components\\stmpe811" "-IC:\\Dispenser\\Dispenser\\Startup\\Drivers\\BSP\\STM32F429I-Discovery" "-IC:\\Dispenser\\Dispenser\\Startup\\Drivers\\CMSIS\\Include" "-IC:\\Dispenser\\Dispenser\\Startup\\Drivers\\STM32F4xx_HAL_Driver\\Inc" -Os -Wall -fmessage-length=0 -ffunction-sections -fdata-sections -c -o "Startup\\Drivers\\STM32F4xx_HAL_Driver\\Src\\stm32f4xx_hal_dma.o" "..\\Startup\\Drivers\\STM32F4xx_HAL_Driver\\Src\\stm32f4xx_hal_dma.c" 
arm-none-eabi-gcc -mcpu=cortex-m4 -mthumb -mfloat-abi=hard -mfpu=fpv4-sp-d16 -DSTM32 -DSTM32F4 -DSTM32F429ZITx -DSTM32F429I_DISC1 -DDEBUG "-IC:\\Dispenser\\Dispenser\\Startup\\Middlewares\\Third_Party\\FreeRTOS\\Source\\include" "-IC:\\Dispenser\\Dispenser\\Startup\\Drivers\\CMSIS\\Device\\ST\\STM32F4xx\\Include" "-IC:\\Dispenser\\Dispenser\\Startup\\Middlewares\\Third_Party\\FreeRTOS\\Source\\portable\\GCC\\ARM_CM4F" "-IC:\\Dispenser\\Dispenser\\Startup\\Middlewares\\Third_Party\\FreeRTOS\\Source\\CMSIS_RTOS" "-IC:\\Dispenser\\Dispenser\\Startup\\Inc" "-IC:\\Dispenser\\Dispenser\\Startup\\Drivers\\BSP\\Components\\Common" "-IC:\\Dispenser\\Dispenser\\Startup\\Drivers\\BSP\\Components\\ili9341" "-IC:\\Dispenser\\Dispenser\\Startup\\Drivers\\BSP\\Components\\L6470" "-IC:\\Dispenser\\Dispenser\\Startup\\Drivers\\BSP\\Components\\stmpe811" "-IC:\\Dispenser\\Dispenser\\Startup\\Drivers\\BSP\\STM32F429I-Discovery" "-IC:\\Dispenser\\Dispenser\\Startup\\Drivers\\CMSIS\\Include" "-IC:\\Dispenser\\Dispenser\\Startup\\Drivers\\STM32F4xx_HAL_Driver\\Inc" -Os -Wall -fmessage-length=0 -ffunction-sections -fdata-sections -c -o "Startup\\Drivers\\STM32F4xx_HAL_Driver\\Src\\stm32f4xx_hal_dma2d.o" "..\\Startup\\Drivers\\STM32F4xx_HAL_Driver\\Src\\stm32f4xx_hal_dma2d.c" 
arm-none-eabi-gcc -mcpu=cortex-m4 -mthumb -mfloat-abi=hard -mfpu=fpv4-sp-d16 -DSTM32 -DSTM32F4 -DSTM32F429ZITx -DSTM32F429I_DISC1 -DDEBUG "-IC:\\Dispenser\\Dispenser\\Startup\\Middlewares\\Third_Party\\FreeRTOS\\Source\\include" "-IC:\\Dispenser\\Dispenser\\Startup\\Drivers\\CMSIS\\Device\\ST\\STM32F4xx\\Include" "-IC:\\Dispenser\\Dispenser\\Startup\\Middlewares\\Third_Party\\FreeRTOS\\Source\\portable\\GCC\\ARM_CM4F" "-IC:\\Dispenser\\Dispenser\\Startup\\Middlewares\\Third_Party\\FreeRTOS\\Source\\CMSIS_RTOS" "-IC:\\Dispenser\\Dispenser\\Startup\\Inc" "-IC:\\Dispenser\\Dispenser\\Startup\\Drivers\\BSP\\Components\\Common" "-IC:\\Dispenser\\Dispenser\\Startup\\Drivers\\BSP\\Components\\ili9341" "-IC:\\Dispenser\\Dispenser\\Startup\\Drivers\\BSP\\Components\\L6470" "-IC:\\Dispenser\\Dispenser\\Startup\\Drivers\\BSP\\Components\\stmpe811" "-IC:\\Dispenser\\Dispenser\\Startup\\Drivers\\BSP\\STM32F429I-Discovery" "-IC:\\Dispenser\\Dispenser\\Startup\\Drivers\\CMSIS\\Include" "-IC:\\Dispenser\\Dispenser\\Startup\\Drivers\\STM32F4xx_HAL_Driver\\Inc" -Os -Wall -fmessage-length=0 -ffunction-sections -fdata-sections -c -o "Startup\\Drivers\\STM32F4xx_HAL_Driver\\Src\\stm32f4xx_hal_rcc.o" "..\\Startup\\Drivers\\STM32F4xx_HAL_Driver\\Src\\stm32f4xx_hal_rcc.c" 
arm-none-eabi-gcc -mcpu=cortex-m4 -mthumb -mfloat-abi=hard -mfpu=fpv4-sp-d16 -DSTM32 -DSTM32F4 -DSTM32F429ZITx -DSTM32F429I_DISC1 -DDEBUG "-IC:\\Dispenser\\Dispenser\\Startup\\Middlewares\\Third_Party\\FreeRTOS\\Source\\include" "-IC:\\Dispenser\\Dispenser\\Startup\\Drivers\\CMSIS\\Device\\ST\\STM32F4xx\\Include" "-IC:\\Dispenser\\Dispenser\\Startup\\Middlewares\\Third_Party\\FreeRTOS\\Source\\portable\\GCC\\ARM_CM4F" "-IC:\\Dispenser\\Dispenser\\Startup\\Middlewares\\Third_Party\\FreeRTOS\\Source\\CMSIS_RTOS" "-IC:\\Dispenser\\Dispenser\\Startup\\Inc" "-IC:\\Dispenser\\Dispenser\\Startup\\Drivers\\BSP\\Components\\Common" "-IC:\\Dispenser\\Dispenser\\Startup\\Drivers\\BSP\\Components\\ili9341" "-IC:\\Dispenser\\Dispenser\\Startup\\Drivers\\BSP\\Components\\L6470" "-IC:\\Dispenser\\Dispenser\\Startup\\Drivers\\BSP\\Components\\stmpe811" "-IC:\\Dispenser\\Dispenser\\Startup\\Drivers\\BSP\\STM32F429I-Discovery" "-IC:\\Dispenser\\Dispenser\\Startup\\Drivers\\CMSIS\\Include" "-IC:\\Dispenser\\Dispenser\\Startup\\Drivers\\STM32F4xx_HAL_Driver\\Inc" -Os -Wall -fmessage-length=0 -ffunction-sections -fdata-sections -c -o "Startup\\Drivers\\BSP\\STM32F429I-Discovery\\stm32f429i_discovery.o" "..\\Startup\\Drivers\\BSP\\STM32F429I-Discovery\\stm32f429i_discovery.c" 
arm-none-eabi-gcc -mcpu=cortex-m4 -mthumb -mfloat-abi=hard -mfpu=fpv4-sp-d16 -DSTM32 -DSTM32F4 -DSTM32F429ZITx -DSTM32F429I_DISC1 -DDEBUG "-IC:\\Dispenser\\Dispenser\\Startup\\Middlewares\\Third_Party\\FreeRTOS\\Source\\include" "-IC:\\Dispenser\\Dispenser\\Startup\\Drivers\\CMSIS\\Device\\ST\\STM32F4xx\\Include" "-IC:\\Dispenser\\Dispenser\\Startup\\Middlewares\\Third_Party\\FreeRTOS\\Source\\portable\\GCC\\ARM_CM4F" "-IC:\\Dispenser\\Dispenser\\Startup\\Middlewares\\Third_Party\\FreeRTOS\\Source\\CMSIS_RTOS" "-IC:\\Dispenser\\Dispenser\\Startup\\Inc" "-IC:\\Dispenser\\Dispenser\\Startup\\Drivers\\BSP\\Components\\Common" "-IC:\\Dispenser\\Dispenser\\Startup\\Drivers\\BSP\\Components\\ili9341" "-IC:\\Dispenser\\Dispenser\\Startup\\Drivers\\BSP\\Components\\L6470" "-IC:\\Dispenser\\Dispenser\\Startup\\Drivers\\BSP\\Components\\stmpe811" "-IC:\\Dispenser\\Dispenser\\Startup\\Drivers\\BSP\\STM32F429I-Discovery" "-IC:\\Dispenser\\Dispenser\\Startup\\Drivers\\CMSIS\\Include" "-IC:\\Dispenser\\Dispenser\\Startup\\Drivers\\STM32F4xx_HAL_Driver\\Inc" -Os -Wall -fmessage-length=0 -ffunction-sections -fdata-sections -c -o "Startup\\Drivers\\STM32F4xx_HAL_Driver\\Src\\stm32f4xx_hal_flash.o" "..\\Startup\\Drivers\\STM32F4xx_HAL_Driver\\Src\\stm32f4xx_hal_flash.c" 
arm-none-eabi-gcc -mcpu=cortex-m4 -mthumb -mfloat-abi=hard -mfpu=fpv4-sp-d16 -DSTM32 -DSTM32F4 -DSTM32F429ZITx -DSTM32F429I_DISC1 -DDEBUG "-IC:\\Dispenser\\Dispenser\\Startup\\Middlewares\\Third_Party\\FreeRTOS\\Source\\include" "-IC:\\Dispenser\\Dispenser\\Startup\\Drivers\\CMSIS\\Device\\ST\\STM32F4xx\\Include" "-IC:\\Dispenser\\Dispenser\\Startup\\Middlewares\\Third_Party\\FreeRTOS\\Source\\portable\\GCC\\ARM_CM4F" "-IC:\\Dispenser\\Dispenser\\Startup\\Middlewares\\Third_Party\\FreeRTOS\\Source\\CMSIS_RTOS" "-IC:\\Dispenser\\Dispenser\\Startup\\Inc" "-IC:\\Dispenser\\Dispenser\\Startup\\Drivers\\BSP\\Components\\Common" "-IC:\\Dispenser\\Dispenser\\Startup\\Drivers\\BSP\\Components\\ili9341" "-IC:\\Dispenser\\Dispenser\\Startup\\Drivers\\BSP\\Components\\L6470" "-IC:\\Dispenser\\Dispenser\\Startup\\Drivers\\BSP\\Components\\stmpe811" "-IC:\\Dispenser\\Dispenser\\Startup\\Drivers\\BSP\\STM32F429I-Discovery" "-IC:\\Dispenser\\Dispenser\\Startup\\Drivers\\CMSIS\\Include" "-IC:\\Dispenser\\Dispenser\\Startup\\Drivers\\STM32F4xx_HAL_Driver\\Inc" -Os -Wall -fmessage-length=0 -ffunction-sections -fdata-sections -c -o "Startup\\Drivers\\STM32F4xx_HAL_Driver\\Src\\stm32f4xx_hal_pwr.o" "..\\Startup\\Drivers\\STM32F4xx_HAL_Driver\\Src\\stm32f4xx_hal_pwr.c" 
arm-none-eabi-gcc -mcpu=cortex-m4 -mthumb -mfloat-abi=hard -mfpu=fpv4-sp-d16 -DSTM32 -DSTM32F4 -DSTM32F429ZITx -DSTM32F429I_DISC1 -DDEBUG "-IC:\\Dispenser\\Dispenser\\Startup\\Middlewares\\Third_Party\\FreeRTOS\\Source\\include" "-IC:\\Dispenser\\Dispenser\\Startup\\Drivers\\CMSIS\\Device\\ST\\STM32F4xx\\Include" "-IC:\\Dispenser\\Dispenser\\Startup\\Middlewares\\Third_Party\\FreeRTOS\\Source\\portable\\GCC\\ARM_CM4F" "-IC:\\Dispenser\\Dispenser\\Startup\\Middlewares\\Third_Party\\FreeRTOS\\Source\\CMSIS_RTOS" "-IC:\\Dispenser\\Dispenser\\Startup\\Inc" "-IC:\\Dispenser\\Dispenser\\Startup\\Drivers\\BSP\\Components\\Common" "-IC:\\Dispenser\\Dispenser\\Startup\\Drivers\\BSP\\Components\\ili9341" "-IC:\\Dispenser\\Dispenser\\Startup\\Drivers\\BSP\\Components\\L6470" "-IC:\\Dispenser\\Dispenser\\Startup\\Drivers\\BSP\\Components\\stmpe811" "-IC:\\Dispenser\\Dispenser\\Startup\\Drivers\\BSP\\STM32F429I-Discovery" "-IC:\\Dispenser\\Dispenser\\Startup\\Drivers\\CMSIS\\Include" "-IC:\\Dispenser\\Dispenser\\Startup\\Drivers\\STM32F4xx_HAL_Driver\\Inc" -Os -Wall -fmessage-length=0 -ffunction-sections -fdata-sections -c -o "Startup\\Drivers\\STM32F4xx_HAL_Driver\\Src\\stm32f4xx_hal_cortex.o" "..\\Startup\\Drivers\\STM32F4xx_HAL_Driver\\Src\\stm32f4xx_hal_cortex.c" 
arm-none-eabi-gcc -mcpu=cortex-m4 -mthumb -mfloat-abi=hard -mfpu=fpv4-sp-d16 -DSTM32 -DSTM32F4 -DSTM32F429ZITx -DSTM32F429I_DISC1 -DDEBUG "-IC:\\Dispenser\\Dispenser\\Startup\\Middlewares\\Third_Party\\FreeRTOS\\Source\\include" "-IC:\\Dispenser\\Dispenser\\Startup\\Drivers\\CMSIS\\Device\\ST\\STM32F4xx\\Include" "-IC:\\Dispenser\\Dispenser\\Startup\\Middlewares\\Third_Party\\FreeRTOS\\Source\\portable\\GCC\\ARM_CM4F" "-IC:\\Dispenser\\Dispenser\\Startup\\Middlewares\\Third_Party\\FreeRTOS\\Source\\CMSIS_RTOS" "-IC:\\Dispenser\\Dispenser\\Startup\\Inc" "-IC:\\Dispenser\\Dispenser\\Startup\\Drivers\\BSP\\Components\\Common" "-IC:\\Dispenser\\Dispenser\\Startup\\Drivers\\BSP\\Components\\ili9341" "-IC:\\Dispenser\\Dispenser\\Startup\\Drivers\\BSP\\Components\\L6470" "-IC:\\Dispenser\\Dispenser\\Startup\\Drivers\\BSP\\Components\\stmpe811" "-IC:\\Dispenser\\Dispenser\\Startup\\Drivers\\BSP\\STM32F429I-Discovery" "-IC:\\Dispenser\\Dispenser\\Startup\\Drivers\\CMSIS\\Include" "-IC:\\Dispenser\\Dispenser\\Startup\\Drivers\\STM32F4xx_HAL_Driver\\Inc" -Os -Wall -fmessage-length=0 -ffunction-sections -fdata-sections -c -o "Startup\\Middlewares\\Third_Party\\FreeRTOS\\Source\\croutine.o" "..\\Startup\\Middlewares\\Third_Party\\FreeRTOS\\Source\\croutine.c" 
arm-none-eabi-gcc -mcpu=cortex-m4 -mthumb -mfloat-abi=hard -mfpu=fpv4-sp-d16 -DSTM32 -DSTM32F4 -DSTM32F429ZITx -DSTM32F429I_DISC1 -DDEBUG "-IC:\\Dispenser\\Dispenser\\Startup\\Middlewares\\Third_Party\\FreeRTOS\\Source\\include" "-IC:\\Dispenser\\Dispenser\\Startup\\Drivers\\CMSIS\\Device\\ST\\STM32F4xx\\Include" "-IC:\\Dispenser\\Dispenser\\Startup\\Middlewares\\Third_Party\\FreeRTOS\\Source\\portable\\GCC\\ARM_CM4F" "-IC:\\Dispenser\\Dispenser\\Startup\\Middlewares\\Third_Party\\FreeRTOS\\Source\\CMSIS_RTOS" "-IC:\\Dispenser\\Dispenser\\Startup\\Inc" "-IC:\\Dispenser\\Dispenser\\Startup\\Drivers\\BSP\\Components\\Common" "-IC:\\Dispenser\\Dispenser\\Startup\\Drivers\\BSP\\Components\\ili9341" "-IC:\\Dispenser\\Dispenser\\Startup\\Drivers\\BSP\\Components\\L6470" "-IC:\\Dispenser\\Dispenser\\Startup\\Drivers\\BSP\\Components\\stmpe811" "-IC:\\Dispenser\\Dispenser\\Startup\\Drivers\\BSP\\STM32F429I-Discovery" "-IC:\\Dispenser\\Dispenser\\Startup\\Drivers\\CMSIS\\Include" "-IC:\\Dispenser\\Dispenser\\Startup\\Drivers\\STM32F4xx_HAL_Driver\\Inc" -Os -Wall -fmessage-length=0 -ffunction-sections -fdata-sections -c -o "Startup\\Drivers\\STM32F4xx_HAL_Driver\\Src\\stm32f4xx_hal_uart.o" "..\\Startup\\Drivers\\STM32F4xx_HAL_Driver\\Src\\stm32f4xx_hal_uart.c" 
arm-none-eabi-gcc -mcpu=cortex-m4 -mthumb -mfloat-abi=hard -mfpu=fpv4-sp-d16 -DSTM32 -DSTM32F4 -DSTM32F429ZITx -DSTM32F429I_DISC1 -DDEBUG "-IC:\\Dispenser\\Dispenser\\Startup\\Middlewares\\Third_Party\\FreeRTOS\\Source\\include" "-IC:\\Dispenser\\Dispenser\\Startup\\Drivers\\CMSIS\\Device\\ST\\STM32F4xx\\Include" "-IC:\\Dispenser\\Dispenser\\Startup\\Middlewares\\Third_Party\\FreeRTOS\\Source\\portable\\GCC\\ARM_CM4F" "-IC:\\Dispenser\\Dispenser\\Startup\\Middlewares\\Third_Party\\FreeRTOS\\Source\\CMSIS_RTOS" "-IC:\\Dispenser\\Dispenser\\Startup\\Inc" "-IC:\\Dispenser\\Dispenser\\Startup\\Drivers\\BSP\\Components\\Common" "-IC:\\Dispenser\\Dispenser\\Startup\\Drivers\\BSP\\Components\\ili9341" "-IC:\\Dispenser\\Dispenser\\Startup\\Drivers\\BSP\\Components\\L6470" "-IC:\\Dispenser\\Dispenser\\Startup\\Drivers\\BSP\\Components\\stmpe811" "-IC:\\Dispenser\\Dispenser\\Startup\\Drivers\\BSP\\STM32F429I-Discovery" "-IC:\\Dispenser\\Dispenser\\Startup\\Drivers\\CMSIS\\Include" "-IC:\\Dispenser\\Dispenser\\Startup\\Drivers\\STM32F4xx_HAL_Driver\\Inc" -Os -Wall -fmessage-length=0 -ffunction-sections -fdata-sections -c -o "Startup\\Src\\stm32f4xx_it.o" "..\\Startup\\Src\\stm32f4xx_it.c" 
arm-none-eabi-gcc -mcpu=cortex-m4 -mthumb -mfloat-abi=hard -mfpu=fpv4-sp-d16 -DSTM32 -DSTM32F4 -DSTM32F429ZITx -DSTM32F429I_DISC1 -DDEBUG "-IC:\\Dispenser\\Dispenser\\Startup\\Middlewares\\Third_Party\\FreeRTOS\\Source\\include" "-IC:\\Dispenser\\Dispenser\\Startup\\Drivers\\CMSIS\\Device\\ST\\STM32F4xx\\Include" "-IC:\\Dispenser\\Dispenser\\Startup\\Middlewares\\Third_Party\\FreeRTOS\\Source\\portable\\GCC\\ARM_CM4F" "-IC:\\Dispenser\\Dispenser\\Startup\\Middlewares\\Third_Party\\FreeRTOS\\Source\\CMSIS_RTOS" "-IC:\\Dispenser\\Dispenser\\Startup\\Inc" "-IC:\\Dispenser\\Dispenser\\Startup\\Drivers\\BSP\\Components\\Common" "-IC:\\Dispenser\\Dispenser\\Startup\\Drivers\\BSP\\Components\\ili9341" "-IC:\\Dispenser\\Dispenser\\Startup\\Drivers\\BSP\\Components\\L6470" "-IC:\\Dispenser\\Dispenser\\Startup\\Drivers\\BSP\\Components\\stmpe811" "-IC:\\Dispenser\\Dispenser\\Startup\\Drivers\\BSP\\STM32F429I-Discovery" "-IC:\\Dispenser\\Dispenser\\Startup\\Drivers\\CMSIS\\Include" "-IC:\\Dispenser\\Dispenser\\Startup\\Drivers\\STM32F4xx_HAL_Driver\\Inc" -Os -Wall -fmessage-length=0 -ffunction-sections -fdata-sections -c -o "Startup\\Drivers\\BSP\\STM32F429I-Discovery\\stm32f429i_discovery_io.o" "..\\Startup\\Drivers\\BSP\\STM32F429I-Discovery\\stm32f429i_discovery_io.c" 
arm-none-eabi-gcc -mcpu=cortex-m4 -mthumb -mfloat-abi=hard -mfpu=fpv4-sp-d16 -DSTM32 -DSTM32F4 -DSTM32F429ZITx -DSTM32F429I_DISC1 -DDEBUG "-IC:\\Dispenser\\Dispenser\\Startup\\Middlewares\\Third_Party\\FreeRTOS\\Source\\include" "-IC:\\Dispenser\\Dispenser\\Startup\\Drivers\\CMSIS\\Device\\ST\\STM32F4xx\\Include" "-IC:\\Dispenser\\Dispenser\\Startup\\Middlewares\\Third_Party\\FreeRTOS\\Source\\portable\\GCC\\ARM_CM4F" "-IC:\\Dispenser\\Dispenser\\Startup\\Middlewares\\Third_Party\\FreeRTOS\\Source\\CMSIS_RTOS" "-IC:\\Dispenser\\Dispenser\\Startup\\Inc" "-IC:\\Dispenser\\Dispenser\\Startup\\Drivers\\BSP\\Components\\Common" "-IC:\\Dispenser\\Dispenser\\Startup\\Drivers\\BSP\\Components\\ili9341" "-IC:\\Dispenser\\Dispenser\\Startup\\Drivers\\BSP\\Components\\L6470" "-IC:\\Dispenser\\Dispenser\\Startup\\Drivers\\BSP\\Components\\stmpe811" "-IC:\\Dispenser\\Dispenser\\Startup\\Drivers\\BSP\\STM32F429I-Discovery" "-IC:\\Dispenser\\Dispenser\\Startup\\Drivers\\CMSIS\\Include" "-IC:\\Dispenser\\Dispenser\\Startup\\Drivers\\STM32F4xx_HAL_Driver\\Inc" -Os -Wall -fmessage-length=0 -ffunction-sections -fdata-sections -c -o "Startup\\Src\\gui.o" "..\\Startup\\Src\\gui.c" 
arm-none-eabi-gcc -mcpu=cortex-m4 -mthumb -mfloat-abi=hard -mfpu=fpv4-sp-d16 -DSTM32 -DSTM32F4 -DSTM32F429ZITx -DSTM32F429I_DISC1 -DDEBUG "-IC:\\Dispenser\\Dispenser\\Startup\\Middlewares\\Third_Party\\FreeRTOS\\Source\\include" "-IC:\\Dispenser\\Dispenser\\Startup\\Drivers\\CMSIS\\Device\\ST\\STM32F4xx\\Include" "-IC:\\Dispenser\\Dispenser\\Startup\\Middlewares\\Third_Party\\FreeRTOS\\Source\\portable\\GCC\\ARM_CM4F" "-IC:\\Dispenser\\Dispenser\\Startup\\Middlewares\\Third_Party\\FreeRTOS\\Source\\CMSIS_RTOS" "-IC:\\Dispenser\\Dispenser\\Startup\\Inc" "-IC:\\Dispenser\\Dispenser\\Startup\\Drivers\\BSP\\Components\\Common" "-IC:\\Dispenser\\Dispenser\\Startup\\Drivers\\BSP\\Components\\ili9341" "-IC:\\Dispenser\\Dispenser\\Startup\\Drivers\\BSP\\Components\\L6470" "-IC:\\Dispenser\\Dispenser\\Startup\\Drivers\\BSP\\Components\\stmpe811" "-IC:\\Dispenser\\Dispenser\\Startup\\Drivers\\BSP\\STM32F429I-Discovery" "-IC:\\Dispenser\\Dispenser\\Startup\\Drivers\\CMSIS\\Include" "-IC:\\Dispenser\\Dispenser\\Startup\\Drivers\\STM32F4xx_HAL_Driver\\Inc" -Os -Wall -fmessage-length=0 -ffunction-sections -fdata-sections -c -o "Startup\\Src\\startup_stm32f429xx.o" "..\\Startup\\Src\\startup_stm32f429xx.S" 
arm-none-eabi-gcc -mcpu=cortex-m4 -mthumb -mfloat-abi=hard -mfpu=fpv4-sp-d16 -DSTM32 -DSTM32F4 -DSTM32F429ZITx -DSTM32F429I_DISC1 -DDEBUG "-IC:\\Dispenser\\Dispenser\\Startup\\Middlewares\\Third_Party\\FreeRTOS\\Source\\include" "-IC:\\Dispenser\\Dispenser\\Startup\\Drivers\\CMSIS\\Device\\ST\\STM32F4xx\\Include" "-IC:\\Dispenser\\Dispenser\\Startup\\Middlewares\\Third_Party\\FreeRTOS\\Source\\portable\\GCC\\ARM_CM4F" "-IC:\\Dispenser\\Dispenser\\Startup\\Middlewares\\Third_Party\\FreeRTOS\\Source\\CMSIS_RTOS" "-IC:\\Dispenser\\Dispenser\\Startup\\Inc" "-IC:\\Dispenser\\Dispenser\\Startup\\Drivers\\BSP\\Components\\Common" "-IC:\\Dispenser\\Dispenser\\Startup\\Drivers\\BSP\\Components\\ili9341" "-IC:\\Dispenser\\Dispenser\\Startup\\Drivers\\BSP\\Components\\L6470" "-IC:\\Dispenser\\Dispenser\\Startup\\Drivers\\BSP\\Components\\stmpe811" "-IC:\\Dispenser\\Dispenser\\Startup\\Drivers\\BSP\\STM32F429I-Discovery" "-IC:\\Dispenser\\Dispenser\\Startup\\Drivers\\CMSIS\\Include" "-IC:\\Dispenser\\Dispenser\\Startup\\Drivers\\STM32F4xx_HAL_Driver\\Inc" -Os -Wall -fmessage-length=0 -ffunction-sections -fdata-sections -c -o "Startup\\Drivers\\STM32F4xx_HAL_Driver\\Src\\stm32f4xx_hal_tim_ex.o" "..\\Startup\\Drivers\\STM32F4xx_HAL_Driver\\Src\\stm32f4xx_hal_tim_ex.c" 
arm-none-eabi-gcc -mcpu=cortex-m4 -mthumb -mfloat-abi=hard -mfpu=fpv4-sp-d16 -DSTM32 -DSTM32F4 -DSTM32F429ZITx -DSTM32F429I_DISC1 -DDEBUG "-IC:\\Dispenser\\Dispenser\\Startup\\Middlewares\\Third_Party\\FreeRTOS\\Source\\include" "-IC:\\Dispenser\\Dispenser\\Startup\\Drivers\\CMSIS\\Device\\ST\\STM32F4xx\\Include" "-IC:\\Dispenser\\Dispenser\\Startup\\Middlewares\\Third_Party\\FreeRTOS\\Source\\portable\\GCC\\ARM_CM4F" "-IC:\\Dispenser\\Dispenser\\Startup\\Middlewares\\Third_Party\\FreeRTOS\\Source\\CMSIS_RTOS" "-IC:\\Dispenser\\Dispenser\\Startup\\Inc" "-IC:\\Dispenser\\Dispenser\\Startup\\Drivers\\BSP\\Components\\Common" "-IC:\\Dispenser\\Dispenser\\Startup\\Drivers\\BSP\\Components\\ili9341" "-IC:\\Dispenser\\Dispenser\\Startup\\Drivers\\BSP\\Components\\L6470" "-IC:\\Dispenser\\Dispenser\\Startup\\Drivers\\BSP\\Components\\stmpe811" "-IC:\\Dispenser\\Dispenser\\Startup\\Drivers\\BSP\\STM32F429I-Discovery" "-IC:\\Dispenser\\Dispenser\\Startup\\Drivers\\CMSIS\\Include" "-IC:\\Dispenser\\Dispenser\\Startup\\Drivers\\STM32F4xx_HAL_Driver\\Inc" -Os -Wall -fmessage-length=0 -ffunction-sections -fdata-sections -c -o "Startup\\Drivers\\STM32F4xx_HAL_Driver\\Src\\stm32f4xx_hal_hcd.o" "..\\Startup\\Drivers\\STM32F4xx_HAL_Driver\\Src\\stm32f4xx_hal_hcd.c" 
arm-none-eabi-gcc -mcpu=cortex-m4 -mthumb -mfloat-abi=hard -mfpu=fpv4-sp-d16 -DSTM32 -DSTM32F4 -DSTM32F429ZITx -DSTM32F429I_DISC1 -DDEBUG "-IC:\\Dispenser\\Dispenser\\Startup\\Middlewares\\Third_Party\\FreeRTOS\\Source\\include" "-IC:\\Dispenser\\Dispenser\\Startup\\Drivers\\CMSIS\\Device\\ST\\STM32F4xx\\Include" "-IC:\\Dispenser\\Dispenser\\Startup\\Middlewares\\Third_Party\\FreeRTOS\\Source\\portable\\GCC\\ARM_CM4F" "-IC:\\Dispenser\\Dispenser\\Startup\\Middlewares\\Third_Party\\FreeRTOS\\Source\\CMSIS_RTOS" "-IC:\\Dispenser\\Dispenser\\Startup\\Inc" "-IC:\\Dispenser\\Dispenser\\Startup\\Drivers\\BSP\\Components\\Common" "-IC:\\Dispenser\\Dispenser\\Startup\\Drivers\\BSP\\Components\\ili9341" "-IC:\\Dispenser\\Dispenser\\Startup\\Drivers\\BSP\\Components\\L6470" "-IC:\\Dispenser\\Dispenser\\Startup\\Drivers\\BSP\\Components\\stmpe811" "-IC:\\Dispenser\\Dispenser\\Startup\\Drivers\\BSP\\STM32F429I-Discovery" "-IC:\\Dispenser\\Dispenser\\Startup\\Drivers\\CMSIS\\Include" "-IC:\\Dispenser\\Dispenser\\Startup\\Drivers\\STM32F4xx_HAL_Driver\\Inc" -Os -Wall -fmessage-length=0 -ffunction-sections -fdata-sections -c -o "Startup\\Drivers\\BSP\\STM32F429I-Discovery\\stm32f429i_discovery_ts.o" "..\\Startup\\Drivers\\BSP\\STM32F429I-Discovery\\stm32f429i_discovery_ts.c" 
arm-none-eabi-gcc -mcpu=cortex-m4 -mthumb -mfloat-abi=hard -mfpu=fpv4-sp-d16 -DSTM32 -DSTM32F4 -DSTM32F429ZITx -DSTM32F429I_DISC1 -DDEBUG "-IC:\\Dispenser\\Dispenser\\Startup\\Middlewares\\Third_Party\\FreeRTOS\\Source\\include" "-IC:\\Dispenser\\Dispenser\\Startup\\Drivers\\CMSIS\\Device\\ST\\STM32F4xx\\Include" "-IC:\\Dispenser\\Dispenser\\Startup\\Middlewares\\Third_Party\\FreeRTOS\\Source\\portable\\GCC\\ARM_CM4F" "-IC:\\Dispenser\\Dispenser\\Startup\\Middlewares\\Third_Party\\FreeRTOS\\Source\\CMSIS_RTOS" "-IC:\\Dispenser\\Dispenser\\Startup\\Inc" "-IC:\\Dispenser\\Dispenser\\Startup\\Drivers\\BSP\\Components\\Common" "-IC:\\Dispenser\\Dispenser\\Startup\\Drivers\\BSP\\Components\\ili9341" "-IC:\\Dispenser\\Dispenser\\Startup\\Drivers\\BSP\\Components\\L6470" "-IC:\\Dispenser\\Dispenser\\Startup\\Drivers\\BSP\\Components\\stmpe811" "-IC:\\Dispenser\\Dispenser\\Startup\\Drivers\\BSP\\STM32F429I-Discovery" "-IC:\\Dispenser\\Dispenser\\Startup\\Drivers\\CMSIS\\Include" "-IC:\\Dispenser\\Dispenser\\Startup\\Drivers\\STM32F4xx_HAL_Driver\\Inc" -Os -Wall -fmessage-length=0 -ffunction-sections -fdata-sections -c -o "Startup\\Drivers\\BSP\\Components\\L6470\\L6470.o" "..\\Startup\\Drivers\\BSP\\Components\\L6470\\L6470.c" 
arm-none-eabi-gcc -mcpu=cortex-m4 -mthumb -mfloat-abi=hard -mfpu=fpv4-sp-d16 -DSTM32 -DSTM32F4 -DSTM32F429ZITx -DSTM32F429I_DISC1 -DDEBUG "-IC:\\Dispenser\\Dispenser\\Startup\\Middlewares\\Third_Party\\FreeRTOS\\Source\\include" "-IC:\\Dispenser\\Dispenser\\Startup\\Drivers\\CMSIS\\Device\\ST\\STM32F4xx\\Include" "-IC:\\Dispenser\\Dispenser\\Startup\\Middlewares\\Third_Party\\FreeRTOS\\Source\\portable\\GCC\\ARM_CM4F" "-IC:\\Dispenser\\Dispenser\\Startup\\Middlewares\\Third_Party\\FreeRTOS\\Source\\CMSIS_RTOS" "-IC:\\Dispenser\\Dispenser\\Startup\\Inc" "-IC:\\Dispenser\\Dispenser\\Startup\\Drivers\\BSP\\Components\\Common" "-IC:\\Dispenser\\Dispenser\\Startup\\Drivers\\BSP\\Components\\ili9341" "-IC:\\Dispenser\\Dispenser\\Startup\\Drivers\\BSP\\Components\\L6470" "-IC:\\Dispenser\\Dispenser\\Startup\\Drivers\\BSP\\Components\\stmpe811" "-IC:\\Dispenser\\Dispenser\\Startup\\Drivers\\BSP\\STM32F429I-Discovery" "-IC:\\Dispenser\\Dispenser\\Startup\\Drivers\\CMSIS\\Include" "-IC:\\Dispenser\\Dispenser\\Startup\\Drivers\\STM32F4xx_HAL_Driver\\Inc" -Os -Wall -fmessage-length=0 -ffunction-sections -fdata-sections -c -o "Startup\\Drivers\\STM32F4xx_HAL_Driver\\Src\\stm32f4xx_hal_dsi.o" "..\\Startup\\Drivers\\STM32F4xx_HAL_Driver\\Src\\stm32f4xx_hal_dsi.c" 
arm-none-eabi-gcc -mcpu=cortex-m4 -mthumb -mfloat-abi=hard -mfpu=fpv4-sp-d16 -DSTM32 -DSTM32F4 -DSTM32F429ZITx -DSTM32F429I_DISC1 -DDEBUG "-IC:\\Dispenser\\Dispenser\\Startup\\Middlewares\\Third_Party\\FreeRTOS\\Source\\include" "-IC:\\Dispenser\\Dispenser\\Startup\\Drivers\\CMSIS\\Device\\ST\\STM32F4xx\\Include" "-IC:\\Dispenser\\Dispenser\\Startup\\Middlewares\\Third_Party\\FreeRTOS\\Source\\portable\\GCC\\ARM_CM4F" "-IC:\\Dispenser\\Dispenser\\Startup\\Middlewares\\Third_Party\\FreeRTOS\\Source\\CMSIS_RTOS" "-IC:\\Dispenser\\Dispenser\\Startup\\Inc" "-IC:\\Dispenser\\Dispenser\\Startup\\Drivers\\BSP\\Components\\Common" "-IC:\\Dispenser\\Dispenser\\Startup\\Drivers\\BSP\\Components\\ili9341" "-IC:\\Dispenser\\Dispenser\\Startup\\Drivers\\BSP\\Components\\L6470" "-IC:\\Dispenser\\Dispenser\\Startup\\Drivers\\BSP\\Components\\stmpe811" "-IC:\\Dispenser\\Dispenser\\Startup\\Drivers\\BSP\\STM32F429I-Discovery" "-IC:\\Dispenser\\Dispenser\\Startup\\Drivers\\CMSIS\\Include" "-IC:\\Dispenser\\Dispenser\\Startup\\Drivers\\STM32F4xx_HAL_Driver\\Inc" -Os -Wall -fmessage-length=0 -ffunction-sections -fdata-sections -c -o "Startup\\Src\\ugui.o" "..\\Startup\\Src\\ugui.c" 
arm-none-eabi-gcc -mcpu=cortex-m4 -mthumb -mfloat-abi=hard -mfpu=fpv4-sp-d16 -DSTM32 -DSTM32F4 -DSTM32F429ZITx -DSTM32F429I_DISC1 -DDEBUG "-IC:\\Dispenser\\Dispenser\\Startup\\Middlewares\\Third_Party\\FreeRTOS\\Source\\include" "-IC:\\Dispenser\\Dispenser\\Startup\\Drivers\\CMSIS\\Device\\ST\\STM32F4xx\\Include" "-IC:\\Dispenser\\Dispenser\\Startup\\Middlewares\\Third_Party\\FreeRTOS\\Source\\portable\\GCC\\ARM_CM4F" "-IC:\\Dispenser\\Dispenser\\Startup\\Middlewares\\Third_Party\\FreeRTOS\\Source\\CMSIS_RTOS" "-IC:\\Dispenser\\Dispenser\\Startup\\Inc" "-IC:\\Dispenser\\Dispenser\\Startup\\Drivers\\BSP\\Components\\Common" "-IC:\\Dispenser\\Dispenser\\Startup\\Drivers\\BSP\\Components\\ili9341" "-IC:\\Dispenser\\Dispenser\\Startup\\Drivers\\BSP\\Components\\L6470" "-IC:\\Dispenser\\Dispenser\\Startup\\Drivers\\BSP\\Components\\stmpe811" "-IC:\\Dispenser\\Dispenser\\Startup\\Drivers\\BSP\\STM32F429I-Discovery" "-IC:\\Dispenser\\Dispenser\\Startup\\Drivers\\CMSIS\\Include" "-IC:\\Dispenser\\Dispenser\\Startup\\Drivers\\STM32F4xx_HAL_Driver\\Inc" -Os -Wall -fmessage-length=0 -ffunction-sections -fdata-sections -c -o "Startup\\Drivers\\BSP\\Components\\ili9341\\ili9341.o" "..\\Startup\\Drivers\\BSP\\Components\\ili9341\\ili9341.c" 
arm-none-eabi-gcc -mcpu=cortex-m4 -mthumb -mfloat-abi=hard -mfpu=fpv4-sp-d16 -DSTM32 -DSTM32F4 -DSTM32F429ZITx -DSTM32F429I_DISC1 -DDEBUG "-IC:\\Dispenser\\Dispenser\\Startup\\Middlewares\\Third_Party\\FreeRTOS\\Source\\include" "-IC:\\Dispenser\\Dispenser\\Startup\\Drivers\\CMSIS\\Device\\ST\\STM32F4xx\\Include" "-IC:\\Dispenser\\Dispenser\\Startup\\Middlewares\\Third_Party\\FreeRTOS\\Source\\portable\\GCC\\ARM_CM4F" "-IC:\\Dispenser\\Dispenser\\Startup\\Middlewares\\Third_Party\\FreeRTOS\\Source\\CMSIS_RTOS" "-IC:\\Dispenser\\Dispenser\\Startup\\Inc" "-IC:\\Dispenser\\Dispenser\\Startup\\Drivers\\BSP\\Components\\Common" "-IC:\\Dispenser\\Dispenser\\Startup\\Drivers\\BSP\\Components\\ili9341" "-IC:\\Dispenser\\Dispenser\\Startup\\Drivers\\BSP\\Components\\L6470" "-IC:\\Dispenser\\Dispenser\\Startup\\Drivers\\BSP\\Components\\stmpe811" "-IC:\\Dispenser\\Dispenser\\Startup\\Drivers\\BSP\\STM32F429I-Discovery" "-IC:\\Dispenser\\Dispenser\\Startup\\Drivers\\CMSIS\\Include" "-IC:\\Dispenser\\Dispenser\\Startup\\Drivers\\STM32F4xx_HAL_Driver\\Inc" -Os -Wall -fmessage-length=0 -ffunction-sections -fdata-sections -c -o "Startup\\Drivers\\STM32F4xx_HAL_Driver\\Src\\stm32f4xx_hal_dma_ex.o" "..\\Startup\\Drivers\\STM32F4xx_HAL_Driver\\Src\\stm32f4xx_hal_dma_ex.c" 
arm-none-eabi-gcc -mcpu=cortex-m4 -mthumb -mfloat-abi=hard -mfpu=fpv4-sp-d16 -DSTM32 -DSTM32F4 -DSTM32F429ZITx -DSTM32F429I_DISC1 -DDEBUG "-IC:\\Dispenser\\Dispenser\\Startup\\Middlewares\\Third_Party\\FreeRTOS\\Source\\include" "-IC:\\Dispenser\\Dispenser\\Startup\\Drivers\\CMSIS\\Device\\ST\\STM32F4xx\\Include" "-IC:\\Dispenser\\Dispenser\\Startup\\Middlewares\\Third_Party\\FreeRTOS\\Source\\portable\\GCC\\ARM_CM4F" "-IC:\\Dispenser\\Dispenser\\Startup\\Middlewares\\Third_Party\\FreeRTOS\\Source\\CMSIS_RTOS" "-IC:\\Dispenser\\Dispenser\\Startup\\Inc" "-IC:\\Dispenser\\Dispenser\\Startup\\Drivers\\BSP\\Components\\Common" "-IC:\\Dispenser\\Dispenser\\Startup\\Drivers\\BSP\\Components\\ili9341" "-IC:\\Dispenser\\Dispenser\\Startup\\Drivers\\BSP\\Components\\L6470" "-IC:\\Dispenser\\Dispenser\\Startup\\Drivers\\BSP\\Components\\stmpe811" "-IC:\\Dispenser\\Dispenser\\Startup\\Drivers\\BSP\\STM32F429I-Discovery" "-IC:\\Dispenser\\Dispenser\\Startup\\Drivers\\CMSIS\\Include" "-IC:\\Dispenser\\Dispenser\\Startup\\Drivers\\STM32F4xx_HAL_Driver\\Inc" -Os -Wall -fmessage-length=0 -ffunction-sections -fdata-sections -c -o "Startup\\Drivers\\STM32F4xx_HAL_Driver\\Src\\stm32f4xx_hal_i2c.o" "..\\Startup\\Drivers\\STM32F4xx_HAL_Driver\\Src\\stm32f4xx_hal_i2c.c" 
arm-none-eabi-gcc -mcpu=cortex-m4 -mthumb -mfloat-abi=hard -mfpu=fpv4-sp-d16 -DSTM32 -DSTM32F4 -DSTM32F429ZITx -DSTM32F429I_DISC1 -DDEBUG "-IC:\\Dispenser\\Dispenser\\Startup\\Middlewares\\Third_Party\\FreeRTOS\\Source\\include" "-IC:\\Dispenser\\Dispenser\\Startup\\Drivers\\CMSIS\\Device\\ST\\STM32F4xx\\Include" "-IC:\\Dispenser\\Dispenser\\Startup\\Middlewares\\Third_Party\\FreeRTOS\\Source\\portable\\GCC\\ARM_CM4F" "-IC:\\Dispenser\\Dispenser\\Startup\\Middlewares\\Third_Party\\FreeRTOS\\Source\\CMSIS_RTOS" "-IC:\\Dispenser\\Dispenser\\Startup\\Inc" "-IC:\\Dispenser\\Dispenser\\Startup\\Drivers\\BSP\\Components\\Common" "-IC:\\Dispenser\\Dispenser\\Startup\\Drivers\\BSP\\Components\\ili9341" "-IC:\\Dispenser\\Dispenser\\Startup\\Drivers\\BSP\\Components\\L6470" "-IC:\\Dispenser\\Dispenser\\Startup\\Drivers\\BSP\\Components\\stmpe811" "-IC:\\Dispenser\\Dispenser\\Startup\\Drivers\\BSP\\STM32F429I-Discovery" "-IC:\\Dispenser\\Dispenser\\Startup\\Drivers\\CMSIS\\Include" "-IC:\\Dispenser\\Dispenser\\Startup\\Drivers\\STM32F4xx_HAL_Driver\\Inc" -Os -Wall -fmessage-length=0 -ffunction-sections -fdata-sections -c -o "Startup\\Drivers\\STM32F4xx_HAL_Driver\\Src\\stm32f4xx_hal_tim.o" "..\\Startup\\Drivers\\STM32F4xx_HAL_Driver\\Src\\stm32f4xx_hal_tim.c" 
arm-none-eabi-gcc -mcpu=cortex-m4 -mthumb -mfloat-abi=hard -mfpu=fpv4-sp-d16 -DSTM32 -DSTM32F4 -DSTM32F429ZITx -DSTM32F429I_DISC1 -DDEBUG "-IC:\\Dispenser\\Dispenser\\Startup\\Middlewares\\Third_Party\\FreeRTOS\\Source\\include" "-IC:\\Dispenser\\Dispenser\\Startup\\Drivers\\CMSIS\\Device\\ST\\STM32F4xx\\Include" "-IC:\\Dispenser\\Dispenser\\Startup\\Middlewares\\Third_Party\\FreeRTOS\\Source\\portable\\GCC\\ARM_CM4F" "-IC:\\Dispenser\\Dispenser\\Startup\\Middlewares\\Third_Party\\FreeRTOS\\Source\\CMSIS_RTOS" "-IC:\\Dispenser\\Dispenser\\Startup\\Inc" "-IC:\\Dispenser\\Dispenser\\Startup\\Drivers\\BSP\\Components\\Common" "-IC:\\Dispenser\\Dispenser\\Startup\\Drivers\\BSP\\Components\\ili9341" "-IC:\\Dispenser\\Dispenser\\Startup\\Drivers\\BSP\\Components\\L6470" "-IC:\\Dispenser\\Dispenser\\Startup\\Drivers\\BSP\\Components\\stmpe811" "-IC:\\Dispenser\\Dispenser\\Startup\\Drivers\\BSP\\STM32F429I-Discovery" "-IC:\\Dispenser\\Dispenser\\Startup\\Drivers\\CMSIS\\Include" "-IC:\\Dispenser\\Dispenser\\Startup\\Drivers\\STM32F4xx_HAL_Driver\\Inc" -Os -Wall -fmessage-length=0 -ffunction-sections -fdata-sections -c -o "Startup\\Middlewares\\Third_Party\\FreeRTOS\\Source\\queue.o" "..\\Startup\\Middlewares\\Third_Party\\FreeRTOS\\Source\\queue.c" 
arm-none-eabi-gcc -mcpu=cortex-m4 -mthumb -mfloat-abi=hard -mfpu=fpv4-sp-d16 -DSTM32 -DSTM32F4 -DSTM32F429ZITx -DSTM32F429I_DISC1 -DDEBUG "-IC:\\Dispenser\\Dispenser\\Startup\\Middlewares\\Third_Party\\FreeRTOS\\Source\\include" "-IC:\\Dispenser\\Dispenser\\Startup\\Drivers\\CMSIS\\Device\\ST\\STM32F4xx\\Include" "-IC:\\Dispenser\\Dispenser\\Startup\\Middlewares\\Third_Party\\FreeRTOS\\Source\\portable\\GCC\\ARM_CM4F" "-IC:\\Dispenser\\Dispenser\\Startup\\Middlewares\\Third_Party\\FreeRTOS\\Source\\CMSIS_RTOS" "-IC:\\Dispenser\\Dispenser\\Startup\\Inc" "-IC:\\Dispenser\\Dispenser\\Startup\\Drivers\\BSP\\Components\\Common" "-IC:\\Dispenser\\Dispenser\\Startup\\Drivers\\BSP\\Components\\ili9341" "-IC:\\Dispenser\\Dispenser\\Startup\\Drivers\\BSP\\Components\\L6470" "-IC:\\Dispenser\\Dispenser\\Startup\\Drivers\\BSP\\Components\\stmpe811" "-IC:\\Dispenser\\Dispenser\\Startup\\Drivers\\BSP\\STM32F429I-Discovery" "-IC:\\Dispenser\\Dispenser\\Startup\\Drivers\\CMSIS\\Include" "-IC:\\Dispenser\\Dispenser\\Startup\\Drivers\\STM32F4xx_HAL_Driver\\Inc" -Os -Wall -fmessage-length=0 -ffunction-sections -fdata-sections -c -o "Startup\\Middlewares\\Third_Party\\FreeRTOS\\Source\\portable\\MemMang\\heap_4.o" "..\\Startup\\Middlewares\\Third_Party\\FreeRTOS\\Source\\portable\\MemMang\\heap_4.c" 
arm-none-eabi-gcc -mcpu=cortex-m4 -mthumb -mfloat-abi=hard -mfpu=fpv4-sp-d16 -DSTM32 -DSTM32F4 -DSTM32F429ZITx -DSTM32F429I_DISC1 -DDEBUG "-IC:\\Dispenser\\Dispenser\\Startup\\Middlewares\\Third_Party\\FreeRTOS\\Source\\include" "-IC:\\Dispenser\\Dispenser\\Startup\\Drivers\\CMSIS\\Device\\ST\\STM32F4xx\\Include" "-IC:\\Dispenser\\Dispenser\\Startup\\Middlewares\\Third_Party\\FreeRTOS\\Source\\portable\\GCC\\ARM_CM4F" "-IC:\\Dispenser\\Dispenser\\Startup\\Middlewares\\Third_Party\\FreeRTOS\\Source\\CMSIS_RTOS" "-IC:\\Dispenser\\Dispenser\\Startup\\Inc" "-IC:\\Dispenser\\Dispenser\\Startup\\Drivers\\BSP\\Components\\Common" "-IC:\\Dispenser\\Dispenser\\Startup\\Drivers\\BSP\\Components\\ili9341" "-IC:\\Dispenser\\Dispenser\\Startup\\Drivers\\BSP\\Components\\L6470" "-IC:\\Dispenser\\Dispenser\\Startup\\Drivers\\BSP\\Components\\stmpe811" "-IC:\\Dispenser\\Dispenser\\Startup\\Drivers\\BSP\\STM32F429I-Discovery" "-IC:\\Dispenser\\Dispenser\\Startup\\Drivers\\CMSIS\\Include" "-IC:\\Dispenser\\Dispenser\\Startup\\Drivers\\STM32F4xx_HAL_Driver\\Inc" -Os -Wall -fmessage-length=0 -ffunction-sections -fdata-sections -c -o "Startup\\Drivers\\STM32F4xx_HAL_Driver\\Src\\stm32f4xx_hal_flash_ramfunc.o" "..\\Startup\\Drivers\\STM32F4xx_HAL_Driver\\Src\\stm32f4xx_hal_flash_ramfunc.c" 
arm-none-eabi-gcc -mcpu=cortex-m4 -mthumb -mfloat-abi=hard -mfpu=fpv4-sp-d16 -DSTM32 -DSTM32F4 -DSTM32F429ZITx -DSTM32F429I_DISC1 -DDEBUG "-IC:\\Dispenser\\Dispenser\\Startup\\Middlewares\\Third_Party\\FreeRTOS\\Source\\include" "-IC:\\Dispenser\\Dispenser\\Startup\\Drivers\\CMSIS\\Device\\ST\\STM32F4xx\\Include" "-IC:\\Dispenser\\Dispenser\\Startup\\Middlewares\\Third_Party\\FreeRTOS\\Source\\portable\\GCC\\ARM_CM4F" "-IC:\\Dispenser\\Dispenser\\Startup\\Middlewares\\Third_Party\\FreeRTOS\\Source\\CMSIS_RTOS" "-IC:\\Dispenser\\Dispenser\\Startup\\Inc" "-IC:\\Dispenser\\Dispenser\\Startup\\Drivers\\BSP\\Components\\Common" "-IC:\\Dispenser\\Dispenser\\Startup\\Drivers\\BSP\\Components\\ili9341" "-IC:\\Dispenser\\Dispenser\\Startup\\Drivers\\BSP\\Components\\L6470" "-IC:\\Dispenser\\Dispenser\\Startup\\Drivers\\BSP\\Components\\stmpe811" "-IC:\\Dispenser\\Dispenser\\Startup\\Drivers\\BSP\\STM32F429I-Discovery" "-IC:\\Dispenser\\Dispenser\\Startup\\Drivers\\CMSIS\\Include" "-IC:\\Dispenser\\Dispenser\\Startup\\Drivers\\STM32F4xx_HAL_Driver\\Inc" -Os -Wall -fmessage-length=0 -ffunction-sections -fdata-sections -c -o "Startup\\Drivers\\STM32F4xx_HAL_Driver\\Src\\stm32f4xx_hal_i2c_ex.o" "..\\Startup\\Drivers\\STM32F4xx_HAL_Driver\\Src\\stm32f4xx_hal_i2c_ex.c" 
arm-none-eabi-gcc -mcpu=cortex-m4 -mthumb -mfloat-abi=hard -mfpu=fpv4-sp-d16 -DSTM32 -DSTM32F4 -DSTM32F429ZITx -DSTM32F429I_DISC1 -DDEBUG "-IC:\\Dispenser\\Dispenser\\Startup\\Middlewares\\Third_Party\\FreeRTOS\\Source\\include" "-IC:\\Dispenser\\Dispenser\\Startup\\Drivers\\CMSIS\\Device\\ST\\STM32F4xx\\Include" "-IC:\\Dispenser\\Dispenser\\Startup\\Middlewares\\Third_Party\\FreeRTOS\\Source\\portable\\GCC\\ARM_CM4F" "-IC:\\Dispenser\\Dispenser\\Startup\\Middlewares\\Third_Party\\FreeRTOS\\Source\\CMSIS_RTOS" "-IC:\\Dispenser\\Dispenser\\Startup\\Inc" "-IC:\\Dispenser\\Dispenser\\Startup\\Drivers\\BSP\\Components\\Common" "-IC:\\Dispenser\\Dispenser\\Startup\\Drivers\\BSP\\Components\\ili9341" "-IC:\\Dispenser\\Dispenser\\Startup\\Drivers\\BSP\\Components\\L6470" "-IC:\\Dispenser\\Dispenser\\Startup\\Drivers\\BSP\\Components\\stmpe811" "-IC:\\Dispenser\\Dispenser\\Startup\\Drivers\\BSP\\STM32F429I-Discovery" "-IC:\\Dispenser\\Dispenser\\Startup\\Drivers\\CMSIS\\Include" "-IC:\\Dispenser\\Dispenser\\Startup\\Drivers\\STM32F4xx_HAL_Driver\\Inc" -Os -Wall -fmessage-length=0 -ffunction-sections -fdata-sections -c -o "Startup\\Drivers\\STM32F4xx_HAL_Driver\\Src\\stm32f4xx_hal_rcc_ex.o" "..\\Startup\\Drivers\\STM32F4xx_HAL_Driver\\Src\\stm32f4xx_hal_rcc_ex.c" 
arm-none-eabi-gcc -mcpu=cortex-m4 -mthumb -mfloat-abi=hard -mfpu=fpv4-sp-d16 -DSTM32 -DSTM32F4 -DSTM32F429ZITx -DSTM32F429I_DISC1 -DDEBUG "-IC:\\Dispenser\\Dispenser\\Startup\\Middlewares\\Third_Party\\FreeRTOS\\Source\\include" "-IC:\\Dispenser\\Dispenser\\Startup\\Drivers\\CMSIS\\Device\\ST\\STM32F4xx\\Include" "-IC:\\Dispenser\\Dispenser\\Startup\\Middlewares\\Third_Party\\FreeRTOS\\Source\\portable\\GCC\\ARM_CM4F" "-IC:\\Dispenser\\Dispenser\\Startup\\Middlewares\\Third_Party\\FreeRTOS\\Source\\CMSIS_RTOS" "-IC:\\Dispenser\\Dispenser\\Startup\\Inc" "-IC:\\Dispenser\\Dispenser\\Startup\\Drivers\\BSP\\Components\\Common" "-IC:\\Dispenser\\Dispenser\\Startup\\Drivers\\BSP\\Components\\ili9341" "-IC:\\Dispenser\\Dispenser\\Startup\\Drivers\\BSP\\Components\\L6470" "-IC:\\Dispenser\\Dispenser\\Startup\\Drivers\\BSP\\Components\\stmpe811" "-IC:\\Dispenser\\Dispenser\\Startup\\Drivers\\BSP\\STM32F429I-Discovery" "-IC:\\Dispenser\\Dispenser\\Startup\\Drivers\\CMSIS\\Include" "-IC:\\Dispenser\\Dispenser\\Startup\\Drivers\\STM32F4xx_HAL_Driver\\Inc" -Os -Wall -fmessage-length=0 -ffunction-sections -fdata-sections -c -o "Startup\\Drivers\\STM32F4xx_HAL_Driver\\Src\\stm32f4xx_ll_fmc.o" "..\\Startup\\Drivers\\STM32F4xx_HAL_Driver\\Src\\stm32f4xx_ll_fmc.c" 
arm-none-eabi-gcc -mcpu=cortex-m4 -mthumb -mfloat-abi=hard -mfpu=fpv4-sp-d16 -DSTM32 -DSTM32F4 -DSTM32F429ZITx -DSTM32F429I_DISC1 -DDEBUG "-IC:\\Dispenser\\Dispenser\\Startup\\Middlewares\\Third_Party\\FreeRTOS\\Source\\include" "-IC:\\Dispenser\\Dispenser\\Startup\\Drivers\\CMSIS\\Device\\ST\\STM32F4xx\\Include" "-IC:\\Dispenser\\Dispenser\\Startup\\Middlewares\\Third_Party\\FreeRTOS\\Source\\portable\\GCC\\ARM_CM4F" "-IC:\\Dispenser\\Dispenser\\Startup\\Middlewares\\Third_Party\\FreeRTOS\\Source\\CMSIS_RTOS" "-IC:\\Dispenser\\Dispenser\\Startup\\Inc" "-IC:\\Dispenser\\Dispenser\\Startup\\Drivers\\BSP\\Components\\Common" "-IC:\\Dispenser\\Dispenser\\Startup\\Drivers\\BSP\\Components\\ili9341" "-IC:\\Dispenser\\Dispenser\\Startup\\Drivers\\BSP\\Components\\L6470" "-IC:\\Dispenser\\Dispenser\\Startup\\Drivers\\BSP\\Components\\stmpe811" "-IC:\\Dispenser\\Dispenser\\Startup\\Drivers\\BSP\\STM32F429I-Discovery" "-IC:\\Dispenser\\Dispenser\\Startup\\Drivers\\CMSIS\\Include" "-IC:\\Dispenser\\Dispenser\\Startup\\Drivers\\STM32F4xx_HAL_Driver\\Inc" -Os -Wall -fmessage-length=0 -ffunction-sections -fdata-sections -c -o "Startup\\Drivers\\BSP\\STM32F429I-Discovery\\stm32f429i_discovery_lcd.o" "..\\Startup\\Drivers\\BSP\\STM32F429I-Discovery\\stm32f429i_discovery_lcd.c" 
arm-none-eabi-gcc -mcpu=cortex-m4 -mthumb -mfloat-abi=hard -mfpu=fpv4-sp-d16 -DSTM32 -DSTM32F4 -DSTM32F429ZITx -DSTM32F429I_DISC1 -DDEBUG "-IC:\\Dispenser\\Dispenser\\Startup\\Middlewares\\Third_Party\\FreeRTOS\\Source\\include" "-IC:\\Dispenser\\Dispenser\\Startup\\Drivers\\CMSIS\\Device\\ST\\STM32F4xx\\Include" "-IC:\\Dispenser\\Dispenser\\Startup\\Middlewares\\Third_Party\\FreeRTOS\\Source\\portable\\GCC\\ARM_CM4F" "-IC:\\Dispenser\\Dispenser\\Startup\\Middlewares\\Third_Party\\FreeRTOS\\Source\\CMSIS_RTOS" "-IC:\\Dispenser\\Dispenser\\Startup\\Inc" "-IC:\\Dispenser\\Dispenser\\Startup\\Drivers\\BSP\\Components\\Common" "-IC:\\Dispenser\\Dispenser\\Startup\\Drivers\\BSP\\Components\\ili9341" "-IC:\\Dispenser\\Dispenser\\Startup\\Drivers\\BSP\\Components\\L6470" "-IC:\\Dispenser\\Dispenser\\Startup\\Drivers\\BSP\\Components\\stmpe811" "-IC:\\Dispenser\\Dispenser\\Startup\\Drivers\\BSP\\STM32F429I-Discovery" "-IC:\\Dispenser\\Dispenser\\Startup\\Drivers\\CMSIS\\Include" "-IC:\\Dispenser\\Dispenser\\Startup\\Drivers\\STM32F4xx_HAL_Driver\\Inc" -Os -Wall -fmessage-length=0 -ffunction-sections -fdata-sections -c -o "Startup\\Drivers\\STM32F4xx_HAL_Driver\\Src\\stm32f4xx_hal_pwr_ex.o" "..\\Startup\\Drivers\\STM32F4xx_HAL_Driver\\Src\\stm32f4xx_hal_pwr_ex.c" 
arm-none-eabi-gcc -mcpu=cortex-m4 -mthumb -mfloat-abi=hard -mfpu=fpv4-sp-d16 -DSTM32 -DSTM32F4 -DSTM32F429ZITx -DSTM32F429I_DISC1 -DDEBUG "-IC:\\Dispenser\\Dispenser\\Startup\\Middlewares\\Third_Party\\FreeRTOS\\Source\\include" "-IC:\\Dispenser\\Dispenser\\Startup\\Drivers\\CMSIS\\Device\\ST\\STM32F4xx\\Include" "-IC:\\Dispenser\\Dispenser\\Startup\\Middlewares\\Third_Party\\FreeRTOS\\Source\\portable\\GCC\\ARM_CM4F" "-IC:\\Dispenser\\Dispenser\\Startup\\Middlewares\\Third_Party\\FreeRTOS\\Source\\CMSIS_RTOS" "-IC:\\Dispenser\\Dispenser\\Startup\\Inc" "-IC:\\Dispenser\\Dispenser\\Startup\\Drivers\\BSP\\Components\\Common" "-IC:\\Dispenser\\Dispenser\\Startup\\Drivers\\BSP\\Components\\ili9341" "-IC:\\Dispenser\\Dispenser\\Startup\\Drivers\\BSP\\Components\\L6470" "-IC:\\Dispenser\\Dispenser\\Startup\\Drivers\\BSP\\Components\\stmpe811" "-IC:\\Dispenser\\Dispenser\\Startup\\Drivers\\BSP\\STM32F429I-Discovery" "-IC:\\Dispenser\\Dispenser\\Startup\\Drivers\\CMSIS\\Include" "-IC:\\Dispenser\\Dispenser\\Startup\\Drivers\\STM32F4xx_HAL_Driver\\Inc" -Os -Wall -fmessage-length=0 -ffunction-sections -fdata-sections -c -o "Startup\\Drivers\\STM32F4xx_HAL_Driver\\Src\\stm32f4xx_hal_gpio.o" "..\\Startup\\Drivers\\STM32F4xx_HAL_Driver\\Src\\stm32f4xx_hal_gpio.c" 
arm-none-eabi-gcc -mcpu=cortex-m4 -mthumb -mfloat-abi=hard -mfpu=fpv4-sp-d16 -DSTM32 -DSTM32F4 -DSTM32F429ZITx -DSTM32F429I_DISC1 -DDEBUG "-IC:\\Dispenser\\Dispenser\\Startup\\Middlewares\\Third_Party\\FreeRTOS\\Source\\include" "-IC:\\Dispenser\\Dispenser\\Startup\\Drivers\\CMSIS\\Device\\ST\\STM32F4xx\\Include" "-IC:\\Dispenser\\Dispenser\\Startup\\Middlewares\\Third_Party\\FreeRTOS\\Source\\portable\\GCC\\ARM_CM4F" "-IC:\\Dispenser\\Dispenser\\Startup\\Middlewares\\Third_Party\\FreeRTOS\\Source\\CMSIS_RTOS" "-IC:\\Dispenser\\Dispenser\\Startup\\Inc" "-IC:\\Dispenser\\Dispenser\\Startup\\Drivers\\BSP\\Components\\Common" "-IC:\\Dispenser\\Dispenser\\Startup\\Drivers\\BSP\\Components\\ili9341" "-IC:\\Dispenser\\Dispenser\\Startup\\Drivers\\BSP\\Components\\L6470" "-IC:\\Dispenser\\Dispenser\\Startup\\Drivers\\BSP\\Components\\stmpe811" "-IC:\\Dispenser\\Dispenser\\Startup\\Drivers\\BSP\\STM32F429I-Discovery" "-IC:\\Dispenser\\Dispenser\\Startup\\Drivers\\CMSIS\\Include" "-IC:\\Dispenser\\Dispenser\\Startup\\Drivers\\STM32F4xx_HAL_Driver\\Inc" -Os -Wall -fmessage-length=0 -ffunction-sections -fdata-sections -c -o "Startup\\Drivers\\STM32F4xx_HAL_Driver\\Src\\stm32f4xx_hal_ltdc_ex.o" "..\\Startup\\Drivers\\STM32F4xx_HAL_Driver\\Src\\stm32f4xx_hal_ltdc_ex.c" 
arm-none-eabi-gcc -mcpu=cortex-m4 -mthumb -mfloat-abi=hard -mfpu=fpv4-sp-d16 -specs=nano.specs -u _printf_float -specs=rdimon.specs -lc -lrdimon "-TC:\\Dispenser\\Dispenser\\STM32F429ZITx_FLASH.ld" -Wl,-Map=output.map -Wl,--gc-sections -lm -o Dispenser.elf "Startup\\Drivers\\BSP\\Components\\L6470\\L6470.o" "Startup\\Drivers\\BSP\\Components\\ili9341\\ili9341.o" "Startup\\Drivers\\BSP\\Components\\stmpe811\\stmpe811.o" "Startup\\Drivers\\BSP\\STM32F429I-Discovery\\stm32f429i_discovery.o" "Startup\\Drivers\\BSP\\STM32F429I-Discovery\\stm32f429i_discovery_io.o" "Startup\\Drivers\\BSP\\STM32F429I-Discovery\\stm32f429i_discovery_lcd.o" "Startup\\Drivers\\BSP\\STM32F429I-Discovery\\stm32f429i_discovery_sdram.o" "Startup\\Drivers\\BSP\\STM32F429I-Discovery\\stm32f429i_discovery_ts.o" "Startup\\Drivers\\STM32F4xx_HAL_Driver\\Src\\stm32f4xx_hal.o" "Startup\\Drivers\\STM32F4xx_HAL_Driver\\Src\\stm32f4xx_hal_cortex.o" "Startup\\Drivers\\STM32F4xx_HAL_Driver\\Src\\stm32f4xx_hal_dma.o" "Startup\\Drivers\\STM32F4xx_HAL_Driver\\Src\\stm32f4xx_hal_dma2d.o" "Startup\\Drivers\\STM32F4xx_HAL_Driver\\Src\\stm32f4xx_hal_dma_ex.o" "Startup\\Drivers\\STM32F4xx_HAL_Driver\\Src\\stm32f4xx_hal_dsi.o" "Startup\\Drivers\\STM32F4xx_HAL_Driver\\Src\\stm32f4xx_hal_flash.o" "Startup\\Drivers\\STM32F4xx_HAL_Driver\\Src\\stm32f4xx_hal_flash_ex.o" "Startup\\Drivers\\STM32F4xx_HAL_Driver\\Src\\stm32f4xx_hal_flash_ramfunc.o" "Startup\\Drivers\\STM32F4xx_HAL_Driver\\Src\\stm32f4xx_hal_gpio.o" "Startup\\Drivers\\STM32F4xx_HAL_Driver\\Src\\stm32f4xx_hal_hcd.o" "Startup\\Drivers\\STM32F4xx_HAL_Driver\\Src\\stm32f4xx_hal_i2c.o" "Startup\\Drivers\\STM32F4xx_HAL_Driver\\Src\\stm32f4xx_hal_i2c_ex.o" "Startup\\Drivers\\STM32F4xx_HAL_Driver\\Src\\stm32f4xx_hal_ltdc.o" "Startup\\Drivers\\STM32F4xx_HAL_Driver\\Src\\stm32f4xx_hal_ltdc_ex.o" "Startup\\Drivers\\STM32F4xx_HAL_Driver\\Src\\stm32f4xx_hal_pwr.o" "Startup\\Drivers\\STM32F4xx_HAL_Driver\\Src\\stm32f4xx_hal_pwr_ex.o" "Startup\\Drivers\\STM32F4xx_HAL_Driver\\Src\\stm32f4xx_hal_rcc.o" "Startup\\Drivers\\STM32F4xx_HAL_Driver\\Src\\stm32f4xx_hal_rcc_ex.o" "Startup\\Drivers\\STM32F4xx_HAL_Driver\\Src\\stm32f4xx_hal_sdram.o" "Startup\\Drivers\\STM32F4xx_HAL_Driver\\Src\\stm32f4xx_hal_spi.o" "Startup\\Drivers\\STM32F4xx_HAL_Driver\\Src\\stm32f4xx_hal_tim.o" "Startup\\Drivers\\STM32F4xx_HAL_Driver\\Src\\stm32f4xx_hal_tim_ex.o" "Startup\\Drivers\\STM32F4xx_HAL_Driver\\Src\\stm32f4xx_hal_uart.o" "Startup\\Drivers\\STM32F4xx_HAL_Driver\\Src\\stm32f4xx_ll_fmc.o" "Startup\\Drivers\\STM32F4xx_HAL_Driver\\Src\\stm32f4xx_ll_usb.o" "Startup\\Middlewares\\Third_Party\\FreeRTOS\\Source\\CMSIS_RTOS\\cmsis_os.o" "Startup\\Middlewares\\Third_Party\\FreeRTOS\\Source\\croutine.o" "Startup\\Middlewares\\Third_Party\\FreeRTOS\\Source\\event_groups.o" "Startup\\Middlewares\\Third_Party\\FreeRTOS\\Source\\list.o" "Startup\\Middlewares\\Third_Party\\FreeRTOS\\Source\\portable\\GCC\\ARM_CM4F\\port.o" "Startup\\Middlewares\\Third_Party\\FreeRTOS\\Source\\portable\\MemMang\\heap_4.o" "Startup\\Middlewares\\Third_Party\\FreeRTOS\\Source\\queue.o" "Startup\\Middlewares\\Third_Party\\FreeRTOS\\Source\\tasks.o" "Startup\\Middlewares\\Third_Party\\FreeRTOS\\Source\\timers.o" "Startup\\Src\\freertos.o" "Startup\\Src\\gui.o" "Startup\\Src\\main.o" "Startup\\Src\\startup_stm32f429xx.o" "Startup\\Src\\stm32f4xx_it.o" "Startup\\Src\\system_stm32f4xx.o" "Startup\\Src\\ugui.o" 
arm-none-eabi-objcopy -O binary Dispenser.elf Dispenser.bin 
 arm-none-eabi-size Dispenser.elf 
   text	   data	    bss	    dec	    hex	filename
  54696	    596	  19972	  75264	  12600	Dispenser.elf
Info: Nothing to build for Dispenser
20:27:04 **** Incremental Build of configuration Debug for project Dispenser ****
Info: Internal Builder is used for build
arm-none-eabi-gcc -mcpu=cortex-m4 -mthumb -mfloat-abi=hard -mfpu=fpv4-sp-d16 -DSTM32 -DSTM32F4 -DSTM32F429ZITx -DSTM32F429I_DISC1 -DDEBUG "-IC:\\Dispenser\\Dispenser\\Startup\\Middlewares\\Third_Party\\FreeRTOS\\Source\\include" "-IC:\\Dispenser\\Dispenser\\Startup\\Drivers\\CMSIS\\Device\\ST\\STM32F4xx\\Include" "-IC:\\Dispenser\\Dispenser\\Startup\\Middlewares\\Third_Party\\FreeRTOS\\Source\\portable\\GCC\\ARM_CM4F" "-IC:\\Dispenser\\Dispenser\\Startup\\Middlewares\\Third_Party\\FreeRTOS\\Source\\CMSIS_RTOS" "-IC:\\Dispenser\\Dispenser\\Startup\\Inc" "-IC:\\Dispenser\\Dispenser\\Startup\\Drivers\\BSP\\Components\\Common" "-IC:\\Dispenser\\Dispenser\\Startup\\Drivers\\BSP\\Components\\ili9341" "-IC:\\Dispenser\\Dispenser\\Startup\\Drivers\\BSP\\Components\\L6470" "-IC:\\Dispenser\\Dispenser\\Startup\\Drivers\\BSP\\Components\\stmpe811" "-IC:\\Dispenser\\Dispenser\\Startup\\Drivers\\BSP\\STM32F429I-Discovery" "-IC:\\Dispenser\\Dispenser\\Startup\\Drivers\\CMSIS\\Include" "-IC:\\Dispenser\\Dispenser\\Startup\\Drivers\\STM32F4xx_HAL_Driver\\Inc" -Os -Wall -fmessage-length=0 -ffunction-sections -fdata-sections -c -o "Startup\\Src\\main.o" "..\\Startup\\Src\\main.c" 
[...]
arm-none-eabi-gcc -mcpu=cortex-m4 -mthumb -mfloat-abi=hard -mfpu=fpv4-sp-d16 -DSTM32 -DSTM32F4 -DSTM32F429ZITx -DSTM32F429I_DISC1 -DDEBUG "-IC:\\Dispenser\\Dispenser\\Startup\\Middlewares\\Third_Party\\FreeRTOS\\Source\\include" "-IC:\\Dispenser\\Dispenser\\Startup\\Drivers\\CMSIS\\Device\\ST\\STM32F4xx\\Include" "-IC:\\Dispenser\\Dispenser\\Startup\\Middlewares\\Third_Party\\FreeRTOS\\Source\\portable\\GCC\\ARM_CM4F" "-IC:\\Dispenser\\Dispenser\\Startup\\Middlewares\\Third_Party\\FreeRTOS\\Source\\CMSIS_RTOS" "-IC:\\Dispenser\\Dispenser\\Startup\\Inc" "-IC:\\Dispenser\\Dispenser\\Startup\\Drivers\\BSP\\Components\\Common" "-IC:\\Dispenser\\Dispenser\\Startup\\Drivers\\BSP\\Components\\ili9341" "-IC:\\Dispenser\\Dispenser\\Startup\\Drivers\\BSP\\Components\\L6470" "-IC:\\Dispenser\\Dispenser\\Startup\\Drivers\\BSP\\Components\\stmpe811" "-IC:\\Dispenser\\Dispenser\\Startup\\Drivers\\BSP\\STM32F429I-Discovery" "-IC:\\Dispenser\\Dispenser\\Startup\\Drivers\\CMSIS\\Include" "-IC:\\Dispenser\\Dispenser\\Startup\\Drivers\\STM32F4xx_HAL_Driver\\Inc" -Os -Wall -fmessage-length=0 -ffunction-sections -fdata-sections -c -o "Startup\\Drivers\\STM32F4xx_HAL_Driver\\Src\\stm32f4xx_hal_ltdc.o" "..\\Startup\\Drivers\\STM32F4xx_HAL_Driver\\Src\\stm32f4xx_hal_ltdc.c" 
arm-none-eabi-gcc -mcpu=cortex-m4 -mthumb -mfloat-abi=hard -mfpu=fpv4-sp-d16 -DSTM32 -DSTM32F4 -DSTM32F429ZITx -DSTM32F429I_DISC1 -DDEBUG "-IC:\\Dispenser\\Dispenser\\Startup\\Middlewares\\Third_Party\\FreeRTOS\\Source\\include" "-IC:\\Dispenser\\Dispenser\\Startup\\Drivers\\CMSIS\\Device\\ST\\STM32F4xx\\Include" "-IC:\\Dispenser\\Dispenser\\Startup\\Middlewares\\Third_Party\\FreeRTOS\\Source\\portable\\GCC\\ARM_CM4F" "-IC:\\Dispenser\\Dispenser\\Startup\\Middlewares\\Third_Party\\FreeRTOS\\Source\\CMSIS_RTOS" "-IC:\\Dispenser\\Dispenser\\Startup\\Inc" "-IC:\\Dispenser\\Dispenser\\Startup\\Drivers\\BSP\\Components\\Common" "-IC:\\Dispenser\\Dispenser\\Startup\\Drivers\\BSP\\Components\\ili9341" "-IC:\\Dispenser\\Dispenser\\Startup\\Drivers\\BSP\\Components\\L6470" "-IC:\\Dispenser\\Dispenser\\Startup\\Drivers\\BSP\\Components\\stmpe811" "-IC:\\Dispenser\\Dispenser\\Startup\\Drivers\\BSP\\STM32F429I-Discovery" "-IC:\\Dispenser\\Dispenser\\Startup\\Drivers\\CMSIS\\Include" "-IC:\\Dispenser\\Dispenser\\Startup\\Drivers\\STM32F4xx_HAL_Driver\\Inc" -Os -Wall -fmessage-length=0 -ffunction-sections -fdata-sections -c -o "Startup\\Middlewares\\Third_Party\\FreeRTOS\\Source\\portable\\MemMang\\heap_4.o" "..\\Startup\\Middlewares\\Third_Party\\FreeRTOS\\Source\\portable\\MemMang\\heap_4.c" 
arm-none-eabi-gcc -mcpu=cortex-m4 -mthumb -mfloat-abi=hard -mfpu=fpv4-sp-d16 -DSTM32 -DSTM32F4 -DSTM32F429ZITx -DSTM32F429I_DISC1 -DDEBUG "-IC:\\Dispenser\\Dispenser\\Startup\\Middlewares\\Third_Party\\FreeRTOS\\Source\\include" "-IC:\\Dispenser\\Dispenser\\Startup\\Drivers\\CMSIS\\Device\\ST\\STM32F4xx\\Include" "-IC:\\Dispenser\\Dispenser\\Startup\\Middlewares\\Third_Party\\FreeRTOS\\Source\\portable\\GCC\\ARM_CM4F" "-IC:\\Dispenser\\Dispenser\\Startup\\Middlewares\\Third_Party\\FreeRTOS\\Source\\CMSIS_RTOS" "-IC:\\Dispenser\\Dispenser\\Startup\\Inc" "-IC:\\Dispenser\\Dispenser\\Startup\\Drivers\\BSP\\Components\\Common" "-IC:\\Dispenser\\Dispenser\\Startup\\Drivers\\BSP\\Components\\ili9341" "-IC:\\Dispenser\\Dispenser\\Startup\\Drivers\\BSP\\Components\\L6470" "-IC:\\Dispenser\\Dispenser\\Startup\\Drivers\\BSP\\Components\\stmpe811" "-IC:\\Dispenser\\Dispenser\\Startup\\Drivers\\BSP\\STM32F429I-Discovery" "-IC:\\Dispenser\\Dispenser\\Startup\\Drivers\\CMSIS\\Include" "-IC:\\Dispenser\\Dispenser\\Startup\\Drivers\\STM32F4xx_HAL_Driver\\Inc" -Os -Wall -fmessage-length=0 -ffunction-sections -fdata-sections -c -o "Startup\\Drivers\\STM32F4xx_HAL_Driver\\Src\\stm32f4xx_hal_ltdc_ex.o" "..\\Startup\\Drivers\\STM32F4xx_HAL_Driver\\Src\\stm32f4xx_hal_ltdc_ex.c" 
arm-none-eabi-gcc -mcpu=cortex-m4 -mthumb -mfloat-abi=hard -mfpu=fpv4-sp-d16 -DSTM32 -DSTM32F4 -DSTM32F429ZITx -DSTM32F429I_DISC1 -DDEBUG "-IC:\\Dispenser\\Dispenser\\Startup\\Middlewares\\Third_Party\\FreeRTOS\\Source\\include" "-IC:\\Dispenser\\Dispenser\\Startup\\Drivers\\CMSIS\\Device\\ST\\STM32F4xx\\Include" "-IC:\\Dispenser\\Dispenser\\Startup\\Middlewares\\Third_Party\\FreeRTOS\\Source\\portable\\GCC\\ARM_CM4F" "-IC:\\Dispenser\\Dispenser\\Startup\\Middlewares\\Third_Party\\FreeRTOS\\Source\\CMSIS_RTOS" "-IC:\\Dispenser\\Dispenser\\Startup\\Inc" "-IC:\\Dispenser\\Dispenser\\Startup\\Drivers\\BSP\\Components\\Common" "-IC:\\Dispenser\\Dispenser\\Startup\\Drivers\\BSP\\Components\\ili9341" "-IC:\\Dispenser\\Dispenser\\Startup\\Drivers\\BSP\\Components\\L6470" "-IC:\\Dispenser\\Dispenser\\Startup\\Drivers\\BSP\\Components\\stmpe811" "-IC:\\Dispenser\\Dispenser\\Startup\\Drivers\\BSP\\STM32F429I-Discovery" "-IC:\\Dispenser\\Dispenser\\Startup\\Drivers\\CMSIS\\Include" "-IC:\\Dispenser\\Dispenser\\Startup\\Drivers\\STM32F4xx_HAL_Driver\\Inc" -Os -Wall -fmessage-length=0 -ffunction-sections -fdata-sections -c -o "Startup\\Drivers\\STM32F4xx_HAL_Driver\\Src\\stm32f4xx_hal_pwr.o" "..\\Startup\\Drivers\\STM32F4xx_HAL_Driver\\Src\\stm32f4xx_hal_pwr.c" 
arm-none-eabi-gcc -mcpu=cortex-m4 -mthumb -mfloat-abi=hard -mfpu=fpv4-sp-d16 -DSTM32 -DSTM32F4 -DSTM32F429ZITx -DSTM32F429I_DISC1 -DDEBUG "-IC:\\Dispenser\\Dispenser\\Startup\\Middlewares\\Third_Party\\FreeRTOS\\Source\\include" "-IC:\\Dispenser\\Dispenser\\Startup\\Drivers\\CMSIS\\Device\\ST\\STM32F4xx\\Include" "-IC:\\Dispenser\\Dispenser\\Startup\\Middlewares\\Third_Party\\FreeRTOS\\Source\\portable\\GCC\\ARM_CM4F" "-IC:\\Dispenser\\Dispenser\\Startup\\Middlewares\\Third_Party\\FreeRTOS\\Source\\CMSIS_RTOS" "-IC:\\Dispenser\\Dispenser\\Startup\\Inc" "-IC:\\Dispenser\\Dispenser\\Startup\\Drivers\\BSP\\Components\\Common" "-IC:\\Dispenser\\Dispenser\\Startup\\Drivers\\BSP\\Components\\ili9341" "-IC:\\Dispenser\\Dispenser\\Startup\\Drivers\\BSP\\Components\\L6470" "-IC:\\Dispenser\\Dispenser\\Startup\\Drivers\\BSP\\Components\\stmpe811" "-IC:\\Dispenser\\Dispenser\\Startup\\Drivers\\BSP\\STM32F429I-Discovery" "-IC:\\Dispenser\\Dispenser\\Startup\\Drivers\\CMSIS\\Include" "-IC:\\Dispenser\\Dispenser\\Startup\\Drivers\\STM32F4xx_HAL_Driver\\Inc" -Os -Wall -fmessage-length=0 -ffunction-sections -fdata-sections -c -o "Startup\\Drivers\\STM32F4xx_HAL_Driver\\Src\\stm32f4xx_hal_sdram.o" "..\\Startup\\Drivers\\STM32F4xx_HAL_Driver\\Src\\stm32f4xx_hal_sdram.c" 
arm-none-eabi-gcc -mcpu=cortex-m4 -mthumb -mfloat-abi=hard -mfpu=fpv4-sp-d16 -DSTM32 -DSTM32F4 -DSTM32F429ZITx -DSTM32F429I_DISC1 -DDEBUG "-IC:\\Dispenser\\Dispenser\\Startup\\Middlewares\\Third_Party\\FreeRTOS\\Source\\include" "-IC:\\Dispenser\\Dispenser\\Startup\\Drivers\\CMSIS\\Device\\ST\\STM32F4xx\\Include" "-IC:\\Dispenser\\Dispenser\\Startup\\Middlewares\\Third_Party\\FreeRTOS\\Source\\portable\\GCC\\ARM_CM4F" "-IC:\\Dispenser\\Dispenser\\Startup\\Middlewares\\Third_Party\\FreeRTOS\\Source\\CMSIS_RTOS" "-IC:\\Dispenser\\Dispenser\\Startup\\Inc" "-IC:\\Dispenser\\Dispenser\\Startup\\Drivers\\BSP\\Components\\Common" "-IC:\\Dispenser\\Dispenser\\Startup\\Drivers\\BSP\\Components\\ili9341" "-IC:\\Dispenser\\Dispenser\\Startup\\Drivers\\BSP\\Components\\L6470" "-IC:\\Dispenser\\Dispenser\\Startup\\Drivers\\BSP\\Components\\stmpe811" "-IC:\\Dispenser\\Dispenser\\Startup\\Drivers\\BSP\\STM32F429I-Discovery" "-IC:\\Dispenser\\Dispenser\\Startup\\Drivers\\CMSIS\\Include" "-IC:\\Dispenser\\Dispenser\\Startup\\Drivers\\STM32F4xx_HAL_Driver\\Inc" -Os -Wall -fmessage-length=0 -ffunction-sections -fdata-sections -c -o "Startup\\Src\\ugui.o" "..\\Startup\\Src\\ugui.c" 
arm-none-eabi-gcc -mcpu=cortex-m4 -mthumb -mfloat-abi=hard -mfpu=fpv4-sp-d16 -DSTM32 -DSTM32F4 -DSTM32F429ZITx -DSTM32F429I_DISC1 -DDEBUG "-IC:\\Dispenser\\Dispenser\\Startup\\Middlewares\\Third_Party\\FreeRTOS\\Source\\include" "-IC:\\Dispenser\\Dispenser\\Startup\\Drivers\\CMSIS\\Device\\ST\\STM32F4xx\\Include" "-IC:\\Dispenser\\Dispenser\\Startup\\Middlewares\\Third_Party\\FreeRTOS\\Source\\portable\\GCC\\ARM_CM4F" "-IC:\\Dispenser\\Dispenser\\Startup\\Middlewares\\Third_Party\\FreeRTOS\\Source\\CMSIS_RTOS" "-IC:\\Dispenser\\Dispenser\\Startup\\Inc" "-IC:\\Dispenser\\Dispenser\\Startup\\Drivers\\BSP\\Components\\Common" "-IC:\\Dispenser\\Dispenser\\Startup\\Drivers\\BSP\\Components\\ili9341" "-IC:\\Dispenser\\Dispenser\\Startup\\Drivers\\BSP\\Components\\L6470" "-IC:\\Dispenser\\Dispenser\\Startup\\Drivers\\BSP\\Components\\stmpe811" "-IC:\\Dispenser\\Dispenser\\Startup\\Drivers\\BSP\\STM32F429I-Discovery" "-IC:\\Dispenser\\Dispenser\\Startup\\Drivers\\CMSIS\\Include" "-IC:\\Dispenser\\Dispenser\\Startup\\Drivers\\STM32F4xx_HAL_Driver\\Inc" -Os -Wall -fmessage-length=0 -ffunction-sections -fdata-sections -c -o "Startup\\Middlewares\\Third_Party\\FreeRTOS\\Source\\timers.o" "..\\Startup\\Middlewares\\Third_Party\\FreeRTOS\\Source\\timers.c" 
arm-none-eabi-gcc -mcpu=cortex-m4 -mthumb -mfloat-abi=hard -mfpu=fpv4-sp-d16 -DSTM32 -DSTM32F4 -DSTM32F429ZITx -DSTM32F429I_DISC1 -DDEBUG "-IC:\\Dispenser\\Dispenser\\Startup\\Middlewares\\Third_Party\\FreeRTOS\\Source\\include" "-IC:\\Dispenser\\Dispenser\\Startup\\Drivers\\CMSIS\\Device\\ST\\STM32F4xx\\Include" "-IC:\\Dispenser\\Dispenser\\Startup\\Middlewares\\Third_Party\\FreeRTOS\\Source\\portable\\GCC\\ARM_CM4F" "-IC:\\Dispenser\\Dispenser\\Startup\\Middlewares\\Third_Party\\FreeRTOS\\Source\\CMSIS_RTOS" "-IC:\\Dispenser\\Dispenser\\Startup\\Inc" "-IC:\\Dispenser\\Dispenser\\Startup\\Drivers\\BSP\\Components\\Common" "-IC:\\Dispenser\\Dispenser\\Startup\\Drivers\\BSP\\Components\\ili9341" "-IC:\\Dispenser\\Dispenser\\Startup\\Drivers\\BSP\\Components\\L6470" "-IC:\\Dispenser\\Dispenser\\Startup\\Drivers\\BSP\\Components\\stmpe811" "-IC:\\Dispenser\\Dispenser\\Startup\\Drivers\\BSP\\STM32F429I-Discovery" "-IC:\\Dispenser\\Dispenser\\Startup\\Drivers\\CMSIS\\Include" "-IC:\\Dispenser\\Dispenser\\Startup\\Drivers\\STM32F4xx_HAL_Driver\\Inc" -Os -Wall -fmessage-length=0 -ffunction-sections -fdata-sections -c -o "Startup\\Middlewares\\Third_Party\\FreeRTOS\\Source\\portable\\GCC\\ARM_CM4F\\port.o" "..\\Startup\\Middlewares\\Third_Party\\FreeRTOS\\Source\\portable\\GCC\\ARM_CM4F\\port.c" 
arm-none-eabi-gcc -mcpu=cortex-m4 -mthumb -mfloat-abi=hard -mfpu=fpv4-sp-d16 -specs=nano.specs -u _printf_float -specs=rdimon.specs -lc -lrdimon "-TC:\\Dispenser\\Dispenser\\STM32F429ZITx_FLASH.ld" -Wl,-Map=output.map -Wl,--gc-sections -lm -o Dispenser.elf "Startup\\Drivers\\BSP\\Components\\L6470\\L6470.o" "Startup\\Drivers\\BSP\\Components\\ili9341\\ili9341.o" "Startup\\Drivers\\BSP\\Components\\stmpe811\\stmpe811.o" "Startup\\Drivers\\BSP\\STM32F429I-Discovery\\stm32f429i_discovery.o" "Startup\\Drivers\\BSP\\STM32F429I-Discovery\\stm32f429i_discovery_io.o" "Startup\\Drivers\\BSP\\STM32F429I-Discovery\\stm32f429i_discovery_lcd.o" "Startup\\Drivers\\BSP\\STM32F429I-Discovery\\stm32f429i_discovery_sdram.o" "Startup\\Drivers\\BSP\\STM32F429I-Discovery\\stm32f429i_discovery_ts.o" "Startup\\Drivers\\STM32F4xx_HAL_Driver\\Src\\stm32f4xx_hal.o" "Startup\\Drivers\\STM32F4xx_HAL_Driver\\Src\\stm32f4xx_hal_cortex.o" "Startup\\Drivers\\STM32F4xx_HAL_Driver\\Src\\stm32f4xx_hal_dma.o" "Startup\\Drivers\\STM32F4xx_HAL_Driver\\Src\\stm32f4xx_hal_dma2d.o" "Startup\\Drivers\\STM32F4xx_HAL_Driver\\Src\\stm32f4xx_hal_dma_ex.o" "Startup\\Drivers\\STM32F4xx_HAL_Driver\\Src\\stm32f4xx_hal_dsi.o" "Startup\\Drivers\\STM32F4xx_HAL_Driver\\Src\\stm32f4xx_hal_flash.o" "Startup\\Drivers\\STM32F4xx_HAL_Driver\\Src\\stm32f4xx_hal_flash_ex.o" "Startup\\Drivers\\STM32F4xx_HAL_Driver\\Src\\stm32f4xx_hal_flash_ramfunc.o" "Startup\\Drivers\\STM32F4xx_HAL_Driver\\Src\\stm32f4xx_hal_gpio.o" "Startup\\Drivers\\STM32F4xx_HAL_Driver\\Src\\stm32f4xx_hal_hcd.o" "Startup\\Drivers\\STM32F4xx_HAL_Driver\\Src\\stm32f4xx_hal_i2c.o" "Startup\\Drivers\\STM32F4xx_HAL_Driver\\Src\\stm32f4xx_hal_i2c_ex.o" "Startup\\Drivers\\STM32F4xx_HAL_Driver\\Src\\stm32f4xx_hal_ltdc.o" "Startup\\Drivers\\STM32F4xx_HAL_Driver\\Src\\stm32f4xx_hal_ltdc_ex.o" "Startup\\Drivers\\STM32F4xx_HAL_Driver\\Src\\stm32f4xx_hal_pwr.o" "Startup\\Drivers\\STM32F4xx_HAL_Driver\\Src\\stm32f4xx_hal_pwr_ex.o" "Startup\\Drivers\\STM32F4xx_HAL_Driver\\Src\\stm32f4xx_hal_rcc.o" "Startup\\Drivers\\STM32F4xx_HAL_Driver\\Src\\stm32f4xx_hal_rcc_ex.o" "Startup\\Drivers\\STM32F4xx_HAL_Driver\\Src\\stm32f4xx_hal_sdram.o" "Startup\\Drivers\\STM32F4xx_HAL_Driver\\Src\\stm32f4xx_hal_spi.o" "Startup\\Drivers\\STM32F4xx_HAL_Driver\\Src\\stm32f4xx_hal_tim.o" "Startup\\Drivers\\STM32F4xx_HAL_Driver\\Src\\stm32f4xx_hal_tim_ex.o" "Startup\\Drivers\\STM32F4xx_HAL_Driver\\Src\\stm32f4xx_hal_uart.o" "Startup\\Drivers\\STM32F4xx_HAL_Driver\\Src\\stm32f4xx_ll_fmc.o" "Startup\\Drivers\\STM32F4xx_HAL_Driver\\Src\\stm32f4xx_ll_usb.o" "Startup\\Middlewares\\Third_Party\\FreeRTOS\\Source\\CMSIS_RTOS\\cmsis_os.o" "Startup\\Middlewares\\Third_Party\\FreeRTOS\\Source\\croutine.o" "Startup\\Middlewares\\Third_Party\\FreeRTOS\\Source\\event_groups.o" "Startup\\Middlewares\\Third_Party\\FreeRTOS\\Source\\list.o" "Startup\\Middlewares\\Third_Party\\FreeRTOS\\Source\\portable\\GCC\\ARM_CM4F\\port.o" "Startup\\Middlewares\\Third_Party\\FreeRTOS\\Source\\portable\\MemMang\\heap_4.o" "Startup\\Middlewares\\Third_Party\\FreeRTOS\\Source\\queue.o" "Startup\\Middlewares\\Third_Party\\FreeRTOS\\Source\\tasks.o" "Startup\\Middlewares\\Third_Party\\FreeRTOS\\Source\\timers.o" "Startup\\Src\\freertos.o" "Startup\\Src\\gui.o" "Startup\\Src\\main.o" "Startup\\Src\\startup_stm32f429xx.o" "Startup\\Src\\stm32f4xx_it.o" "Startup\\Src\\system_stm32f4xx.o" "Startup\\Src\\ugui.o" 
arm-none-eabi-objcopy -O binary Dispenser.elf Dispenser.bin 
 arm-none-eabi-size Dispenser.elf 
   text	   data	    bss	    dec	    hex	filename
  54904	    596	  19972	  75472	  126d0	Dispenser.elf
Info: Nothing to build for Dispenser
21:25:50 **** Incremental Build of configuration Debug for project Dispenser ****
Info: Internal Builder is used for build
arm-none-eabi-gcc -mcpu=cortex-m4 -mthumb -mfloat-abi=hard -mfpu=fpv4-sp-d16 -DSTM32 -DSTM32F4 -DSTM32F429ZITx -DSTM32F429I_DISC1 -DDEBUG "-IC:\\Dispenser\\Dispenser\\Startup\\Middlewares\\Third_Party\\FreeRTOS\\Source\\include" "-IC:\\Dispenser\\Dispenser\\Startup\\Drivers\\CMSIS\\Device\\ST\\STM32F4xx\\Include" "-IC:\\Dispenser\\Dispenser\\Startup\\Middlewares\\Third_Party\\FreeRTOS\\Source\\portable\\GCC\\ARM_CM4F" "-IC:\\Dispenser\\Dispenser\\Startup\\Middlewares\\Third_Party\\FreeRTOS\\Source\\CMSIS_RTOS" "-IC:\\Dispenser\\Dispenser\\Startup\\Inc" "-IC:\\Dispenser\\Dispenser\\Startup\\Drivers\\BSP\\Components\\Common" "-IC:\\Dispenser\\Dispenser\\Startup\\Drivers\\BSP\\Components\\ili9341" "-IC:\\Dispenser\\Dispenser\\Startup\\Drivers\\BSP\\Components\\L6470" "-IC:\\Dispenser\\Dispenser\\Startup\\Drivers\\BSP\\Components\\stmpe811" "-IC:\\Dispenser\\Dispenser\\Startup\\Drivers\\BSP\\STM32F429I-Discovery" "-IC:\\Dispenser\\Dispenser\\Startup\\Drivers\\CMSIS\\Include" "-IC:\\Dispenser\\Dispenser\\Startup\\Drivers\\STM32F4xx_HAL_Driver\\Inc" -Os -Wall -fmessage-length=0 -ffunction-sections -fdata-sections -c -o "Startup\\Src\\main.o" "..\\Startup\\Src\\main.c" 
arm-none-eabi-gcc -mcpu=cortex-m4 -mthumb -mfloat-abi=hard -mfpu=fpv4-sp-d16 -specs=nano.specs -u _printf_float -specs=rdimon.specs -lc -lrdimon "-TC:\\Dispenser\\Dispenser\\STM32F429ZITx_FLASH.ld" -Wl,-Map=output.map -Wl,--gc-sections -lm -o Dispenser.elf "Startup\\Drivers\\BSP\\Components\\L6470\\L6470.o" "Startup\\Drivers\\BSP\\Components\\ili9341\\ili9341.o" "Startup\\Drivers\\BSP\\Components\\stmpe811\\stmpe811.o" "Startup\\Drivers\\BSP\\STM32F429I-Discovery\\stm32f429i_discovery.o" "Startup\\Drivers\\BSP\\STM32F429I-Discovery\\stm32f429i_discovery_io.o" "Startup\\Drivers\\BSP\\STM32F429I-Discovery\\stm32f429i_discovery_lcd.o" "Startup\\Drivers\\BSP\\STM32F429I-Discovery\\stm32f429i_discovery_sdram.o" "Startup\\Drivers\\BSP\\STM32F429I-Discovery\\stm32f429i_discovery_ts.o" "Startup\\Drivers\\STM32F4xx_HAL_Driver\\Src\\stm32f4xx_hal.o" "Startup\\Drivers\\STM32F4xx_HAL_Driver\\Src\\stm32f4xx_hal_cortex.o" "Startup\\Drivers\\STM32F4xx_HAL_Driver\\Src\\stm32f4xx_hal_dma.o" "Startup\\Drivers\\STM32F4xx_HAL_Driver\\Src\\stm32f4xx_hal_dma2d.o" "Startup\\Drivers\\STM32F4xx_HAL_Driver\\Src\\stm32f4xx_hal_dma_ex.o" "Startup\\Drivers\\STM32F4xx_HAL_Driver\\Src\\stm32f4xx_hal_dsi.o" "Startup\\Drivers\\STM32F4xx_HAL_Driver\\Src\\stm32f4xx_hal_flash.o" "Startup\\Drivers\\STM32F4xx_HAL_Driver\\Src\\stm32f4xx_hal_flash_ex.o" "Startup\\Drivers\\STM32F4xx_HAL_Driver\\Src\\stm32f4xx_hal_flash_ramfunc.o" "Startup\\Drivers\\STM32F4xx_HAL_Driver\\Src\\stm32f4xx_hal_gpio.o" "Startup\\Drivers\\STM32F4xx_HAL_Driver\\Src\\stm32f4xx_hal_hcd.o" "Startup\\Drivers\\STM32F4xx_HAL_Driver\\Src\\stm32f4xx_hal_i2c.o" "Startup\\Drivers\\STM32F4xx_HAL_Driver\\Src\\stm32f4xx_hal_i2c_ex.o" "Startup\\Drivers\\STM32F4xx_HAL_Driver\\Src\\stm32f4xx_hal_ltdc.o" "Startup\\Drivers\\STM32F4xx_HAL_Driver\\Src\\stm32f4xx_hal_ltdc_ex.o" "Startup\\Drivers\\STM32F4xx_HAL_Driver\\Src\\stm32f4xx_hal_pwr.o" "Startup\\Drivers\\STM32F4xx_HAL_Driver\\Src\\stm32f4xx_hal_pwr_ex.o" "Startup\\Drivers\\STM32F4xx_HAL_Driver\\Src\\stm32f4xx_hal_rcc.o" "Startup\\Drivers\\STM32F4xx_HAL_Driver\\Src\\stm32f4xx_hal_rcc_ex.o" "Startup\\Drivers\\STM32F4xx_HAL_Driver\\Src\\stm32f4xx_hal_sdram.o" "Startup\\Drivers\\STM32F4xx_HAL_Driver\\Src\\stm32f4xx_hal_spi.o" "Startup\\Drivers\\STM32F4xx_HAL_Driver\\Src\\stm32f4xx_hal_tim.o" "Startup\\Drivers\\STM32F4xx_HAL_Driver\\Src\\stm32f4xx_hal_tim_ex.o" "Startup\\Drivers\\STM32F4xx_HAL_Driver\\Src\\stm32f4xx_hal_uart.o" "Startup\\Drivers\\STM32F4xx_HAL_Driver\\Src\\stm32f4xx_ll_fmc.o" "Startup\\Drivers\\STM32F4xx_HAL_Driver\\Src\\stm32f4xx_ll_usb.o" "Startup\\Middlewares\\Third_Party\\FreeRTOS\\Source\\CMSIS_RTOS\\cmsis_os.o" "Startup\\Middlewares\\Third_Party\\FreeRTOS\\Source\\croutine.o" "Startup\\Middlewares\\Third_Party\\FreeRTOS\\Source\\event_groups.o" "Startup\\Middlewares\\Third_Party\\FreeRTOS\\Source\\list.o" "Startup\\Middlewares\\Third_Party\\FreeRTOS\\Source\\portable\\GCC\\ARM_CM4F\\port.o" "Startup\\Middlewares\\Third_Party\\FreeRTOS\\Source\\portable\\MemMang\\heap_4.o" "Startup\\Middlewares\\Third_Party\\FreeRTOS\\Source\\queue.o" "Startup\\Middlewares\\Third_Party\\FreeRTOS\\Source\\tasks.o" "Startup\\Middlewares\\Third_Party\\FreeRTOS\\Source\\timers.o" "Startup\\Src\\freertos.o" "Startup\\Src\\gui.o" "Startup\\Src\\main.o" "Startup\\Src\\startup_stm32f429xx.o" "Startup\\Src\\stm32f4xx_it.o" "Startup\\Src\\system_stm32f4xx.o" "Startup\\Src\\ugui.o" 
arm-none-eabi-objcopy -O binary Dispenser.elf Dispenser.bin 
 arm-none-eabi-size Dispenser.elf 
   text	   data	    bss	    dec	    hex	filename
  54948	    596	  19972	  75516	  126fc	Dispenser.elf
Info: Nothing to build for Dispenser
